[2026-05-25 03:27:10] local.INFO: User created for creator registration {"user_id":77,"email":"frferwefsdfds@gmail.com"} 
[2026-05-25 03:27:10] local.INFO: Creator profile created {"user_id":77,"creator_id":22} 
[2026-05-25 03:27:11] local.INFO: Creator registered successfully {"user_id":77,"creator_id":22,"email":"frferwefsdfds@gmail.com"} 
[2026-05-25 03:27:21] local.INFO: ParseBearerToken middleware invoked {"path":"/api/v2/campaign","method":"GET","has_auth_header":true,"auth_header_preview":"Bearer 177|DJtT6iZ6u6ytPjFzzNJ...","is_bearer":true} 
[2026-05-25 03:27:21] local.INFO: Extracted bearer token {"token_preview":"177|DJtT6i...","token_length":52} 
[2026-05-25 03:27:21] local.INFO: Found personal access token {"token_id":177,"user_id":77,"revoked":null} 
[2026-05-25 03:27:21] local.INFO: User authenticated via bearer token {"user_id":77,"user_email":"frferwefsdfds@gmail.com"} 
[2026-05-25 03:27:21] local.INFO: Returning campaigns for user {"user_id":77,"campaign_count":0,"statuses":[]} 
[2026-05-25 03:27:23] local.INFO: ParseBearerToken middleware invoked {"path":"/api/v2/campaign","method":"GET","has_auth_header":true,"auth_header_preview":"Bearer 177|DJtT6iZ6u6ytPjFzzNJ...","is_bearer":true} 
[2026-05-25 03:27:23] local.INFO: Extracted bearer token {"token_preview":"177|DJtT6i...","token_length":52} 
[2026-05-25 03:27:23] local.INFO: Found personal access token {"token_id":177,"user_id":77,"revoked":null} 
[2026-05-25 03:27:23] local.INFO: User authenticated via bearer token {"user_id":77,"user_email":"frferwefsdfds@gmail.com"} 
[2026-05-25 03:27:23] local.INFO: Returning campaigns for user {"user_id":77,"campaign_count":0,"statuses":[]} 
[2026-05-25 03:27:34] local.INFO: ParseBearerToken middleware invoked {"path":"/api/v2/campaign","method":"GET","has_auth_header":true,"auth_header_preview":"Bearer 177|DJtT6iZ6u6ytPjFzzNJ...","is_bearer":true} 
[2026-05-25 03:27:34] local.INFO: Extracted bearer token {"token_preview":"177|DJtT6i...","token_length":52} 
[2026-05-25 03:27:34] local.INFO: Found personal access token {"token_id":177,"user_id":77,"revoked":null} 
[2026-05-25 03:27:34] local.INFO: User authenticated via bearer token {"user_id":77,"user_email":"frferwefsdfds@gmail.com"} 
[2026-05-25 03:27:34] local.INFO: Returning campaigns for user {"user_id":77,"campaign_count":0,"statuses":[]} 
[2026-05-25 03:27:35] local.INFO: ParseBearerToken middleware invoked {"path":"/api/v2/campaign","method":"GET","has_auth_header":true,"auth_header_preview":"Bearer 177|DJtT6iZ6u6ytPjFzzNJ...","is_bearer":true} 
[2026-05-25 03:27:36] local.INFO: Extracted bearer token {"token_preview":"177|DJtT6i...","token_length":52} 
[2026-05-25 03:27:36] local.INFO: Found personal access token {"token_id":177,"user_id":77,"revoked":null} 
[2026-05-25 03:27:36] local.INFO: User authenticated via bearer token {"user_id":77,"user_email":"frferwefsdfds@gmail.com"} 
[2026-05-25 03:27:36] local.INFO: Returning campaigns for user {"user_id":77,"campaign_count":0,"statuses":[]} 
[2026-05-25 03:27:39] local.INFO: ParseBearerToken middleware invoked {"path":"/api/v2/campaign","method":"GET","has_auth_header":true,"auth_header_preview":"Bearer 177|DJtT6iZ6u6ytPjFzzNJ...","is_bearer":true} 
[2026-05-25 03:27:39] local.INFO: Extracted bearer token {"token_preview":"177|DJtT6i...","token_length":52} 
[2026-05-25 03:27:39] local.INFO: Found personal access token {"token_id":177,"user_id":77,"revoked":null} 
[2026-05-25 03:27:39] local.INFO: User authenticated via bearer token {"user_id":77,"user_email":"frferwefsdfds@gmail.com"} 
[2026-05-25 03:27:39] local.INFO: Returning campaigns for user {"user_id":77,"campaign_count":0,"statuses":[]} 
[2026-05-25 03:27:42] local.INFO: ParseBearerToken middleware invoked {"path":"/api/v2/campaign","method":"GET","has_auth_header":true,"auth_header_preview":"Bearer 177|DJtT6iZ6u6ytPjFzzNJ...","is_bearer":true} 
[2026-05-25 03:27:42] local.INFO: Extracted bearer token {"token_preview":"177|DJtT6i...","token_length":52} 
[2026-05-25 03:27:42] local.INFO: Found personal access token {"token_id":177,"user_id":77,"revoked":null} 
[2026-05-25 03:27:42] local.INFO: User authenticated via bearer token {"user_id":77,"user_email":"frferwefsdfds@gmail.com"} 
[2026-05-25 03:27:42] local.INFO: Returning campaigns for user {"user_id":77,"campaign_count":0,"statuses":[]} 
[2026-05-25 03:27:44] local.INFO: ParseBearerToken middleware invoked {"path":"/api/v2/campaign","method":"GET","has_auth_header":true,"auth_header_preview":"Bearer 177|DJtT6iZ6u6ytPjFzzNJ...","is_bearer":true} 
[2026-05-25 03:27:44] local.INFO: Extracted bearer token {"token_preview":"177|DJtT6i...","token_length":52} 
[2026-05-25 03:27:44] local.INFO: Found personal access token {"token_id":177,"user_id":77,"revoked":null} 
[2026-05-25 03:27:44] local.INFO: User authenticated via bearer token {"user_id":77,"user_email":"frferwefsdfds@gmail.com"} 
[2026-05-25 03:27:44] local.INFO: Returning campaigns for user {"user_id":77,"campaign_count":0,"statuses":[]} 
[2026-05-25 03:28:10] local.INFO: ParseBearerToken middleware invoked {"path":"/api/v2/campaign","method":"GET","has_auth_header":true,"auth_header_preview":"Bearer 177|DJtT6iZ6u6ytPjFzzNJ...","is_bearer":true} 
[2026-05-25 03:28:10] local.INFO: Extracted bearer token {"token_preview":"177|DJtT6i...","token_length":52} 
[2026-05-25 03:28:10] local.INFO: Found personal access token {"token_id":177,"user_id":77,"revoked":null} 
[2026-05-25 03:28:10] local.INFO: User authenticated via bearer token {"user_id":77,"user_email":"frferwefsdfds@gmail.com"} 
[2026-05-25 03:28:10] local.INFO: Returning campaigns for user {"user_id":77,"campaign_count":0,"statuses":[]} 
[2026-05-25 03:28:39] local.INFO: ParseBearerToken middleware invoked {"path":"/api/v2/campaign","method":"GET","has_auth_header":true,"auth_header_preview":"Bearer 177|DJtT6iZ6u6ytPjFzzNJ...","is_bearer":true} 
[2026-05-25 03:28:39] local.INFO: Extracted bearer token {"token_preview":"177|DJtT6i...","token_length":52} 
[2026-05-25 03:28:39] local.INFO: Found personal access token {"token_id":177,"user_id":77,"revoked":null} 
[2026-05-25 03:28:39] local.INFO: User authenticated via bearer token {"user_id":77,"user_email":"frferwefsdfds@gmail.com"} 
[2026-05-25 03:28:39] local.INFO: Returning campaigns for user {"user_id":77,"campaign_count":0,"statuses":[]} 
[2026-05-25 03:29:08] local.INFO: ParseBearerToken middleware invoked {"path":"/api/v2/campaign","method":"GET","has_auth_header":true,"auth_header_preview":"Bearer 177|DJtT6iZ6u6ytPjFzzNJ...","is_bearer":true} 
[2026-05-25 03:29:08] local.INFO: Extracted bearer token {"token_preview":"177|DJtT6i...","token_length":52} 
[2026-05-25 03:29:08] local.INFO: Found personal access token {"token_id":177,"user_id":77,"revoked":null} 
[2026-05-25 03:29:08] local.INFO: User authenticated via bearer token {"user_id":77,"user_email":"frferwefsdfds@gmail.com"} 
[2026-05-25 03:29:08] local.INFO: Returning campaigns for user {"user_id":77,"campaign_count":0,"statuses":[]} 
[2026-05-25 03:29:38] local.INFO: ParseBearerToken middleware invoked {"path":"/api/v2/campaign","method":"GET","has_auth_header":true,"auth_header_preview":"Bearer 177|DJtT6iZ6u6ytPjFzzNJ...","is_bearer":true} 
[2026-05-25 03:29:38] local.INFO: Extracted bearer token {"token_preview":"177|DJtT6i...","token_length":52} 
[2026-05-25 03:29:38] local.INFO: Found personal access token {"token_id":177,"user_id":77,"revoked":null} 
[2026-05-25 03:29:38] local.INFO: User authenticated via bearer token {"user_id":77,"user_email":"frferwefsdfds@gmail.com"} 
[2026-05-25 03:29:38] local.INFO: Returning campaigns for user {"user_id":77,"campaign_count":0,"statuses":[]} 
[2026-05-25 03:30:08] local.INFO: ParseBearerToken middleware invoked {"path":"/api/v2/campaign","method":"GET","has_auth_header":true,"auth_header_preview":"Bearer 177|DJtT6iZ6u6ytPjFzzNJ...","is_bearer":true} 
[2026-05-25 03:30:08] local.INFO: Extracted bearer token {"token_preview":"177|DJtT6i...","token_length":52} 
[2026-05-25 03:30:08] local.INFO: Found personal access token {"token_id":177,"user_id":77,"revoked":null} 
[2026-05-25 03:30:08] local.INFO: User authenticated via bearer token {"user_id":77,"user_email":"frferwefsdfds@gmail.com"} 
[2026-05-25 03:30:08] local.INFO: Returning campaigns for user {"user_id":77,"campaign_count":0,"statuses":[]} 
[2026-05-25 03:30:39] local.INFO: ParseBearerToken middleware invoked {"path":"/api/v2/campaign","method":"GET","has_auth_header":true,"auth_header_preview":"Bearer 177|DJtT6iZ6u6ytPjFzzNJ...","is_bearer":true} 
[2026-05-25 03:30:39] local.INFO: Extracted bearer token {"token_preview":"177|DJtT6i...","token_length":52} 
[2026-05-25 03:30:39] local.INFO: Found personal access token {"token_id":177,"user_id":77,"revoked":null} 
[2026-05-25 03:30:39] local.INFO: User authenticated via bearer token {"user_id":77,"user_email":"frferwefsdfds@gmail.com"} 
[2026-05-25 03:30:39] local.INFO: Returning campaigns for user {"user_id":77,"campaign_count":0,"statuses":[]} 
[2026-05-25 03:31:02] local.INFO: ParseBearerToken middleware invoked {"path":"/api/v2/campaign","method":"GET","has_auth_header":true,"auth_header_preview":"Bearer 177|DJtT6iZ6u6ytPjFzzNJ...","is_bearer":true} 
[2026-05-25 03:31:02] local.INFO: Extracted bearer token {"token_preview":"177|DJtT6i...","token_length":52} 
[2026-05-25 03:31:02] local.INFO: Found personal access token {"token_id":177,"user_id":77,"revoked":null} 
[2026-05-25 03:31:02] local.INFO: User authenticated via bearer token {"user_id":77,"user_email":"frferwefsdfds@gmail.com"} 
[2026-05-25 03:31:02] local.INFO: Returning campaigns for user {"user_id":77,"campaign_count":0,"statuses":[]} 
[2026-05-25 03:31:03] local.INFO: ParseBearerToken middleware invoked {"path":"/api/v2/campaign","method":"GET","has_auth_header":true,"auth_header_preview":"Bearer 177|DJtT6iZ6u6ytPjFzzNJ...","is_bearer":true} 
[2026-05-25 03:31:03] local.INFO: Extracted bearer token {"token_preview":"177|DJtT6i...","token_length":52} 
[2026-05-25 03:31:03] local.INFO: Found personal access token {"token_id":177,"user_id":77,"revoked":null} 
[2026-05-25 03:31:03] local.INFO: User authenticated via bearer token {"user_id":77,"user_email":"frferwefsdfds@gmail.com"} 
[2026-05-25 03:31:03] local.INFO: Returning campaigns for user {"user_id":77,"campaign_count":0,"statuses":[]} 
[2026-05-25 03:31:08] local.INFO: ParseBearerToken middleware invoked {"path":"/api/v2/analytics/creator","method":"GET","has_auth_header":true,"auth_header_preview":"Bearer 177|DJtT6iZ6u6ytPjFzzNJ...","is_bearer":true} 
[2026-05-25 03:31:08] local.INFO: Extracted bearer token {"token_preview":"177|DJtT6i...","token_length":52} 
[2026-05-25 03:31:08] local.INFO: Found personal access token {"token_id":177,"user_id":77,"revoked":null} 
[2026-05-25 03:31:08] local.INFO: User authenticated via bearer token {"user_id":77,"user_email":"frferwefsdfds@gmail.com"} 
[2026-05-25 03:31:09] local.INFO: ParseBearerToken middleware invoked {"path":"/api/v2/analytics/creator","method":"GET","has_auth_header":true,"auth_header_preview":"Bearer 177|DJtT6iZ6u6ytPjFzzNJ...","is_bearer":true} 
[2026-05-25 03:31:09] local.INFO: Extracted bearer token {"token_preview":"177|DJtT6i...","token_length":52} 
[2026-05-25 03:31:09] local.INFO: Found personal access token {"token_id":177,"user_id":77,"revoked":null} 
[2026-05-25 03:31:09] local.INFO: User authenticated via bearer token {"user_id":77,"user_email":"frferwefsdfds@gmail.com"} 
[2026-05-25 03:31:13] local.INFO: ParseBearerToken middleware invoked {"path":"/api/v2/creator/profile","method":"GET","has_auth_header":true,"auth_header_preview":"Bearer 177|DJtT6iZ6u6ytPjFzzNJ...","is_bearer":true} 
[2026-05-25 03:31:13] local.INFO: Extracted bearer token {"token_preview":"177|DJtT6i...","token_length":52} 
[2026-05-25 03:31:13] local.INFO: Found personal access token {"token_id":177,"user_id":77,"revoked":null} 
[2026-05-25 03:31:13] local.INFO: User authenticated via bearer token {"user_id":77,"user_email":"frferwefsdfds@gmail.com"} 
[2026-05-25 03:31:14] local.INFO: ParseBearerToken middleware invoked {"path":"/api/v2/creator/profile","method":"GET","has_auth_header":true,"auth_header_preview":"Bearer 177|DJtT6iZ6u6ytPjFzzNJ...","is_bearer":true} 
[2026-05-25 03:31:14] local.INFO: Extracted bearer token {"token_preview":"177|DJtT6i...","token_length":52} 
[2026-05-25 03:31:15] local.INFO: Found personal access token {"token_id":177,"user_id":77,"revoked":null} 
[2026-05-25 03:31:15] local.INFO: User authenticated via bearer token {"user_id":77,"user_email":"frferwefsdfds@gmail.com"} 
[2026-05-25 03:31:43] local.INFO: ParseBearerToken middleware invoked {"path":"/api/v2/creator/profile","method":"GET","has_auth_header":true,"auth_header_preview":"Bearer 177|DJtT6iZ6u6ytPjFzzNJ...","is_bearer":true} 
[2026-05-25 03:31:43] local.INFO: Extracted bearer token {"token_preview":"177|DJtT6i...","token_length":52} 
[2026-05-25 03:31:43] local.INFO: Found personal access token {"token_id":177,"user_id":77,"revoked":null} 
[2026-05-25 03:31:43] local.INFO: User authenticated via bearer token {"user_id":77,"user_email":"frferwefsdfds@gmail.com"} 
[2026-05-25 03:32:12] local.INFO: ParseBearerToken middleware invoked {"path":"/api/v2/campaign","method":"GET","has_auth_header":true,"auth_header_preview":"Bearer 177|DJtT6iZ6u6ytPjFzzNJ...","is_bearer":true} 
[2026-05-25 03:32:12] local.INFO: Extracted bearer token {"token_preview":"177|DJtT6i...","token_length":52} 
[2026-05-25 03:32:12] local.INFO: Found personal access token {"token_id":177,"user_id":77,"revoked":null} 
[2026-05-25 03:32:12] local.INFO: User authenticated via bearer token {"user_id":77,"user_email":"frferwefsdfds@gmail.com"} 
[2026-05-25 03:32:12] local.INFO: Returning campaigns for user {"user_id":77,"campaign_count":0,"statuses":[]} 
[2026-05-25 03:32:13] local.INFO: ParseBearerToken middleware invoked {"path":"/api/v2/campaign","method":"GET","has_auth_header":true,"auth_header_preview":"Bearer 177|DJtT6iZ6u6ytPjFzzNJ...","is_bearer":true} 
[2026-05-25 03:32:13] local.INFO: Extracted bearer token {"token_preview":"177|DJtT6i...","token_length":52} 
[2026-05-25 03:32:13] local.INFO: Found personal access token {"token_id":177,"user_id":77,"revoked":null} 
[2026-05-25 03:32:13] local.INFO: User authenticated via bearer token {"user_id":77,"user_email":"frferwefsdfds@gmail.com"} 
[2026-05-25 03:32:13] local.INFO: Returning campaigns for user {"user_id":77,"campaign_count":0,"statuses":[]} 
[2026-05-25 03:32:56] local.DEBUG: reCAPTCHA enabled: false  
[2026-05-25 03:32:57] local.DEBUG: reCAPTCHA enabled: false  
[2026-05-25 03:33:00] local.INFO: ParseBearerToken middleware invoked {"path":"/api/v2/campaign","method":"GET","has_auth_header":true,"auth_header_preview":"Bearer 178|jHU8WMms5K39X5sbl86...","is_bearer":true} 
[2026-05-25 03:33:00] local.INFO: Extracted bearer token {"token_preview":"178|jHU8WM...","token_length":52} 
[2026-05-25 03:33:00] local.INFO: Found personal access token {"token_id":178,"user_id":77,"revoked":null} 
[2026-05-25 03:33:00] local.INFO: User authenticated via bearer token {"user_id":77,"user_email":"frferwefsdfds@gmail.com"} 
[2026-05-25 03:33:00] local.INFO: Returning campaigns for user {"user_id":77,"campaign_count":0,"statuses":[]} 
[2026-05-25 03:33:02] local.INFO: ParseBearerToken middleware invoked {"path":"/api/v2/campaign","method":"GET","has_auth_header":true,"auth_header_preview":"Bearer 178|jHU8WMms5K39X5sbl86...","is_bearer":true} 
[2026-05-25 03:33:02] local.INFO: Extracted bearer token {"token_preview":"178|jHU8WM...","token_length":52} 
[2026-05-25 03:33:02] local.INFO: Found personal access token {"token_id":178,"user_id":77,"revoked":null} 
[2026-05-25 03:33:02] local.INFO: User authenticated via bearer token {"user_id":77,"user_email":"frferwefsdfds@gmail.com"} 
[2026-05-25 03:33:02] local.INFO: Returning campaigns for user {"user_id":77,"campaign_count":0,"statuses":[]} 
[2026-05-25 03:35:48] local.INFO: ParseBearerToken middleware invoked {"path":"/api/v2/campaign","method":"POST","has_auth_header":true,"auth_header_preview":"Bearer 178|jHU8WMms5K39X5sbl86...","is_bearer":true} 
[2026-05-25 03:35:48] local.INFO: Extracted bearer token {"token_preview":"178|jHU8WM...","token_length":52} 
[2026-05-25 03:35:48] local.INFO: Found personal access token {"token_id":178,"user_id":77,"revoked":null} 
[2026-05-25 03:35:48] local.INFO: User authenticated via bearer token {"user_id":77,"user_email":"frferwefsdfds@gmail.com"} 
[2026-05-25 03:35:48] local.INFO: Campaign store() called - Raw Request Data {"content_type":"application/json","request_keys":["title","description","funding_goal","product_name","product_description","materials","colors","sizes","projectDuration","upvote_goal","previous_sales","existing_inventory","manufacturer_restock","manufacturing_assistance","business_registration"],"has_files":false,"file_keys":[]} 
[2026-05-25 03:35:48] local.INFO: Campaign store() called with details {"method":"POST","path":"api/v2/campaign","has_auth_header":true,"auth_header_preview":"Bearer 178|jHU8WMms5K39X5sbl86...","user_id":77,"user_email":"frferwefsdfds@gmail.com","is_authenticated":true} 
[2026-05-25 03:35:48] local.INFO: Campaign creation request received {"user_id":77,"request_keys":["title","description","funding_goal","product_name","product_description","materials","colors","sizes","projectDuration","upvote_goal","previous_sales","existing_inventory","manufacturer_restock","manufacturing_assistance","business_registration"],"title":"Describe the style, cut, and d","product_name":"Describe the style, cut, and d","description_length":348,"materials_count":1,"colors_count":1,"sizes_count":4,"projectDuration":14,"upvote_goal":5000} 
[2026-05-25 03:35:48] local.INFO: Campaign created successfully {"campaign_id":106,"creator_id":22,"user_id":77} 
[2026-05-25 03:35:49] local.INFO: ParseBearerToken middleware invoked {"path":"/api/v2/campaign/106/upload-files","method":"POST","has_auth_header":true,"auth_header_preview":"Bearer 178|jHU8WMms5K39X5sbl86...","is_bearer":true} 
[2026-05-25 03:35:49] local.INFO: Extracted bearer token {"token_preview":"178|jHU8WM...","token_length":52} 
[2026-05-25 03:35:49] local.INFO: Found personal access token {"token_id":178,"user_id":77,"revoked":null} 
[2026-05-25 03:35:49] local.INFO: User authenticated via bearer token {"user_id":77,"user_email":"frferwefsdfds@gmail.com"} 
[2026-05-25 03:35:49] local.INFO: uploadFiles() method called {"campaign_id":"106","method":"POST","content_type":"multipart/form-data; boundary=----WebKitFormBoundary0DrHqdBxaT91vOGz"} 
[2026-05-25 03:35:50] local.INFO: File upload request received {"campaign_id":"106","has_product_images":true,"has_tech_pack":false,"request_keys":["product_images"],"product_images_type":"array","all_files_info":{"product_images":{"key":"product_images","count":4,"type":"array","first_item":"Illuminate\\Http\\UploadedFile"}}} 
[2026-05-25 03:35:50] local.INFO: Checking all input and files {"campaign_id":"106","input_keys":["image_metadata","product_images"],"file_keys":["product_images"],"all_files_count":1} 
[2026-05-25 03:35:50] local.INFO: Product images received {"campaign_id":"106","is_array":true,"count":4,"first_item_type":"Illuminate\\Http\\UploadedFile"} 
[2026-05-25 03:35:50] local.INFO: Parsed image metadata {"campaign_id":"106","metadata_count":4,"metadata":[{"fileIndex":0,"type":"front","name":"Dashboard-Karbar-11-03-2025_04_39_PM.png","size":286970},{"fileIndex":1,"type":"back","name":"Dashboard-Karbar-11-03-2025_04_39_PM.png","size":286970},{"fileIndex":2,"type":"additional","name":"473989200_635690472362963_7135301606100493880_n.jpg","size":333884},{"fileIndex":3,"type":"additional","name":"dashboard-members (1).png","size":174262}]} 
[2026-05-25 03:35:50] local.INFO: Found images using product_images notation {"campaign_id":"106","count":4} 
[2026-05-25 03:35:50] local.INFO: Processing product images {"campaign_id":"106","image_count":4,"metadata_count":4,"files_found_in_allfiles":true} 
[2026-05-25 03:35:50] local.INFO: Image found in array {"campaign_id":"106","index":0,"name":"Dashboard-Karbar-11-03-2025_04_39_PM.png","size":286970,"valid":true} 
[2026-05-25 03:35:50] local.INFO: Image found in array {"campaign_id":"106","index":1,"name":"Dashboard-Karbar-11-03-2025_04_39_PM.png","size":286970,"valid":true} 
[2026-05-25 03:35:50] local.INFO: Image found in array {"campaign_id":"106","index":2,"name":"473989200_635690472362963_7135301606100493880_n.jpg","size":333884,"valid":true} 
[2026-05-25 03:35:50] local.INFO: Image found in array {"campaign_id":"106","index":3,"name":"dashboard-members (1).png","size":174262,"valid":true} 
[2026-05-25 03:35:50] local.INFO: Processing image {"campaign_id":"106","file_index":0,"type":"front","name":"Dashboard-Karbar-11-03-2025_04_39_PM.png","original_name":"Dashboard-Karbar-11-03-2025_04_39_PM.png","size":286970,"mime":"image/png"} 
[2026-05-25 03:35:50] local.INFO: About to store image file {"campaign_id":"106","type":"front","filename":"campaign_106_front_1779680150_6a13c39639303.png","directory":"campaigns/products","original_name":"Dashboard-Karbar-11-03-2025_04_39_PM.png","size":286970,"mime":"image/png","extension":"png"} 
[2026-05-25 03:35:50] local.INFO: Starting file storage {"campaign_id":"106","original_name":"Dashboard-Karbar-11-03-2025_04_39_PM.png","size":286970,"mime":"image/png","temp_path":false} 
[2026-05-25 03:35:50] local.INFO: About to store file {"campaign_id":"106","destination":"D:\\laragon\\www\\mirrormefashion\\storage\\app\\public\\campaigns\\products\\campaign_106_front_1779680150_6a13c3963a0cc.png","file_size":286970} 
[2026-05-25 03:35:50] local.INFO: Temp file info {"temp_path":"C:\\Windows\\Temp\\php7AA9.tmp","exists":true,"readable":true,"size":286970} 
[2026-05-25 03:35:50] local.INFO: File copied successfully {"campaign_id":"106","destination":"D:\\laragon\\www\\mirrormefashion\\storage\\app\\public\\campaigns\\products\\campaign_106_front_1779680150_6a13c3963a0cc.png"} 
[2026-05-25 03:35:50] local.INFO: File copied successfully {"campaign_id":"106","storage_path":"campaigns/products/campaign_106_front_1779680150_6a13c3963a0cc.png","full_path":"D:\\laragon\\www\\mirrormefashion\\storage\\app\\public\\campaigns\\products\\campaign_106_front_1779680150_6a13c3963a0cc.png","file_exists":true,"file_size":286970} 
[2026-05-25 03:35:51] local.INFO: Processing image {"campaign_id":"106","file_index":1,"type":"back","name":"Dashboard-Karbar-11-03-2025_04_39_PM.png","original_name":"Dashboard-Karbar-11-03-2025_04_39_PM.png","size":286970,"mime":"image/png"} 
[2026-05-25 03:35:51] local.INFO: About to store image file {"campaign_id":"106","type":"back","filename":"campaign_106_back_1779680151_6a13c397311fb.png","directory":"campaigns/products","original_name":"Dashboard-Karbar-11-03-2025_04_39_PM.png","size":286970,"mime":"image/png","extension":"png"} 
[2026-05-25 03:35:51] local.INFO: Starting file storage {"campaign_id":"106","original_name":"Dashboard-Karbar-11-03-2025_04_39_PM.png","size":286970,"mime":"image/png","temp_path":false} 
[2026-05-25 03:35:51] local.INFO: About to store file {"campaign_id":"106","destination":"D:\\laragon\\www\\mirrormefashion\\storage\\app\\public\\campaigns\\products\\campaign_106_back_1779680151_6a13c39731dd3.png","file_size":286970} 
[2026-05-25 03:35:51] local.INFO: Temp file info {"temp_path":"C:\\Windows\\Temp\\php7AAA.tmp","exists":true,"readable":true,"size":286970} 
[2026-05-25 03:35:51] local.INFO: File copied successfully {"campaign_id":"106","destination":"D:\\laragon\\www\\mirrormefashion\\storage\\app\\public\\campaigns\\products\\campaign_106_back_1779680151_6a13c39731dd3.png"} 
[2026-05-25 03:35:51] local.INFO: File copied successfully {"campaign_id":"106","storage_path":"campaigns/products/campaign_106_back_1779680151_6a13c39731dd3.png","full_path":"D:\\laragon\\www\\mirrormefashion\\storage\\app\\public\\campaigns\\products\\campaign_106_back_1779680151_6a13c39731dd3.png","file_exists":true,"file_size":286970} 
[2026-05-25 03:35:51] local.INFO: Processing image {"campaign_id":"106","file_index":2,"type":"additional","name":"473989200_635690472362963_7135301606100493880_n.jpg","original_name":"473989200_635690472362963_7135301606100493880_n.jpg","size":333884,"mime":"image/jpeg"} 
[2026-05-25 03:35:51] local.INFO: About to store image file {"campaign_id":"106","type":"additional","filename":"campaign_106_additional_1779680151_6a13c39733a0d.jpg","directory":"campaigns/products","original_name":"473989200_635690472362963_7135301606100493880_n.jpg","size":333884,"mime":"image/jpeg","extension":"jpg"} 
[2026-05-25 03:35:51] local.INFO: Starting file storage {"campaign_id":"106","original_name":"473989200_635690472362963_7135301606100493880_n.jpg","size":333884,"mime":"image/jpeg","temp_path":false} 
[2026-05-25 03:35:51] local.INFO: About to store file {"campaign_id":"106","destination":"D:\\laragon\\www\\mirrormefashion\\storage\\app\\public\\campaigns\\products\\campaign_106_additional_1779680151_6a13c39734483.jpg","file_size":333884} 
[2026-05-25 03:35:51] local.INFO: Temp file info {"temp_path":"C:\\Windows\\Temp\\php7ABB.tmp","exists":true,"readable":true,"size":333884} 
[2026-05-25 03:35:51] local.INFO: File copied successfully {"campaign_id":"106","destination":"D:\\laragon\\www\\mirrormefashion\\storage\\app\\public\\campaigns\\products\\campaign_106_additional_1779680151_6a13c39734483.jpg"} 
[2026-05-25 03:35:51] local.INFO: File copied successfully {"campaign_id":"106","storage_path":"campaigns/products/campaign_106_additional_1779680151_6a13c39734483.jpg","full_path":"D:\\laragon\\www\\mirrormefashion\\storage\\app\\public\\campaigns\\products\\campaign_106_additional_1779680151_6a13c39734483.jpg","file_exists":true,"file_size":333884} 
[2026-05-25 03:35:51] local.INFO: Processing image {"campaign_id":"106","file_index":3,"type":"additional","name":"dashboard-members (1).png","original_name":"dashboard-members (1).png","size":174262,"mime":"image/png"} 
[2026-05-25 03:35:51] local.INFO: About to store image file {"campaign_id":"106","type":"additional","filename":"campaign_106_additional_1779680151_6a13c3973534a.png","directory":"campaigns/products","original_name":"dashboard-members (1).png","size":174262,"mime":"image/png","extension":"png"} 
[2026-05-25 03:35:51] local.INFO: Starting file storage {"campaign_id":"106","original_name":"dashboard-members (1).png","size":174262,"mime":"image/png","temp_path":false} 
[2026-05-25 03:35:51] local.INFO: About to store file {"campaign_id":"106","destination":"D:\\laragon\\www\\mirrormefashion\\storage\\app\\public\\campaigns\\products\\campaign_106_additional_1779680151_6a13c39735c6a.png","file_size":174262} 
[2026-05-25 03:35:51] local.INFO: Temp file info {"temp_path":"C:\\Windows\\Temp\\php7ABC.tmp","exists":true,"readable":true,"size":174262} 
[2026-05-25 03:35:51] local.INFO: File copied successfully {"campaign_id":"106","destination":"D:\\laragon\\www\\mirrormefashion\\storage\\app\\public\\campaigns\\products\\campaign_106_additional_1779680151_6a13c39735c6a.png"} 
[2026-05-25 03:35:51] local.INFO: File copied successfully {"campaign_id":"106","storage_path":"campaigns/products/campaign_106_additional_1779680151_6a13c39735c6a.png","full_path":"D:\\laragon\\www\\mirrormefashion\\storage\\app\\public\\campaigns\\products\\campaign_106_additional_1779680151_6a13c39735c6a.png","file_exists":true,"file_size":174262} 
[2026-05-25 03:35:51] local.INFO: No tech pack in request {"campaign_id":"106"} 
[2026-05-25 03:35:51] local.INFO: Merged product images {"campaign_id":"106","existing_count":0,"new_count":4,"merged_count":4} 
[2026-05-25 03:35:58] local.INFO: ParseBearerToken middleware invoked {"path":"/api/v2/campaign","method":"GET","has_auth_header":true,"auth_header_preview":"Bearer 178|jHU8WMms5K39X5sbl86...","is_bearer":true} 
[2026-05-25 03:35:58] local.INFO: Extracted bearer token {"token_preview":"178|jHU8WM...","token_length":52} 
[2026-05-25 03:35:58] local.INFO: Found personal access token {"token_id":178,"user_id":77,"revoked":null} 
[2026-05-25 03:35:58] local.INFO: User authenticated via bearer token {"user_id":77,"user_email":"frferwefsdfds@gmail.com"} 
[2026-05-25 03:35:58] local.INFO: Returning campaigns for user {"user_id":77,"campaign_count":1,"statuses":["draft"]} 
[2026-05-25 03:36:00] local.INFO: ParseBearerToken middleware invoked {"path":"/api/v2/campaign","method":"GET","has_auth_header":true,"auth_header_preview":"Bearer 178|jHU8WMms5K39X5sbl86...","is_bearer":true} 
[2026-05-25 03:36:00] local.INFO: Extracted bearer token {"token_preview":"178|jHU8WM...","token_length":52} 
[2026-05-25 03:36:00] local.INFO: Found personal access token {"token_id":178,"user_id":77,"revoked":null} 
[2026-05-25 03:36:00] local.INFO: User authenticated via bearer token {"user_id":77,"user_email":"frferwefsdfds@gmail.com"} 
[2026-05-25 03:36:00] local.INFO: Returning campaigns for user {"user_id":77,"campaign_count":1,"statuses":["draft"]} 
[2026-05-25 03:36:11] local.INFO: ParseBearerToken middleware invoked {"path":"/api/v2/campaign/106/launch","method":"POST","has_auth_header":true,"auth_header_preview":"Bearer 178|jHU8WMms5K39X5sbl86...","is_bearer":true} 
[2026-05-25 03:36:11] local.INFO: Extracted bearer token {"token_preview":"178|jHU8WM...","token_length":52} 
[2026-05-25 03:36:11] local.INFO: Found personal access token {"token_id":178,"user_id":77,"revoked":null} 
[2026-05-25 03:36:11] local.INFO: User authenticated via bearer token {"user_id":77,"user_email":"frferwefsdfds@gmail.com"} 
[2026-05-25 03:36:11] local.INFO: Campaign launch attempt {"campaign_id":"106","current_status":"draft","user_id":77} 
[2026-05-25 03:36:11] local.INFO: Updating campaign status {"campaign_id":"106","from_status":"draft","to_status":"live"} 
[2026-05-25 03:36:11] local.INFO: Campaign launched successfully {"campaign_id":"106","status_after_update":"live","user_id":77} 
[2026-05-25 03:36:12] local.INFO: ParseBearerToken middleware invoked {"path":"/api/v2/campaign","method":"GET","has_auth_header":true,"auth_header_preview":"Bearer 178|jHU8WMms5K39X5sbl86...","is_bearer":true} 
[2026-05-25 03:36:12] local.INFO: Extracted bearer token {"token_preview":"178|jHU8WM...","token_length":52} 
[2026-05-25 03:36:12] local.INFO: Found personal access token {"token_id":178,"user_id":77,"revoked":null} 
[2026-05-25 03:36:12] local.INFO: User authenticated via bearer token {"user_id":77,"user_email":"frferwefsdfds@gmail.com"} 
[2026-05-25 03:36:12] local.INFO: Returning campaigns for user {"user_id":77,"campaign_count":1,"statuses":["live"]} 
[2026-05-25 03:36:27] local.INFO: ParseBearerToken middleware invoked {"path":"/api/v2/campaign","method":"GET","has_auth_header":true,"auth_header_preview":"Bearer 178|jHU8WMms5K39X5sbl86...","is_bearer":true} 
[2026-05-25 03:36:27] local.INFO: Extracted bearer token {"token_preview":"178|jHU8WM...","token_length":52} 
[2026-05-25 03:36:27] local.INFO: Found personal access token {"token_id":178,"user_id":77,"revoked":null} 
[2026-05-25 03:36:27] local.INFO: User authenticated via bearer token {"user_id":77,"user_email":"frferwefsdfds@gmail.com"} 
[2026-05-25 03:36:27] local.INFO: Returning campaigns for user {"user_id":77,"campaign_count":1,"statuses":["live"]} 
[2026-05-25 03:36:58] local.INFO: ParseBearerToken middleware invoked {"path":"/api/v2/campaign","method":"GET","has_auth_header":true,"auth_header_preview":"Bearer 178|jHU8WMms5K39X5sbl86...","is_bearer":true} 
[2026-05-25 03:36:58] local.INFO: Extracted bearer token {"token_preview":"178|jHU8WM...","token_length":52} 
[2026-05-25 03:36:58] local.INFO: Found personal access token {"token_id":178,"user_id":77,"revoked":null} 
[2026-05-25 03:36:58] local.INFO: User authenticated via bearer token {"user_id":77,"user_email":"frferwefsdfds@gmail.com"} 
[2026-05-25 03:36:58] local.INFO: Returning campaigns for user {"user_id":77,"campaign_count":1,"statuses":["live"]} 
[2026-05-25 03:38:00] local.INFO: ParseBearerToken middleware invoked {"path":"/api/v2/campaign","method":"GET","has_auth_header":true,"auth_header_preview":"Bearer 178|jHU8WMms5K39X5sbl86...","is_bearer":true} 
[2026-05-25 03:38:00] local.INFO: Extracted bearer token {"token_preview":"178|jHU8WM...","token_length":52} 
[2026-05-25 03:38:00] local.INFO: Found personal access token {"token_id":178,"user_id":77,"revoked":null} 
[2026-05-25 03:38:00] local.INFO: User authenticated via bearer token {"user_id":77,"user_email":"frferwefsdfds@gmail.com"} 
[2026-05-25 03:38:00] local.INFO: Returning campaigns for user {"user_id":77,"campaign_count":1,"statuses":["live"]} 
[2026-05-25 03:38:02] local.INFO: ParseBearerToken middleware invoked {"path":"/api/v2/campaign","method":"GET","has_auth_header":true,"auth_header_preview":"Bearer 178|jHU8WMms5K39X5sbl86...","is_bearer":true} 
[2026-05-25 03:38:02] local.INFO: Extracted bearer token {"token_preview":"178|jHU8WM...","token_length":52} 
[2026-05-25 03:38:02] local.INFO: Found personal access token {"token_id":178,"user_id":77,"revoked":null} 
[2026-05-25 03:38:02] local.INFO: User authenticated via bearer token {"user_id":77,"user_email":"frferwefsdfds@gmail.com"} 
[2026-05-25 03:38:02] local.INFO: Returning campaigns for user {"user_id":77,"campaign_count":1,"statuses":["live"]} 
[2026-05-25 03:38:03] local.INFO: ParseBearerToken middleware invoked {"path":"/api/v2/campaign","method":"GET","has_auth_header":true,"auth_header_preview":"Bearer 178|jHU8WMms5K39X5sbl86...","is_bearer":true} 
[2026-05-25 03:38:03] local.INFO: Extracted bearer token {"token_preview":"178|jHU8WM...","token_length":52} 
[2026-05-25 03:38:03] local.INFO: Found personal access token {"token_id":178,"user_id":77,"revoked":null} 
[2026-05-25 03:38:03] local.INFO: User authenticated via bearer token {"user_id":77,"user_email":"frferwefsdfds@gmail.com"} 
[2026-05-25 03:38:03] local.INFO: Returning campaigns for user {"user_id":77,"campaign_count":1,"statuses":["live"]} 
[2026-05-25 03:38:05] local.INFO: ParseBearerToken middleware invoked {"path":"/api/v2/campaign","method":"GET","has_auth_header":true,"auth_header_preview":"Bearer 178|jHU8WMms5K39X5sbl86...","is_bearer":true} 
[2026-05-25 03:38:05] local.INFO: Extracted bearer token {"token_preview":"178|jHU8WM...","token_length":52} 
[2026-05-25 03:38:05] local.INFO: Found personal access token {"token_id":178,"user_id":77,"revoked":null} 
[2026-05-25 03:38:05] local.INFO: User authenticated via bearer token {"user_id":77,"user_email":"frferwefsdfds@gmail.com"} 
[2026-05-25 03:38:05] local.INFO: Returning campaigns for user {"user_id":77,"campaign_count":1,"statuses":["live"]} 
[2026-05-25 03:38:57] local.INFO: ParseBearerToken middleware invoked {"path":"/api/v2/campaign","method":"GET","has_auth_header":true,"auth_header_preview":"Bearer 178|jHU8WMms5K39X5sbl86...","is_bearer":true} 
[2026-05-25 03:38:57] local.INFO: Extracted bearer token {"token_preview":"178|jHU8WM...","token_length":52} 
[2026-05-25 03:38:57] local.INFO: Found personal access token {"token_id":178,"user_id":77,"revoked":null} 
[2026-05-25 03:38:57] local.INFO: User authenticated via bearer token {"user_id":77,"user_email":"frferwefsdfds@gmail.com"} 
[2026-05-25 03:38:57] local.INFO: Returning campaigns for user {"user_id":77,"campaign_count":1,"statuses":["live"]} 
[2026-05-25 03:38:58] local.INFO: ParseBearerToken middleware invoked {"path":"/api/v2/campaign","method":"GET","has_auth_header":true,"auth_header_preview":"Bearer 178|jHU8WMms5K39X5sbl86...","is_bearer":true} 
[2026-05-25 03:38:58] local.INFO: Extracted bearer token {"token_preview":"178|jHU8WM...","token_length":52} 
[2026-05-25 03:38:58] local.INFO: Found personal access token {"token_id":178,"user_id":77,"revoked":null} 
[2026-05-25 03:38:58] local.INFO: User authenticated via bearer token {"user_id":77,"user_email":"frferwefsdfds@gmail.com"} 
[2026-05-25 03:38:58] local.INFO: Returning campaigns for user {"user_id":77,"campaign_count":1,"statuses":["live"]} 
[2026-05-25 03:39:02] local.INFO: ParseBearerToken middleware invoked {"path":"/api/v2/campaign","method":"GET","has_auth_header":true,"auth_header_preview":"Bearer 178|jHU8WMms5K39X5sbl86...","is_bearer":true} 
[2026-05-25 03:39:02] local.INFO: Extracted bearer token {"token_preview":"178|jHU8WM...","token_length":52} 
[2026-05-25 03:39:02] local.INFO: Found personal access token {"token_id":178,"user_id":77,"revoked":null} 
[2026-05-25 03:39:02] local.INFO: User authenticated via bearer token {"user_id":77,"user_email":"frferwefsdfds@gmail.com"} 
[2026-05-25 03:39:03] local.INFO: Returning campaigns for user {"user_id":77,"campaign_count":1,"statuses":["live"]} 
[2026-05-25 03:39:04] local.INFO: ParseBearerToken middleware invoked {"path":"/api/v2/campaign","method":"GET","has_auth_header":true,"auth_header_preview":"Bearer 178|jHU8WMms5K39X5sbl86...","is_bearer":true} 
[2026-05-25 03:39:04] local.INFO: Extracted bearer token {"token_preview":"178|jHU8WM...","token_length":52} 
[2026-05-25 03:39:04] local.INFO: Found personal access token {"token_id":178,"user_id":77,"revoked":null} 
[2026-05-25 03:39:04] local.INFO: User authenticated via bearer token {"user_id":77,"user_email":"frferwefsdfds@gmail.com"} 
[2026-05-25 03:39:04] local.INFO: Returning campaigns for user {"user_id":77,"campaign_count":1,"statuses":["live"]} 
[2026-05-25 03:39:32] local.INFO: ParseBearerToken middleware invoked {"path":"/api/v2/campaign","method":"GET","has_auth_header":true,"auth_header_preview":"Bearer 178|jHU8WMms5K39X5sbl86...","is_bearer":true} 
[2026-05-25 03:39:32] local.INFO: Extracted bearer token {"token_preview":"178|jHU8WM...","token_length":52} 
[2026-05-25 03:39:32] local.INFO: Found personal access token {"token_id":178,"user_id":77,"revoked":null} 
[2026-05-25 03:39:32] local.INFO: User authenticated via bearer token {"user_id":77,"user_email":"frferwefsdfds@gmail.com"} 
[2026-05-25 03:39:32] local.INFO: Returning campaigns for user {"user_id":77,"campaign_count":1,"statuses":["live"]} 
[2026-05-25 03:40:02] local.INFO: ParseBearerToken middleware invoked {"path":"/api/v2/campaign","method":"GET","has_auth_header":true,"auth_header_preview":"Bearer 178|jHU8WMms5K39X5sbl86...","is_bearer":true} 
[2026-05-25 03:40:02] local.INFO: Extracted bearer token {"token_preview":"178|jHU8WM...","token_length":52} 
[2026-05-25 03:40:02] local.INFO: Found personal access token {"token_id":178,"user_id":77,"revoked":null} 
[2026-05-25 03:40:02] local.INFO: User authenticated via bearer token {"user_id":77,"user_email":"frferwefsdfds@gmail.com"} 
[2026-05-25 03:40:02] local.INFO: Returning campaigns for user {"user_id":77,"campaign_count":1,"statuses":["live"]} 
[2026-05-25 03:40:32] local.INFO: ParseBearerToken middleware invoked {"path":"/api/v2/campaign","method":"GET","has_auth_header":true,"auth_header_preview":"Bearer 178|jHU8WMms5K39X5sbl86...","is_bearer":true} 
[2026-05-25 03:40:32] local.INFO: Extracted bearer token {"token_preview":"178|jHU8WM...","token_length":52} 
[2026-05-25 03:40:32] local.INFO: Found personal access token {"token_id":178,"user_id":77,"revoked":null} 
[2026-05-25 03:40:32] local.INFO: User authenticated via bearer token {"user_id":77,"user_email":"frferwefsdfds@gmail.com"} 
[2026-05-25 03:40:33] local.INFO: Returning campaigns for user {"user_id":77,"campaign_count":1,"statuses":["live"]} 
[2026-05-25 03:41:03] local.INFO: ParseBearerToken middleware invoked {"path":"/api/v2/campaign","method":"GET","has_auth_header":true,"auth_header_preview":"Bearer 178|jHU8WMms5K39X5sbl86...","is_bearer":true} 
[2026-05-25 03:41:03] local.INFO: Extracted bearer token {"token_preview":"178|jHU8WM...","token_length":52} 
[2026-05-25 03:41:03] local.INFO: Found personal access token {"token_id":178,"user_id":77,"revoked":null} 
[2026-05-25 03:41:03] local.INFO: User authenticated via bearer token {"user_id":77,"user_email":"frferwefsdfds@gmail.com"} 
[2026-05-25 03:41:03] local.INFO: Returning campaigns for user {"user_id":77,"campaign_count":1,"statuses":["live"]} 
[2026-05-25 03:41:38] local.INFO: ParseBearerToken middleware invoked {"path":"/api/v2/campaign","method":"GET","has_auth_header":true,"auth_header_preview":"Bearer 178|jHU8WMms5K39X5sbl86...","is_bearer":true} 
[2026-05-25 03:41:38] local.INFO: Extracted bearer token {"token_preview":"178|jHU8WM...","token_length":52} 
[2026-05-25 03:41:38] local.INFO: Found personal access token {"token_id":178,"user_id":77,"revoked":null} 
[2026-05-25 03:41:38] local.INFO: User authenticated via bearer token {"user_id":77,"user_email":"frferwefsdfds@gmail.com"} 
[2026-05-25 03:41:38] local.INFO: Returning campaigns for user {"user_id":77,"campaign_count":1,"statuses":["live"]} 
[2026-05-25 03:41:40] local.INFO: ParseBearerToken middleware invoked {"path":"/api/v2/campaign","method":"GET","has_auth_header":true,"auth_header_preview":"Bearer 178|jHU8WMms5K39X5sbl86...","is_bearer":true} 
[2026-05-25 03:41:40] local.INFO: Extracted bearer token {"token_preview":"178|jHU8WM...","token_length":52} 
[2026-05-25 03:41:40] local.INFO: Found personal access token {"token_id":178,"user_id":77,"revoked":null} 
[2026-05-25 03:41:40] local.INFO: User authenticated via bearer token {"user_id":77,"user_email":"frferwefsdfds@gmail.com"} 
[2026-05-25 03:41:40] local.INFO: Returning campaigns for user {"user_id":77,"campaign_count":1,"statuses":["live"]} 
[2026-05-25 03:41:41] local.INFO: ParseBearerToken middleware invoked {"path":"/api/v2/campaign","method":"GET","has_auth_header":true,"auth_header_preview":"Bearer 178|jHU8WMms5K39X5sbl86...","is_bearer":true} 
[2026-05-25 03:41:41] local.INFO: Extracted bearer token {"token_preview":"178|jHU8WM...","token_length":52} 
[2026-05-25 03:41:41] local.INFO: Found personal access token {"token_id":178,"user_id":77,"revoked":null} 
[2026-05-25 03:41:41] local.INFO: User authenticated via bearer token {"user_id":77,"user_email":"frferwefsdfds@gmail.com"} 
[2026-05-25 03:41:41] local.INFO: Returning campaigns for user {"user_id":77,"campaign_count":1,"statuses":["live"]} 
[2026-05-25 03:41:42] local.INFO: ParseBearerToken middleware invoked {"path":"/api/v2/campaign","method":"GET","has_auth_header":true,"auth_header_preview":"Bearer 178|jHU8WMms5K39X5sbl86...","is_bearer":true} 
[2026-05-25 03:41:42] local.INFO: Extracted bearer token {"token_preview":"178|jHU8WM...","token_length":52} 
[2026-05-25 03:41:42] local.INFO: Found personal access token {"token_id":178,"user_id":77,"revoked":null} 
[2026-05-25 03:41:42] local.INFO: User authenticated via bearer token {"user_id":77,"user_email":"frferwefsdfds@gmail.com"} 
[2026-05-25 03:41:42] local.INFO: Returning campaigns for user {"user_id":77,"campaign_count":1,"statuses":["live"]} 
[2026-05-25 03:42:44] local.INFO: ParseBearerToken middleware invoked {"path":"/api/v2/campaign","method":"GET","has_auth_header":true,"auth_header_preview":"Bearer 178|jHU8WMms5K39X5sbl86...","is_bearer":true} 
[2026-05-25 03:42:44] local.INFO: Extracted bearer token {"token_preview":"178|jHU8WM...","token_length":52} 
[2026-05-25 03:42:44] local.INFO: Found personal access token {"token_id":178,"user_id":77,"revoked":null} 
[2026-05-25 03:42:44] local.INFO: User authenticated via bearer token {"user_id":77,"user_email":"frferwefsdfds@gmail.com"} 
[2026-05-25 03:42:44] local.INFO: Returning campaigns for user {"user_id":77,"campaign_count":1,"statuses":["live"]} 
[2026-05-25 03:42:46] local.INFO: ParseBearerToken middleware invoked {"path":"/api/v2/campaign","method":"GET","has_auth_header":true,"auth_header_preview":"Bearer 178|jHU8WMms5K39X5sbl86...","is_bearer":true} 
[2026-05-25 03:42:46] local.INFO: Extracted bearer token {"token_preview":"178|jHU8WM...","token_length":52} 
[2026-05-25 03:42:46] local.INFO: Found personal access token {"token_id":178,"user_id":77,"revoked":null} 
[2026-05-25 03:42:46] local.INFO: User authenticated via bearer token {"user_id":77,"user_email":"frferwefsdfds@gmail.com"} 
[2026-05-25 03:42:46] local.INFO: Returning campaigns for user {"user_id":77,"campaign_count":1,"statuses":["live"]} 
[2026-05-25 03:42:49] local.INFO: ParseBearerToken middleware invoked {"path":"/api/v2/campaign","method":"GET","has_auth_header":true,"auth_header_preview":"Bearer 178|jHU8WMms5K39X5sbl86...","is_bearer":true} 
[2026-05-25 03:42:49] local.INFO: Extracted bearer token {"token_preview":"178|jHU8WM...","token_length":52} 
[2026-05-25 03:42:49] local.INFO: Found personal access token {"token_id":178,"user_id":77,"revoked":null} 
[2026-05-25 03:42:49] local.INFO: User authenticated via bearer token {"user_id":77,"user_email":"frferwefsdfds@gmail.com"} 
[2026-05-25 03:42:49] local.INFO: Returning campaigns for user {"user_id":77,"campaign_count":1,"statuses":["live"]} 
[2026-05-25 03:42:50] local.INFO: ParseBearerToken middleware invoked {"path":"/api/v2/campaign","method":"GET","has_auth_header":true,"auth_header_preview":"Bearer 178|jHU8WMms5K39X5sbl86...","is_bearer":true} 
[2026-05-25 03:42:50] local.INFO: Extracted bearer token {"token_preview":"178|jHU8WM...","token_length":52} 
[2026-05-25 03:42:50] local.INFO: Found personal access token {"token_id":178,"user_id":77,"revoked":null} 
[2026-05-25 03:42:50] local.INFO: User authenticated via bearer token {"user_id":77,"user_email":"frferwefsdfds@gmail.com"} 
[2026-05-25 03:42:50] local.INFO: Returning campaigns for user {"user_id":77,"campaign_count":1,"statuses":["live"]} 
[2026-05-25 03:43:18] local.INFO: ParseBearerToken middleware invoked {"path":"/api/v2/campaign","method":"GET","has_auth_header":true,"auth_header_preview":"Bearer 178|jHU8WMms5K39X5sbl86...","is_bearer":true} 
[2026-05-25 03:43:18] local.INFO: Extracted bearer token {"token_preview":"178|jHU8WM...","token_length":52} 
[2026-05-25 03:43:18] local.INFO: Found personal access token {"token_id":178,"user_id":77,"revoked":null} 
[2026-05-25 03:43:18] local.INFO: User authenticated via bearer token {"user_id":77,"user_email":"frferwefsdfds@gmail.com"} 
[2026-05-25 03:43:18] local.INFO: Returning campaigns for user {"user_id":77,"campaign_count":1,"statuses":["live"]} 
[2026-05-25 03:43:49] local.INFO: ParseBearerToken middleware invoked {"path":"/api/v2/campaign","method":"GET","has_auth_header":true,"auth_header_preview":"Bearer 178|jHU8WMms5K39X5sbl86...","is_bearer":true} 
[2026-05-25 03:43:49] local.INFO: Extracted bearer token {"token_preview":"178|jHU8WM...","token_length":52} 
[2026-05-25 03:43:49] local.INFO: Found personal access token {"token_id":178,"user_id":77,"revoked":null} 
[2026-05-25 03:43:49] local.INFO: User authenticated via bearer token {"user_id":77,"user_email":"frferwefsdfds@gmail.com"} 
[2026-05-25 03:43:49] local.INFO: Returning campaigns for user {"user_id":77,"campaign_count":1,"statuses":["live"]} 
