[2026-04-13 04:55:28] local.INFO: ParseBearerToken middleware invoked {"path":"/api/v2/campaign","method":"GET","has_auth_header":true,"auth_header_preview":"Bearer 162|htku8Nbt0t7HbUxovVT...","is_bearer":true} 
[2026-04-13 04:55:28] local.INFO: Extracted bearer token {"token_preview":"162|htku8N...","token_length":52} 
[2026-04-13 04:55:28] local.INFO: Found personal access token {"token_id":162,"user_id":68,"revoked":null} 
[2026-04-13 04:55:28] local.INFO: User authenticated via bearer token {"user_id":68,"user_email":"freelancerzahedcreator@gmail.com"} 
[2026-04-13 04:55:29] local.INFO: Returning campaigns for user {"user_id":68,"campaign_count":2,"statuses":["draft","draft"]} 
[2026-04-13 04:55:35] local.INFO: ParseBearerToken middleware invoked {"path":"/api/v2/analytics/creator","method":"GET","has_auth_header":true,"auth_header_preview":"Bearer 162|htku8Nbt0t7HbUxovVT...","is_bearer":true} 
[2026-04-13 04:55:35] local.INFO: Extracted bearer token {"token_preview":"162|htku8N...","token_length":52} 
[2026-04-13 04:55:35] local.INFO: Found personal access token {"token_id":162,"user_id":68,"revoked":null} 
[2026-04-13 04:55:35] local.INFO: User authenticated via bearer token {"user_id":68,"user_email":"freelancerzahedcreator@gmail.com"} 
[2026-04-13 04:55:38] local.INFO: ParseBearerToken middleware invoked {"path":"/api/v2/analytics/creator","method":"GET","has_auth_header":true,"auth_header_preview":"Bearer 162|htku8Nbt0t7HbUxovVT...","is_bearer":true} 
[2026-04-13 04:55:38] local.INFO: Extracted bearer token {"token_preview":"162|htku8N...","token_length":52} 
[2026-04-13 04:55:38] local.INFO: Found personal access token {"token_id":162,"user_id":68,"revoked":null} 
[2026-04-13 04:55:38] local.INFO: User authenticated via bearer token {"user_id":68,"user_email":"freelancerzahedcreator@gmail.com"} 
[2026-04-13 04:55:42] local.INFO: ParseBearerToken middleware invoked {"path":"/api/v2/campaign","method":"GET","has_auth_header":true,"auth_header_preview":"Bearer 162|htku8Nbt0t7HbUxovVT...","is_bearer":true} 
[2026-04-13 04:55:42] local.INFO: Extracted bearer token {"token_preview":"162|htku8N...","token_length":52} 
[2026-04-13 04:55:42] local.INFO: Found personal access token {"token_id":162,"user_id":68,"revoked":null} 
[2026-04-13 04:55:42] local.INFO: User authenticated via bearer token {"user_id":68,"user_email":"freelancerzahedcreator@gmail.com"} 
[2026-04-13 04:55:42] local.INFO: Returning campaigns for user {"user_id":68,"campaign_count":2,"statuses":["draft","draft"]} 
[2026-04-13 04:55:43] local.INFO: ParseBearerToken middleware invoked {"path":"/api/v2/campaign","method":"GET","has_auth_header":true,"auth_header_preview":"Bearer 162|htku8Nbt0t7HbUxovVT...","is_bearer":true} 
[2026-04-13 04:55:43] local.INFO: Extracted bearer token {"token_preview":"162|htku8N...","token_length":52} 
[2026-04-13 04:55:43] local.INFO: Found personal access token {"token_id":162,"user_id":68,"revoked":null} 
[2026-04-13 04:55:43] local.INFO: User authenticated via bearer token {"user_id":68,"user_email":"freelancerzahedcreator@gmail.com"} 
[2026-04-13 04:55:43] local.INFO: Returning campaigns for user {"user_id":68,"campaign_count":2,"statuses":["draft","draft"]} 
[2026-04-13 04:56:14] local.INFO: ParseBearerToken middleware invoked {"path":"/api/v2/campaign","method":"GET","has_auth_header":true,"auth_header_preview":"Bearer 162|htku8Nbt0t7HbUxovVT...","is_bearer":true} 
[2026-04-13 04:56:14] local.INFO: Extracted bearer token {"token_preview":"162|htku8N...","token_length":52} 
[2026-04-13 04:56:14] local.INFO: Found personal access token {"token_id":162,"user_id":68,"revoked":null} 
[2026-04-13 04:56:14] local.INFO: User authenticated via bearer token {"user_id":68,"user_email":"freelancerzahedcreator@gmail.com"} 
[2026-04-13 04:56:14] local.INFO: Returning campaigns for user {"user_id":68,"campaign_count":2,"statuses":["draft","draft"]} 
[2026-04-13 04:56:42] local.INFO: ParseBearerToken middleware invoked {"path":"/api/v2/campaign","method":"GET","has_auth_header":true,"auth_header_preview":"Bearer 162|htku8Nbt0t7HbUxovVT...","is_bearer":true} 
[2026-04-13 04:56:42] local.INFO: Extracted bearer token {"token_preview":"162|htku8N...","token_length":52} 
[2026-04-13 04:56:42] local.INFO: Found personal access token {"token_id":162,"user_id":68,"revoked":null} 
[2026-04-13 04:56:42] local.INFO: User authenticated via bearer token {"user_id":68,"user_email":"freelancerzahedcreator@gmail.com"} 
[2026-04-13 04:56:42] local.INFO: Returning campaigns for user {"user_id":68,"campaign_count":2,"statuses":["draft","draft"]} 
[2026-04-13 04:57:11] local.INFO: ParseBearerToken middleware invoked {"path":"/api/v2/campaign","method":"GET","has_auth_header":true,"auth_header_preview":"Bearer 162|htku8Nbt0t7HbUxovVT...","is_bearer":true} 
[2026-04-13 04:57:11] local.INFO: Extracted bearer token {"token_preview":"162|htku8N...","token_length":52} 
[2026-04-13 04:57:11] local.INFO: Found personal access token {"token_id":162,"user_id":68,"revoked":null} 
[2026-04-13 04:57:11] local.INFO: User authenticated via bearer token {"user_id":68,"user_email":"freelancerzahedcreator@gmail.com"} 
[2026-04-13 04:57:11] local.INFO: Returning campaigns for user {"user_id":68,"campaign_count":2,"statuses":["draft","draft"]} 
[2026-04-13 04:57:41] local.INFO: ParseBearerToken middleware invoked {"path":"/api/v2/campaign","method":"GET","has_auth_header":true,"auth_header_preview":"Bearer 162|htku8Nbt0t7HbUxovVT...","is_bearer":true} 
[2026-04-13 04:57:41] local.INFO: Extracted bearer token {"token_preview":"162|htku8N...","token_length":52} 
[2026-04-13 04:57:41] local.INFO: Found personal access token {"token_id":162,"user_id":68,"revoked":null} 
[2026-04-13 04:57:41] local.INFO: User authenticated via bearer token {"user_id":68,"user_email":"freelancerzahedcreator@gmail.com"} 
[2026-04-13 04:57:42] local.INFO: Returning campaigns for user {"user_id":68,"campaign_count":2,"statuses":["draft","draft"]} 
[2026-04-13 04:58:12] local.INFO: ParseBearerToken middleware invoked {"path":"/api/v2/campaign","method":"GET","has_auth_header":true,"auth_header_preview":"Bearer 162|htku8Nbt0t7HbUxovVT...","is_bearer":true} 
[2026-04-13 04:58:12] local.INFO: Extracted bearer token {"token_preview":"162|htku8N...","token_length":52} 
[2026-04-13 04:58:12] local.INFO: Found personal access token {"token_id":162,"user_id":68,"revoked":null} 
[2026-04-13 04:58:12] local.INFO: User authenticated via bearer token {"user_id":68,"user_email":"freelancerzahedcreator@gmail.com"} 
[2026-04-13 04:58:12] local.INFO: Returning campaigns for user {"user_id":68,"campaign_count":2,"statuses":["draft","draft"]} 
[2026-04-13 10:04:13] local.ERROR: include(D:\laragon\www\mirrormefashion\vendor\composer/../../app/Providers/ComposerServiceProvider.php): Failed to open stream: No such file or directory {"exception":"[object] (ErrorException(code: 0): include(D:\\laragon\\www\\mirrormefashion\\vendor\\composer/../../app/Providers/ComposerServiceProvider.php): Failed to open stream: No such file or directory at D:\\laragon\\www\\mirrormefashion\\vendor\\composer\\ClassLoader.php:576)
[stacktrace]
#0 D:\\laragon\\www\\mirrormefashion\\vendor\\laravel\\framework\\src\\Illuminate\\Foundation\\Bootstrap\\HandleExceptions.php(255): Illuminate\\Foundation\\Bootstrap\\HandleExceptions->handleError(2, 'include(D:\\\\lara...', 'D:\\\\laragon\\\\www\\\\...', 576)
#1 D:\\laragon\\www\\mirrormefashion\\vendor\\composer\\ClassLoader.php(576): Illuminate\\Foundation\\Bootstrap\\HandleExceptions->Illuminate\\Foundation\\Bootstrap\\{closure}(2, 'include(D:\\\\lara...', 'D:\\\\laragon\\\\www\\\\...', 576)
#2 D:\\laragon\\www\\mirrormefashion\\vendor\\composer\\ClassLoader.php(576): include('D:\\\\laragon\\\\www\\\\...')
#3 D:\\laragon\\www\\mirrormefashion\\vendor\\composer\\ClassLoader.php(427): Composer\\Autoload\\{closure}('D:\\\\laragon\\\\www\\\\...')
#4 D:\\laragon\\www\\mirrormefashion\\vendor\\laravel\\framework\\src\\Illuminate\\Foundation\\Application.php(857): Composer\\Autoload\\ClassLoader->loadClass('App\\\\Providers\\\\C...')
#5 D:\\laragon\\www\\mirrormefashion\\vendor\\laravel\\framework\\src\\Illuminate\\Foundation\\Application.php(791): Illuminate\\Foundation\\Application->resolveProvider('App\\\\Providers\\\\C...')
#6 D:\\laragon\\www\\mirrormefashion\\vendor\\laravel\\framework\\src\\Illuminate\\Foundation\\ProviderRepository.php(75): Illuminate\\Foundation\\Application->register('App\\\\Providers\\\\C...')
#7 D:\\laragon\\www\\mirrormefashion\\vendor\\laravel\\framework\\src\\Illuminate\\Foundation\\Application.php(771): Illuminate\\Foundation\\ProviderRepository->load(Array)
#8 D:\\laragon\\www\\mirrormefashion\\vendor\\laravel\\framework\\src\\Illuminate\\Foundation\\Bootstrap\\RegisterProviders.php(17): Illuminate\\Foundation\\Application->registerConfiguredProviders()
#9 D:\\laragon\\www\\mirrormefashion\\vendor\\laravel\\framework\\src\\Illuminate\\Foundation\\Application.php(263): Illuminate\\Foundation\\Bootstrap\\RegisterProviders->bootstrap(Object(Illuminate\\Foundation\\Application))
#10 D:\\laragon\\www\\mirrormefashion\\vendor\\laravel\\framework\\src\\Illuminate\\Foundation\\Http\\Kernel.php(186): Illuminate\\Foundation\\Application->bootstrapWith(Array)
#11 D:\\laragon\\www\\mirrormefashion\\vendor\\laravel\\framework\\src\\Illuminate\\Foundation\\Http\\Kernel.php(170): Illuminate\\Foundation\\Http\\Kernel->bootstrap()
#12 D:\\laragon\\www\\mirrormefashion\\vendor\\laravel\\framework\\src\\Illuminate\\Foundation\\Http\\Kernel.php(144): Illuminate\\Foundation\\Http\\Kernel->sendRequestThroughRouter(Object(Illuminate\\Http\\Request))
#13 D:\\laragon\\www\\mirrormefashion\\index.php(56): Illuminate\\Foundation\\Http\\Kernel->handle(Object(Illuminate\\Http\\Request))
#14 {main}
"} 
[2026-04-13 10:05:21] local.ERROR: include(D:\laragon\www\mirrormefashion\vendor\composer/../../app/Providers/ComposerServiceProvider.php): Failed to open stream: No such file or directory {"exception":"[object] (ErrorException(code: 0): include(D:\\laragon\\www\\mirrormefashion\\vendor\\composer/../../app/Providers/ComposerServiceProvider.php): Failed to open stream: No such file or directory at D:\\laragon\\www\\mirrormefashion\\vendor\\composer\\ClassLoader.php:576)
[stacktrace]
#0 D:\\laragon\\www\\mirrormefashion\\vendor\\laravel\\framework\\src\\Illuminate\\Foundation\\Bootstrap\\HandleExceptions.php(255): Illuminate\\Foundation\\Bootstrap\\HandleExceptions->handleError(2, 'include(D:\\\\lara...', 'D:\\\\laragon\\\\www\\\\...', 576)
#1 D:\\laragon\\www\\mirrormefashion\\vendor\\composer\\ClassLoader.php(576): Illuminate\\Foundation\\Bootstrap\\HandleExceptions->Illuminate\\Foundation\\Bootstrap\\{closure}(2, 'include(D:\\\\lara...', 'D:\\\\laragon\\\\www\\\\...', 576)
#2 D:\\laragon\\www\\mirrormefashion\\vendor\\composer\\ClassLoader.php(576): include('D:\\\\laragon\\\\www\\\\...')
#3 D:\\laragon\\www\\mirrormefashion\\vendor\\composer\\ClassLoader.php(427): Composer\\Autoload\\{closure}('D:\\\\laragon\\\\www\\\\...')
#4 D:\\laragon\\www\\mirrormefashion\\vendor\\laravel\\framework\\src\\Illuminate\\Foundation\\Application.php(857): Composer\\Autoload\\ClassLoader->loadClass('App\\\\Providers\\\\C...')
#5 D:\\laragon\\www\\mirrormefashion\\vendor\\laravel\\framework\\src\\Illuminate\\Foundation\\Application.php(791): Illuminate\\Foundation\\Application->resolveProvider('App\\\\Providers\\\\C...')
#6 D:\\laragon\\www\\mirrormefashion\\vendor\\laravel\\framework\\src\\Illuminate\\Foundation\\ProviderRepository.php(75): Illuminate\\Foundation\\Application->register('App\\\\Providers\\\\C...')
#7 D:\\laragon\\www\\mirrormefashion\\vendor\\laravel\\framework\\src\\Illuminate\\Foundation\\Application.php(771): Illuminate\\Foundation\\ProviderRepository->load(Array)
#8 D:\\laragon\\www\\mirrormefashion\\vendor\\laravel\\framework\\src\\Illuminate\\Foundation\\Bootstrap\\RegisterProviders.php(17): Illuminate\\Foundation\\Application->registerConfiguredProviders()
#9 D:\\laragon\\www\\mirrormefashion\\vendor\\laravel\\framework\\src\\Illuminate\\Foundation\\Application.php(263): Illuminate\\Foundation\\Bootstrap\\RegisterProviders->bootstrap(Object(Illuminate\\Foundation\\Application))
#10 D:\\laragon\\www\\mirrormefashion\\vendor\\laravel\\framework\\src\\Illuminate\\Foundation\\Http\\Kernel.php(186): Illuminate\\Foundation\\Application->bootstrapWith(Array)
#11 D:\\laragon\\www\\mirrormefashion\\vendor\\laravel\\framework\\src\\Illuminate\\Foundation\\Http\\Kernel.php(170): Illuminate\\Foundation\\Http\\Kernel->bootstrap()
#12 D:\\laragon\\www\\mirrormefashion\\vendor\\laravel\\framework\\src\\Illuminate\\Foundation\\Http\\Kernel.php(144): Illuminate\\Foundation\\Http\\Kernel->sendRequestThroughRouter(Object(Illuminate\\Http\\Request))
#13 D:\\laragon\\www\\mirrormefashion\\index.php(56): Illuminate\\Foundation\\Http\\Kernel->handle(Object(Illuminate\\Http\\Request))
#14 {main}
"} 
[2026-04-13 11:23:27] local.INFO: ParseBearerToken middleware invoked {"path":"/api/v2/campaign","method":"GET","has_auth_header":true,"auth_header_preview":"Bearer 162|htku8Nbt0t7HbUxovVT...","is_bearer":true} 
[2026-04-13 11:23:28] local.INFO: Extracted bearer token {"token_preview":"162|htku8N...","token_length":52} 
[2026-04-13 11:23:28] local.INFO: Found personal access token {"token_id":162,"user_id":68,"revoked":null} 
[2026-04-13 11:23:28] local.INFO: User authenticated via bearer token {"user_id":68,"user_email":"freelancerzahedcreator@gmail.com"} 
[2026-04-13 11:23:28] local.INFO: Returning campaigns for user {"user_id":68,"campaign_count":2,"statuses":["draft","draft"]} 
[2026-04-13 11:23:29] local.INFO: ParseBearerToken middleware invoked {"path":"/api/v2/campaign","method":"GET","has_auth_header":true,"auth_header_preview":"Bearer 162|htku8Nbt0t7HbUxovVT...","is_bearer":true} 
[2026-04-13 11:23:29] local.INFO: Extracted bearer token {"token_preview":"162|htku8N...","token_length":52} 
[2026-04-13 11:23:29] local.INFO: Found personal access token {"token_id":162,"user_id":68,"revoked":null} 
[2026-04-13 11:23:29] local.INFO: User authenticated via bearer token {"user_id":68,"user_email":"freelancerzahedcreator@gmail.com"} 
[2026-04-13 11:23:29] local.INFO: Returning campaigns for user {"user_id":68,"campaign_count":2,"statuses":["draft","draft"]} 
[2026-04-13 11:23:40] local.INFO: ParseBearerToken middleware invoked {"path":"/api/v2/analytics/creator","method":"GET","has_auth_header":true,"auth_header_preview":"Bearer 162|htku8Nbt0t7HbUxovVT...","is_bearer":true} 
[2026-04-13 11:23:40] local.INFO: Extracted bearer token {"token_preview":"162|htku8N...","token_length":52} 
[2026-04-13 11:23:40] local.INFO: Found personal access token {"token_id":162,"user_id":68,"revoked":null} 
[2026-04-13 11:23:40] local.INFO: User authenticated via bearer token {"user_id":68,"user_email":"freelancerzahedcreator@gmail.com"} 
[2026-04-13 11:23:41] local.INFO: ParseBearerToken middleware invoked {"path":"/api/v2/analytics/creator","method":"GET","has_auth_header":true,"auth_header_preview":"Bearer 162|htku8Nbt0t7HbUxovVT...","is_bearer":true} 
[2026-04-13 11:23:41] local.INFO: Extracted bearer token {"token_preview":"162|htku8N...","token_length":52} 
[2026-04-13 11:23:41] local.INFO: Found personal access token {"token_id":162,"user_id":68,"revoked":null} 
[2026-04-13 11:23:41] local.INFO: User authenticated via bearer token {"user_id":68,"user_email":"freelancerzahedcreator@gmail.com"} 
[2026-04-13 11:23:55] local.INFO: ParseBearerToken middleware invoked {"path":"/api/v2/creator/profile","method":"GET","has_auth_header":true,"auth_header_preview":"Bearer 162|htku8Nbt0t7HbUxovVT...","is_bearer":true} 
[2026-04-13 11:23:55] local.INFO: Extracted bearer token {"token_preview":"162|htku8N...","token_length":52} 
[2026-04-13 11:23:55] local.INFO: Found personal access token {"token_id":162,"user_id":68,"revoked":null} 
[2026-04-13 11:23:55] local.INFO: User authenticated via bearer token {"user_id":68,"user_email":"freelancerzahedcreator@gmail.com"} 
[2026-04-13 11:23:56] local.INFO: ParseBearerToken middleware invoked {"path":"/api/v2/creator/profile","method":"GET","has_auth_header":true,"auth_header_preview":"Bearer 162|htku8Nbt0t7HbUxovVT...","is_bearer":true} 
[2026-04-13 11:23:56] local.INFO: Extracted bearer token {"token_preview":"162|htku8N...","token_length":52} 
[2026-04-13 11:23:56] local.INFO: Found personal access token {"token_id":162,"user_id":68,"revoked":null} 
[2026-04-13 11:23:56] local.INFO: User authenticated via bearer token {"user_id":68,"user_email":"freelancerzahedcreator@gmail.com"} 
[2026-04-13 11:24:27] local.INFO: ParseBearerToken middleware invoked {"path":"/api/v2/creator/profile","method":"GET","has_auth_header":true,"auth_header_preview":"Bearer 162|htku8Nbt0t7HbUxovVT...","is_bearer":true} 
[2026-04-13 11:24:27] local.INFO: Extracted bearer token {"token_preview":"162|htku8N...","token_length":52} 
[2026-04-13 11:24:27] local.INFO: Found personal access token {"token_id":162,"user_id":68,"revoked":null} 
[2026-04-13 11:24:27] local.INFO: User authenticated via bearer token {"user_id":68,"user_email":"freelancerzahedcreator@gmail.com"} 
[2026-04-13 11:24:55] local.INFO: ParseBearerToken middleware invoked {"path":"/api/v2/creator/profile","method":"GET","has_auth_header":true,"auth_header_preview":"Bearer 162|htku8Nbt0t7HbUxovVT...","is_bearer":true} 
[2026-04-13 11:24:55] local.INFO: Extracted bearer token {"token_preview":"162|htku8N...","token_length":52} 
[2026-04-13 11:24:55] local.INFO: Found personal access token {"token_id":162,"user_id":68,"revoked":null} 
[2026-04-13 11:24:55] local.INFO: User authenticated via bearer token {"user_id":68,"user_email":"freelancerzahedcreator@gmail.com"} 
[2026-04-13 11:25:24] local.INFO: ParseBearerToken middleware invoked {"path":"/api/v2/creator/profile","method":"GET","has_auth_header":true,"auth_header_preview":"Bearer 162|htku8Nbt0t7HbUxovVT...","is_bearer":true} 
[2026-04-13 11:25:24] local.INFO: Extracted bearer token {"token_preview":"162|htku8N...","token_length":52} 
[2026-04-13 11:25:24] local.INFO: Found personal access token {"token_id":162,"user_id":68,"revoked":null} 
[2026-04-13 11:25:24] local.INFO: User authenticated via bearer token {"user_id":68,"user_email":"freelancerzahedcreator@gmail.com"} 
[2026-04-13 11:25:54] local.INFO: ParseBearerToken middleware invoked {"path":"/api/v2/creator/profile","method":"GET","has_auth_header":true,"auth_header_preview":"Bearer 162|htku8Nbt0t7HbUxovVT...","is_bearer":true} 
[2026-04-13 11:25:54] local.INFO: Extracted bearer token {"token_preview":"162|htku8N...","token_length":52} 
[2026-04-13 11:25:54] local.INFO: Found personal access token {"token_id":162,"user_id":68,"revoked":null} 
[2026-04-13 11:25:54] local.INFO: User authenticated via bearer token {"user_id":68,"user_email":"freelancerzahedcreator@gmail.com"} 
[2026-04-13 11:26:27] local.INFO: ParseBearerToken middleware invoked {"path":"/api/v2/creator/profile","method":"GET","has_auth_header":true,"auth_header_preview":"Bearer 162|htku8Nbt0t7HbUxovVT...","is_bearer":true} 
[2026-04-13 11:26:27] local.INFO: Extracted bearer token {"token_preview":"162|htku8N...","token_length":52} 
[2026-04-13 11:26:27] local.INFO: Found personal access token {"token_id":162,"user_id":68,"revoked":null} 
[2026-04-13 11:26:27] local.INFO: User authenticated via bearer token {"user_id":68,"user_email":"freelancerzahedcreator@gmail.com"} 
[2026-04-13 11:26:55] local.INFO: ParseBearerToken middleware invoked {"path":"/api/v2/creator/profile","method":"GET","has_auth_header":true,"auth_header_preview":"Bearer 162|htku8Nbt0t7HbUxovVT...","is_bearer":true} 
[2026-04-13 11:26:55] local.INFO: Extracted bearer token {"token_preview":"162|htku8N...","token_length":52} 
[2026-04-13 11:26:55] local.INFO: Found personal access token {"token_id":162,"user_id":68,"revoked":null} 
[2026-04-13 11:26:55] local.INFO: User authenticated via bearer token {"user_id":68,"user_email":"freelancerzahedcreator@gmail.com"} 
