[2026-04-28 23:44:02] local.DEBUG: reCAPTCHA enabled: false  
[2026-04-28 23:44:18] local.DEBUG: reCAPTCHA enabled: false  
[2026-04-28 23:44:19] local.DEBUG: reCAPTCHA enabled: false  
[2026-04-28 23:44:20] local.DEBUG: reCAPTCHA enabled: false  
[2026-04-28 23:46:09] local.DEBUG: reCAPTCHA enabled: false  
[2026-04-28 23:46:11] local.DEBUG: reCAPTCHA enabled: false  
[2026-04-28 23:46:12] local.DEBUG: reCAPTCHA enabled: false  
[2026-04-28 23:46:13] local.DEBUG: reCAPTCHA enabled: false  
[2026-04-28 23:46:26] local.DEBUG: reCAPTCHA enabled: false  
[2026-04-28 23:46:28] local.DEBUG: reCAPTCHA enabled: false  
[2026-04-28 23:46:29] local.DEBUG: reCAPTCHA enabled: false  
[2026-04-28 23:46:30] local.DEBUG: reCAPTCHA enabled: false  
[2026-04-28 23:48:12] local.DEBUG: reCAPTCHA enabled: false  
[2026-04-28 23:48:13] local.DEBUG: reCAPTCHA enabled: false  
[2026-04-28 23:48:14] local.DEBUG: reCAPTCHA enabled: false  
[2026-04-28 23:48:16] local.DEBUG: reCAPTCHA enabled: false  
[2026-04-28 23:48:57] local.INFO: User created during signup {"user_id":72,"user_type":"backer","role":"backer"} 
[2026-04-28 23:48:59] local.INFO: User registered {"user_id":72,"user_type":"backer"} 
[2026-04-28 23:49:05] local.ERROR: Welcome email failed: View [emails.welcome] not found.  
[2026-04-28 23:52:32] local.INFO: ParseBearerToken middleware invoked {"path":"/api/v2/pledge/user","method":"GET","has_auth_header":true,"auth_header_preview":"Bearer 169|MkhBkRjxv7Paeq2PXNq...","is_bearer":true} 
[2026-04-28 23:52:32] local.INFO: Extracted bearer token {"token_preview":"169|MkhBkR...","token_length":52} 
[2026-04-28 23:52:32] local.INFO: Found personal access token {"token_id":169,"user_id":72,"revoked":null} 
[2026-04-28 23:52:32] local.INFO: User authenticated via bearer token {"user_id":72,"user_email":"tester@mail.com"} 
[2026-04-28 23:52:51] local.INFO: ParseBearerToken middleware invoked {"path":"/api/v2/pledge/user","method":"GET","has_auth_header":true,"auth_header_preview":"Bearer 169|MkhBkRjxv7Paeq2PXNq...","is_bearer":true} 
[2026-04-28 23:52:51] local.INFO: Extracted bearer token {"token_preview":"169|MkhBkR...","token_length":52} 
[2026-04-28 23:52:51] local.INFO: Found personal access token {"token_id":169,"user_id":72,"revoked":null} 
[2026-04-28 23:52:51] local.INFO: User authenticated via bearer token {"user_id":72,"user_email":"tester@mail.com"} 
[2026-04-28 23:53:51] local.INFO: ParseBearerToken middleware invoked {"path":"/api/v2/pledge/user","method":"GET","has_auth_header":true,"auth_header_preview":"Bearer 169|MkhBkRjxv7Paeq2PXNq...","is_bearer":true} 
[2026-04-28 23:53:51] local.INFO: Extracted bearer token {"token_preview":"169|MkhBkR...","token_length":52} 
[2026-04-28 23:53:51] local.INFO: Found personal access token {"token_id":169,"user_id":72,"revoked":null} 
[2026-04-28 23:53:51] local.INFO: User authenticated via bearer token {"user_id":72,"user_email":"tester@mail.com"} 
[2026-04-28 23:53:53] local.INFO: ParseBearerToken middleware invoked {"path":"/api/v2/pledge/user","method":"GET","has_auth_header":true,"auth_header_preview":"Bearer 169|MkhBkRjxv7Paeq2PXNq...","is_bearer":true} 
[2026-04-28 23:53:53] local.INFO: Extracted bearer token {"token_preview":"169|MkhBkR...","token_length":52} 
[2026-04-28 23:53:53] local.INFO: Found personal access token {"token_id":169,"user_id":72,"revoked":null} 
[2026-04-28 23:53:53] local.INFO: User authenticated via bearer token {"user_id":72,"user_email":"tester@mail.com"} 
[2026-04-28 23:55:06] local.INFO: ParseBearerToken middleware invoked {"path":"/api/v2/pledge/user","method":"GET","has_auth_header":true,"auth_header_preview":"Bearer 169|MkhBkRjxv7Paeq2PXNq...","is_bearer":true} 
[2026-04-28 23:55:06] local.INFO: Extracted bearer token {"token_preview":"169|MkhBkR...","token_length":52} 
[2026-04-28 23:55:06] local.INFO: Found personal access token {"token_id":169,"user_id":72,"revoked":null} 
[2026-04-28 23:55:06] local.INFO: User authenticated via bearer token {"user_id":72,"user_email":"tester@mail.com"} 
[2026-04-28 23:55:09] local.INFO: ParseBearerToken middleware invoked {"path":"/api/v2/pledge/user","method":"GET","has_auth_header":true,"auth_header_preview":"Bearer 169|MkhBkRjxv7Paeq2PXNq...","is_bearer":true} 
[2026-04-28 23:55:09] local.INFO: Extracted bearer token {"token_preview":"169|MkhBkR...","token_length":52} 
[2026-04-28 23:55:09] local.INFO: Found personal access token {"token_id":169,"user_id":72,"revoked":null} 
[2026-04-28 23:55:09] local.INFO: User authenticated via bearer token {"user_id":72,"user_email":"tester@mail.com"} 
