[2026-03-27 10:37:22] local.DEBUG: reCAPTCHA enabled: false  
[2026-03-27 10:37:22] local.DEBUG: reCAPTCHA enabled: false  
[2026-03-27 10:38:13] local.INFO: User created for creator registration {"user_id":65,"email":"newcreate@example.com"} 
[2026-03-27 10:38:13] local.INFO: Creator profile created {"user_id":65,"creator_id":14} 
[2026-03-27 10:38:14] local.INFO: Creator registered successfully {"user_id":65,"creator_id":14,"email":"newcreate@example.com"} 
[2026-03-27 10:38:17] local.INFO: ParseBearerToken middleware invoked {"path":"/api/v2/campaign","method":"GET","has_auth_header":true,"auth_header_preview":"Bearer 154|UI6Qe0mfyPyw6XgajNh...","is_bearer":true} 
[2026-03-27 10:38:17] local.INFO: Extracted bearer token {"token_preview":"154|UI6Qe0...","token_length":52} 
[2026-03-27 10:38:17] local.INFO: Found personal access token {"token_id":154,"user_id":65,"revoked":null} 
[2026-03-27 10:38:17] local.INFO: User authenticated via bearer token {"user_id":65,"user_email":"newcreate@example.com"} 
[2026-03-27 10:38:17] local.INFO: Returning campaigns for user {"user_id":65,"campaign_count":0,"statuses":[]} 
[2026-03-27 10:38:18] local.INFO: ParseBearerToken middleware invoked {"path":"/api/v2/campaign","method":"GET","has_auth_header":true,"auth_header_preview":"Bearer 154|UI6Qe0mfyPyw6XgajNh...","is_bearer":true} 
[2026-03-27 10:38:18] local.INFO: Extracted bearer token {"token_preview":"154|UI6Qe0...","token_length":52} 
[2026-03-27 10:38:18] local.INFO: Found personal access token {"token_id":154,"user_id":65,"revoked":null} 
[2026-03-27 10:38:18] local.INFO: User authenticated via bearer token {"user_id":65,"user_email":"newcreate@example.com"} 
[2026-03-27 10:38:18] local.INFO: Returning campaigns for user {"user_id":65,"campaign_count":0,"statuses":[]} 
[2026-03-27 10:38:23] local.INFO: ParseBearerToken middleware invoked {"path":"/api/v2/creator/profile","method":"GET","has_auth_header":true,"auth_header_preview":"Bearer 154|UI6Qe0mfyPyw6XgajNh...","is_bearer":true} 
[2026-03-27 10:38:23] local.INFO: Extracted bearer token {"token_preview":"154|UI6Qe0...","token_length":52} 
[2026-03-27 10:38:23] local.INFO: Found personal access token {"token_id":154,"user_id":65,"revoked":null} 
[2026-03-27 10:38:23] local.INFO: User authenticated via bearer token {"user_id":65,"user_email":"newcreate@example.com"} 
[2026-03-27 10:38:25] local.INFO: ParseBearerToken middleware invoked {"path":"/api/v2/creator/profile","method":"GET","has_auth_header":true,"auth_header_preview":"Bearer 154|UI6Qe0mfyPyw6XgajNh...","is_bearer":true} 
[2026-03-27 10:38:25] local.INFO: Extracted bearer token {"token_preview":"154|UI6Qe0...","token_length":52} 
[2026-03-27 10:38:25] local.INFO: Found personal access token {"token_id":154,"user_id":65,"revoked":null} 
[2026-03-27 10:38:25] local.INFO: User authenticated via bearer token {"user_id":65,"user_email":"newcreate@example.com"} 
[2026-03-27 10:38:33] local.ERROR: [ProfileUpload] Validation error {"errors":{"image":["The image must be an image.","The image must be a file of type: jpeg, png, jpg, gif, webp."]}} 
[2026-03-27 10:38:52] local.INFO: ParseBearerToken middleware invoked {"path":"/api/v2/creator/profile","method":"GET","has_auth_header":true,"auth_header_preview":"Bearer 154|UI6Qe0mfyPyw6XgajNh...","is_bearer":true} 
[2026-03-27 10:38:52] local.INFO: Extracted bearer token {"token_preview":"154|UI6Qe0...","token_length":52} 
[2026-03-27 10:38:52] local.INFO: Found personal access token {"token_id":154,"user_id":65,"revoked":null} 
[2026-03-27 10:38:52] local.INFO: User authenticated via bearer token {"user_id":65,"user_email":"newcreate@example.com"} 
[2026-03-27 10:38:53] local.INFO: ParseBearerToken middleware invoked {"path":"/api/v2/creator/profile","method":"GET","has_auth_header":true,"auth_header_preview":"Bearer 154|UI6Qe0mfyPyw6XgajNh...","is_bearer":true} 
[2026-03-27 10:38:53] local.INFO: Extracted bearer token {"token_preview":"154|UI6Qe0...","token_length":52} 
[2026-03-27 10:38:53] local.INFO: Found personal access token {"token_id":154,"user_id":65,"revoked":null} 
[2026-03-27 10:38:53] local.INFO: User authenticated via bearer token {"user_id":65,"user_email":"newcreate@example.com"} 
[2026-03-27 10:39:06] local.DEBUG: reCAPTCHA enabled: false  
