[2026-05-01 14:35:42] local.INFO: ParseBearerToken middleware invoked {"path":"/api/v2/campaign","method":"GET","has_auth_header":true,"auth_header_preview":"Bearer 172|XgSYnnyqlZTOiCN6ESA...","is_bearer":true} 
[2026-05-01 14:35:42] local.INFO: Extracted bearer token {"token_preview":"172|XgSYnn...","token_length":52} 
[2026-05-01 14:35:42] local.INFO: Found personal access token {"token_id":172,"user_id":74,"revoked":null} 
[2026-05-01 14:35:42] local.INFO: User authenticated via bearer token {"user_id":74,"user_email":"designer@mail.com"} 
[2026-05-01 14:35:43] local.INFO: Returning campaigns for user {"user_id":74,"campaign_count":1,"statuses":["draft"]} 
[2026-05-01 14:35:44] local.INFO: ParseBearerToken middleware invoked {"path":"/api/v2/campaign","method":"GET","has_auth_header":true,"auth_header_preview":"Bearer 172|XgSYnnyqlZTOiCN6ESA...","is_bearer":true} 
[2026-05-01 14:35:44] local.INFO: Extracted bearer token {"token_preview":"172|XgSYnn...","token_length":52} 
[2026-05-01 14:35:44] local.INFO: Found personal access token {"token_id":172,"user_id":74,"revoked":null} 
[2026-05-01 14:35:44] local.INFO: User authenticated via bearer token {"user_id":74,"user_email":"designer@mail.com"} 
[2026-05-01 14:35:44] local.INFO: Returning campaigns for user {"user_id":74,"campaign_count":1,"statuses":["draft"]} 
[2026-05-01 15:43:51] local.INFO: ParseBearerToken middleware invoked {"path":"/api/v2/campaign","method":"GET","has_auth_header":true,"auth_header_preview":"Bearer 172|XgSYnnyqlZTOiCN6ESA...","is_bearer":true} 
[2026-05-01 15:43:51] local.INFO: Extracted bearer token {"token_preview":"172|XgSYnn...","token_length":52} 
[2026-05-01 15:43:51] local.INFO: Found personal access token {"token_id":172,"user_id":74,"revoked":null} 
[2026-05-01 15:43:51] local.INFO: User authenticated via bearer token {"user_id":74,"user_email":"designer@mail.com"} 
[2026-05-01 15:43:51] local.INFO: Returning campaigns for user {"user_id":74,"campaign_count":1,"statuses":["draft"]} 
[2026-05-01 15:43:53] local.INFO: ParseBearerToken middleware invoked {"path":"/api/v2/campaign","method":"GET","has_auth_header":true,"auth_header_preview":"Bearer 172|XgSYnnyqlZTOiCN6ESA...","is_bearer":true} 
[2026-05-01 15:43:53] local.INFO: Extracted bearer token {"token_preview":"172|XgSYnn...","token_length":52} 
[2026-05-01 15:43:53] local.INFO: Found personal access token {"token_id":172,"user_id":74,"revoked":null} 
[2026-05-01 15:43:53] local.INFO: User authenticated via bearer token {"user_id":74,"user_email":"designer@mail.com"} 
[2026-05-01 15:43:53] local.INFO: Returning campaigns for user {"user_id":74,"campaign_count":1,"statuses":["draft"]} 
[2026-05-01 16:36:24] local.INFO: ParseBearerToken middleware invoked {"path":"/api/v2/campaign","method":"GET","has_auth_header":true,"auth_header_preview":"Bearer 172|XgSYnnyqlZTOiCN6ESA...","is_bearer":true} 
[2026-05-01 16:36:24] local.INFO: Extracted bearer token {"token_preview":"172|XgSYnn...","token_length":52} 
[2026-05-01 16:36:24] local.INFO: Found personal access token {"token_id":172,"user_id":74,"revoked":null} 
[2026-05-01 16:36:24] local.INFO: User authenticated via bearer token {"user_id":74,"user_email":"designer@mail.com"} 
[2026-05-01 16:36:25] local.INFO: Returning campaigns for user {"user_id":74,"campaign_count":1,"statuses":["draft"]} 
[2026-05-01 16:36:26] local.INFO: ParseBearerToken middleware invoked {"path":"/api/v2/campaign","method":"GET","has_auth_header":true,"auth_header_preview":"Bearer 172|XgSYnnyqlZTOiCN6ESA...","is_bearer":true} 
[2026-05-01 16:36:26] local.INFO: Extracted bearer token {"token_preview":"172|XgSYnn...","token_length":52} 
[2026-05-01 16:36:26] local.INFO: Found personal access token {"token_id":172,"user_id":74,"revoked":null} 
[2026-05-01 16:36:26] local.INFO: User authenticated via bearer token {"user_id":74,"user_email":"designer@mail.com"} 
[2026-05-01 16:36:27] local.INFO: Returning campaigns for user {"user_id":74,"campaign_count":1,"statuses":["draft"]} 
[2026-05-01 16:36:44] local.INFO: ParseBearerToken middleware invoked {"path":"/api/v2/campaign","method":"GET","has_auth_header":true,"auth_header_preview":"Bearer 172|XgSYnnyqlZTOiCN6ESA...","is_bearer":true} 
[2026-05-01 16:36:44] local.INFO: Extracted bearer token {"token_preview":"172|XgSYnn...","token_length":52} 
[2026-05-01 16:36:44] local.INFO: Found personal access token {"token_id":172,"user_id":74,"revoked":null} 
[2026-05-01 16:36:44] local.INFO: User authenticated via bearer token {"user_id":74,"user_email":"designer@mail.com"} 
[2026-05-01 16:36:44] local.INFO: Returning campaigns for user {"user_id":74,"campaign_count":1,"statuses":["draft"]} 
[2026-05-01 16:36:45] local.INFO: ParseBearerToken middleware invoked {"path":"/api/v2/campaign","method":"GET","has_auth_header":true,"auth_header_preview":"Bearer 172|XgSYnnyqlZTOiCN6ESA...","is_bearer":true} 
[2026-05-01 16:36:45] local.INFO: Extracted bearer token {"token_preview":"172|XgSYnn...","token_length":52} 
[2026-05-01 16:36:45] local.INFO: Found personal access token {"token_id":172,"user_id":74,"revoked":null} 
[2026-05-01 16:36:45] local.INFO: User authenticated via bearer token {"user_id":74,"user_email":"designer@mail.com"} 
[2026-05-01 16:36:45] local.INFO: Returning campaigns for user {"user_id":74,"campaign_count":1,"statuses":["draft"]} 
[2026-05-01 16:37:14] local.INFO: ParseBearerToken middleware invoked {"path":"/api/v2/campaign","method":"GET","has_auth_header":true,"auth_header_preview":"Bearer 172|XgSYnnyqlZTOiCN6ESA...","is_bearer":true} 
[2026-05-01 16:37:14] local.INFO: Extracted bearer token {"token_preview":"172|XgSYnn...","token_length":52} 
[2026-05-01 16:37:14] local.INFO: Found personal access token {"token_id":172,"user_id":74,"revoked":null} 
[2026-05-01 16:37:14] local.INFO: User authenticated via bearer token {"user_id":74,"user_email":"designer@mail.com"} 
[2026-05-01 16:37:14] local.INFO: Returning campaigns for user {"user_id":74,"campaign_count":1,"statuses":["draft"]} 
[2026-05-01 16:37:44] local.INFO: ParseBearerToken middleware invoked {"path":"/api/v2/campaign","method":"GET","has_auth_header":true,"auth_header_preview":"Bearer 172|XgSYnnyqlZTOiCN6ESA...","is_bearer":true} 
[2026-05-01 16:37:44] local.INFO: Extracted bearer token {"token_preview":"172|XgSYnn...","token_length":52} 
[2026-05-01 16:37:44] local.INFO: Found personal access token {"token_id":172,"user_id":74,"revoked":null} 
[2026-05-01 16:37:44] local.INFO: User authenticated via bearer token {"user_id":74,"user_email":"designer@mail.com"} 
[2026-05-01 16:37:44] local.INFO: Returning campaigns for user {"user_id":74,"campaign_count":1,"statuses":["draft"]} 
[2026-05-01 16:38:14] local.INFO: ParseBearerToken middleware invoked {"path":"/api/v2/campaign","method":"GET","has_auth_header":true,"auth_header_preview":"Bearer 172|XgSYnnyqlZTOiCN6ESA...","is_bearer":true} 
[2026-05-01 16:38:14] local.INFO: Extracted bearer token {"token_preview":"172|XgSYnn...","token_length":52} 
[2026-05-01 16:38:14] local.INFO: Found personal access token {"token_id":172,"user_id":74,"revoked":null} 
[2026-05-01 16:38:14] local.INFO: User authenticated via bearer token {"user_id":74,"user_email":"designer@mail.com"} 
[2026-05-01 16:38:14] local.INFO: Returning campaigns for user {"user_id":74,"campaign_count":1,"statuses":["draft"]} 
[2026-05-01 16:38:44] local.INFO: ParseBearerToken middleware invoked {"path":"/api/v2/campaign","method":"GET","has_auth_header":true,"auth_header_preview":"Bearer 172|XgSYnnyqlZTOiCN6ESA...","is_bearer":true} 
[2026-05-01 16:38:44] local.INFO: Extracted bearer token {"token_preview":"172|XgSYnn...","token_length":52} 
[2026-05-01 16:38:44] local.INFO: Found personal access token {"token_id":172,"user_id":74,"revoked":null} 
[2026-05-01 16:38:44] local.INFO: User authenticated via bearer token {"user_id":74,"user_email":"designer@mail.com"} 
[2026-05-01 16:38:44] local.INFO: Returning campaigns for user {"user_id":74,"campaign_count":1,"statuses":["draft"]} 
[2026-05-01 16:39:14] local.INFO: ParseBearerToken middleware invoked {"path":"/api/v2/campaign","method":"GET","has_auth_header":true,"auth_header_preview":"Bearer 172|XgSYnnyqlZTOiCN6ESA...","is_bearer":true} 
[2026-05-01 16:39:14] local.INFO: Extracted bearer token {"token_preview":"172|XgSYnn...","token_length":52} 
[2026-05-01 16:39:14] local.INFO: Found personal access token {"token_id":172,"user_id":74,"revoked":null} 
[2026-05-01 16:39:14] local.INFO: User authenticated via bearer token {"user_id":74,"user_email":"designer@mail.com"} 
[2026-05-01 16:39:14] local.INFO: Returning campaigns for user {"user_id":74,"campaign_count":1,"statuses":["draft"]} 
[2026-05-01 16:39:44] local.INFO: ParseBearerToken middleware invoked {"path":"/api/v2/campaign","method":"GET","has_auth_header":true,"auth_header_preview":"Bearer 172|XgSYnnyqlZTOiCN6ESA...","is_bearer":true} 
[2026-05-01 16:39:44] local.INFO: Extracted bearer token {"token_preview":"172|XgSYnn...","token_length":52} 
[2026-05-01 16:39:44] local.INFO: Found personal access token {"token_id":172,"user_id":74,"revoked":null} 
[2026-05-01 16:39:44] local.INFO: User authenticated via bearer token {"user_id":74,"user_email":"designer@mail.com"} 
[2026-05-01 16:39:44] local.INFO: Returning campaigns for user {"user_id":74,"campaign_count":1,"statuses":["draft"]} 
[2026-05-01 16:40:14] local.INFO: ParseBearerToken middleware invoked {"path":"/api/v2/campaign","method":"GET","has_auth_header":true,"auth_header_preview":"Bearer 172|XgSYnnyqlZTOiCN6ESA...","is_bearer":true} 
[2026-05-01 16:40:14] local.INFO: Extracted bearer token {"token_preview":"172|XgSYnn...","token_length":52} 
[2026-05-01 16:40:14] local.INFO: Found personal access token {"token_id":172,"user_id":74,"revoked":null} 
[2026-05-01 16:40:14] local.INFO: User authenticated via bearer token {"user_id":74,"user_email":"designer@mail.com"} 
[2026-05-01 16:40:14] local.INFO: Returning campaigns for user {"user_id":74,"campaign_count":1,"statuses":["draft"]} 
[2026-05-01 16:40:44] local.INFO: ParseBearerToken middleware invoked {"path":"/api/v2/campaign","method":"GET","has_auth_header":true,"auth_header_preview":"Bearer 172|XgSYnnyqlZTOiCN6ESA...","is_bearer":true} 
[2026-05-01 16:40:44] local.INFO: Extracted bearer token {"token_preview":"172|XgSYnn...","token_length":52} 
[2026-05-01 16:40:44] local.INFO: Found personal access token {"token_id":172,"user_id":74,"revoked":null} 
[2026-05-01 16:40:44] local.INFO: User authenticated via bearer token {"user_id":74,"user_email":"designer@mail.com"} 
[2026-05-01 16:40:44] local.INFO: Returning campaigns for user {"user_id":74,"campaign_count":1,"statuses":["draft"]} 
[2026-05-01 16:41:14] local.INFO: ParseBearerToken middleware invoked {"path":"/api/v2/campaign","method":"GET","has_auth_header":true,"auth_header_preview":"Bearer 172|XgSYnnyqlZTOiCN6ESA...","is_bearer":true} 
[2026-05-01 16:41:14] local.INFO: Extracted bearer token {"token_preview":"172|XgSYnn...","token_length":52} 
[2026-05-01 16:41:14] local.INFO: Found personal access token {"token_id":172,"user_id":74,"revoked":null} 
[2026-05-01 16:41:14] local.INFO: User authenticated via bearer token {"user_id":74,"user_email":"designer@mail.com"} 
[2026-05-01 16:41:14] local.INFO: Returning campaigns for user {"user_id":74,"campaign_count":1,"statuses":["draft"]} 
[2026-05-01 16:41:44] local.INFO: ParseBearerToken middleware invoked {"path":"/api/v2/campaign","method":"GET","has_auth_header":true,"auth_header_preview":"Bearer 172|XgSYnnyqlZTOiCN6ESA...","is_bearer":true} 
[2026-05-01 16:41:44] local.INFO: Extracted bearer token {"token_preview":"172|XgSYnn...","token_length":52} 
[2026-05-01 16:41:44] local.INFO: Found personal access token {"token_id":172,"user_id":74,"revoked":null} 
[2026-05-01 16:41:44] local.INFO: User authenticated via bearer token {"user_id":74,"user_email":"designer@mail.com"} 
[2026-05-01 16:41:44] local.INFO: Returning campaigns for user {"user_id":74,"campaign_count":1,"statuses":["draft"]} 
[2026-05-01 16:42:14] local.INFO: ParseBearerToken middleware invoked {"path":"/api/v2/campaign","method":"GET","has_auth_header":true,"auth_header_preview":"Bearer 172|XgSYnnyqlZTOiCN6ESA...","is_bearer":true} 
[2026-05-01 16:42:14] local.INFO: Extracted bearer token {"token_preview":"172|XgSYnn...","token_length":52} 
[2026-05-01 16:42:14] local.INFO: Found personal access token {"token_id":172,"user_id":74,"revoked":null} 
[2026-05-01 16:42:14] local.INFO: User authenticated via bearer token {"user_id":74,"user_email":"designer@mail.com"} 
[2026-05-01 16:42:14] local.INFO: Returning campaigns for user {"user_id":74,"campaign_count":1,"statuses":["draft"]} 
[2026-05-01 16:42:44] local.INFO: ParseBearerToken middleware invoked {"path":"/api/v2/campaign","method":"GET","has_auth_header":true,"auth_header_preview":"Bearer 172|XgSYnnyqlZTOiCN6ESA...","is_bearer":true} 
[2026-05-01 16:42:44] local.INFO: Extracted bearer token {"token_preview":"172|XgSYnn...","token_length":52} 
[2026-05-01 16:42:44] local.INFO: Found personal access token {"token_id":172,"user_id":74,"revoked":null} 
[2026-05-01 16:42:44] local.INFO: User authenticated via bearer token {"user_id":74,"user_email":"designer@mail.com"} 
[2026-05-01 16:42:44] local.INFO: Returning campaigns for user {"user_id":74,"campaign_count":1,"statuses":["draft"]} 
[2026-05-01 16:43:14] local.INFO: ParseBearerToken middleware invoked {"path":"/api/v2/campaign","method":"GET","has_auth_header":true,"auth_header_preview":"Bearer 172|XgSYnnyqlZTOiCN6ESA...","is_bearer":true} 
[2026-05-01 16:43:14] local.INFO: Extracted bearer token {"token_preview":"172|XgSYnn...","token_length":52} 
[2026-05-01 16:43:14] local.INFO: Found personal access token {"token_id":172,"user_id":74,"revoked":null} 
[2026-05-01 16:43:14] local.INFO: User authenticated via bearer token {"user_id":74,"user_email":"designer@mail.com"} 
[2026-05-01 16:43:14] local.INFO: Returning campaigns for user {"user_id":74,"campaign_count":1,"statuses":["draft"]} 
[2026-05-01 16:43:44] local.INFO: ParseBearerToken middleware invoked {"path":"/api/v2/campaign","method":"GET","has_auth_header":true,"auth_header_preview":"Bearer 172|XgSYnnyqlZTOiCN6ESA...","is_bearer":true} 
[2026-05-01 16:43:44] local.INFO: Extracted bearer token {"token_preview":"172|XgSYnn...","token_length":52} 
[2026-05-01 16:43:44] local.INFO: Found personal access token {"token_id":172,"user_id":74,"revoked":null} 
[2026-05-01 16:43:44] local.INFO: User authenticated via bearer token {"user_id":74,"user_email":"designer@mail.com"} 
[2026-05-01 16:43:44] local.INFO: Returning campaigns for user {"user_id":74,"campaign_count":1,"statuses":["draft"]} 
[2026-05-01 16:44:14] local.INFO: ParseBearerToken middleware invoked {"path":"/api/v2/campaign","method":"GET","has_auth_header":true,"auth_header_preview":"Bearer 172|XgSYnnyqlZTOiCN6ESA...","is_bearer":true} 
[2026-05-01 16:44:14] local.INFO: Extracted bearer token {"token_preview":"172|XgSYnn...","token_length":52} 
[2026-05-01 16:44:14] local.INFO: Found personal access token {"token_id":172,"user_id":74,"revoked":null} 
[2026-05-01 16:44:14] local.INFO: User authenticated via bearer token {"user_id":74,"user_email":"designer@mail.com"} 
[2026-05-01 16:44:14] local.INFO: Returning campaigns for user {"user_id":74,"campaign_count":1,"statuses":["draft"]} 
[2026-05-01 16:44:44] local.INFO: ParseBearerToken middleware invoked {"path":"/api/v2/campaign","method":"GET","has_auth_header":true,"auth_header_preview":"Bearer 172|XgSYnnyqlZTOiCN6ESA...","is_bearer":true} 
[2026-05-01 16:44:44] local.INFO: Extracted bearer token {"token_preview":"172|XgSYnn...","token_length":52} 
[2026-05-01 16:44:44] local.INFO: Found personal access token {"token_id":172,"user_id":74,"revoked":null} 
[2026-05-01 16:44:44] local.INFO: User authenticated via bearer token {"user_id":74,"user_email":"designer@mail.com"} 
[2026-05-01 16:44:44] local.INFO: Returning campaigns for user {"user_id":74,"campaign_count":1,"statuses":["draft"]} 
[2026-05-01 16:45:14] local.INFO: ParseBearerToken middleware invoked {"path":"/api/v2/campaign","method":"GET","has_auth_header":true,"auth_header_preview":"Bearer 172|XgSYnnyqlZTOiCN6ESA...","is_bearer":true} 
[2026-05-01 16:45:14] local.INFO: Extracted bearer token {"token_preview":"172|XgSYnn...","token_length":52} 
[2026-05-01 16:45:14] local.INFO: Found personal access token {"token_id":172,"user_id":74,"revoked":null} 
[2026-05-01 16:45:14] local.INFO: User authenticated via bearer token {"user_id":74,"user_email":"designer@mail.com"} 
[2026-05-01 16:45:14] local.INFO: Returning campaigns for user {"user_id":74,"campaign_count":1,"statuses":["draft"]} 
[2026-05-01 16:45:44] local.INFO: ParseBearerToken middleware invoked {"path":"/api/v2/campaign","method":"GET","has_auth_header":true,"auth_header_preview":"Bearer 172|XgSYnnyqlZTOiCN6ESA...","is_bearer":true} 
[2026-05-01 16:45:44] local.INFO: Extracted bearer token {"token_preview":"172|XgSYnn...","token_length":52} 
[2026-05-01 16:45:44] local.INFO: Found personal access token {"token_id":172,"user_id":74,"revoked":null} 
[2026-05-01 16:45:44] local.INFO: User authenticated via bearer token {"user_id":74,"user_email":"designer@mail.com"} 
[2026-05-01 16:45:44] local.INFO: Returning campaigns for user {"user_id":74,"campaign_count":1,"statuses":["draft"]} 
[2026-05-01 16:46:16] local.INFO: ParseBearerToken middleware invoked {"path":"/api/v2/campaign","method":"GET","has_auth_header":true,"auth_header_preview":"Bearer 172|XgSYnnyqlZTOiCN6ESA...","is_bearer":true} 
[2026-05-01 16:46:16] local.INFO: Extracted bearer token {"token_preview":"172|XgSYnn...","token_length":52} 
[2026-05-01 16:46:16] local.INFO: Found personal access token {"token_id":172,"user_id":74,"revoked":null} 
[2026-05-01 16:46:16] local.INFO: User authenticated via bearer token {"user_id":74,"user_email":"designer@mail.com"} 
[2026-05-01 16:46:16] local.INFO: Returning campaigns for user {"user_id":74,"campaign_count":1,"statuses":["draft"]} 
[2026-05-01 16:46:44] local.INFO: ParseBearerToken middleware invoked {"path":"/api/v2/campaign","method":"GET","has_auth_header":true,"auth_header_preview":"Bearer 172|XgSYnnyqlZTOiCN6ESA...","is_bearer":true} 
[2026-05-01 16:46:44] local.INFO: Extracted bearer token {"token_preview":"172|XgSYnn...","token_length":52} 
[2026-05-01 16:46:44] local.INFO: Found personal access token {"token_id":172,"user_id":74,"revoked":null} 
[2026-05-01 16:46:44] local.INFO: User authenticated via bearer token {"user_id":74,"user_email":"designer@mail.com"} 
[2026-05-01 16:46:44] local.INFO: Returning campaigns for user {"user_id":74,"campaign_count":1,"statuses":["draft"]} 
[2026-05-01 16:48:07] local.INFO: ParseBearerToken middleware invoked {"path":"/api/v2/campaign","method":"GET","has_auth_header":true,"auth_header_preview":"Bearer 172|XgSYnnyqlZTOiCN6ESA...","is_bearer":true} 
[2026-05-01 16:48:07] local.INFO: Extracted bearer token {"token_preview":"172|XgSYnn...","token_length":52} 
[2026-05-01 16:48:07] local.INFO: Found personal access token {"token_id":172,"user_id":74,"revoked":null} 
[2026-05-01 16:48:07] local.INFO: User authenticated via bearer token {"user_id":74,"user_email":"designer@mail.com"} 
[2026-05-01 16:48:07] local.INFO: Returning campaigns for user {"user_id":74,"campaign_count":1,"statuses":["draft"]} 
[2026-05-01 16:49:07] local.INFO: ParseBearerToken middleware invoked {"path":"/api/v2/campaign","method":"GET","has_auth_header":true,"auth_header_preview":"Bearer 172|XgSYnnyqlZTOiCN6ESA...","is_bearer":true} 
[2026-05-01 16:49:07] local.INFO: Extracted bearer token {"token_preview":"172|XgSYnn...","token_length":52} 
[2026-05-01 16:49:07] local.INFO: Found personal access token {"token_id":172,"user_id":74,"revoked":null} 
[2026-05-01 16:49:07] local.INFO: User authenticated via bearer token {"user_id":74,"user_email":"designer@mail.com"} 
[2026-05-01 16:49:07] local.INFO: Returning campaigns for user {"user_id":74,"campaign_count":1,"statuses":["draft"]} 
[2026-05-01 16:49:25] local.INFO: ParseBearerToken middleware invoked {"path":"/api/v2/campaign","method":"GET","has_auth_header":true,"auth_header_preview":"Bearer 172|XgSYnnyqlZTOiCN6ESA...","is_bearer":true} 
[2026-05-01 16:49:25] local.INFO: Extracted bearer token {"token_preview":"172|XgSYnn...","token_length":52} 
[2026-05-01 16:49:25] local.INFO: Found personal access token {"token_id":172,"user_id":74,"revoked":null} 
[2026-05-01 16:49:25] local.INFO: User authenticated via bearer token {"user_id":74,"user_email":"designer@mail.com"} 
[2026-05-01 16:49:25] local.INFO: Returning campaigns for user {"user_id":74,"campaign_count":1,"statuses":["draft"]} 
[2026-05-01 16:49:44] local.INFO: ParseBearerToken middleware invoked {"path":"/api/v2/campaign","method":"GET","has_auth_header":true,"auth_header_preview":"Bearer 172|XgSYnnyqlZTOiCN6ESA...","is_bearer":true} 
[2026-05-01 16:49:44] local.INFO: Extracted bearer token {"token_preview":"172|XgSYnn...","token_length":52} 
[2026-05-01 16:49:44] local.INFO: Found personal access token {"token_id":172,"user_id":74,"revoked":null} 
[2026-05-01 16:49:44] local.INFO: User authenticated via bearer token {"user_id":74,"user_email":"designer@mail.com"} 
[2026-05-01 16:49:44] local.INFO: Returning campaigns for user {"user_id":74,"campaign_count":1,"statuses":["draft"]} 
[2026-05-01 16:50:15] local.INFO: ParseBearerToken middleware invoked {"path":"/api/v2/campaign","method":"GET","has_auth_header":true,"auth_header_preview":"Bearer 172|XgSYnnyqlZTOiCN6ESA...","is_bearer":true} 
[2026-05-01 16:50:15] local.INFO: Extracted bearer token {"token_preview":"172|XgSYnn...","token_length":52} 
[2026-05-01 16:50:15] local.INFO: Found personal access token {"token_id":172,"user_id":74,"revoked":null} 
[2026-05-01 16:50:15] local.INFO: User authenticated via bearer token {"user_id":74,"user_email":"designer@mail.com"} 
[2026-05-01 16:50:15] local.INFO: Returning campaigns for user {"user_id":74,"campaign_count":1,"statuses":["draft"]} 
[2026-05-01 16:50:44] local.INFO: ParseBearerToken middleware invoked {"path":"/api/v2/campaign","method":"GET","has_auth_header":true,"auth_header_preview":"Bearer 172|XgSYnnyqlZTOiCN6ESA...","is_bearer":true} 
[2026-05-01 16:50:44] local.INFO: Extracted bearer token {"token_preview":"172|XgSYnn...","token_length":52} 
[2026-05-01 16:50:44] local.INFO: Found personal access token {"token_id":172,"user_id":74,"revoked":null} 
[2026-05-01 16:50:44] local.INFO: User authenticated via bearer token {"user_id":74,"user_email":"designer@mail.com"} 
[2026-05-01 16:50:44] local.INFO: Returning campaigns for user {"user_id":74,"campaign_count":1,"statuses":["draft"]} 
[2026-05-01 16:51:14] local.INFO: ParseBearerToken middleware invoked {"path":"/api/v2/campaign","method":"GET","has_auth_header":true,"auth_header_preview":"Bearer 172|XgSYnnyqlZTOiCN6ESA...","is_bearer":true} 
[2026-05-01 16:51:14] local.INFO: Extracted bearer token {"token_preview":"172|XgSYnn...","token_length":52} 
[2026-05-01 16:51:14] local.INFO: Found personal access token {"token_id":172,"user_id":74,"revoked":null} 
[2026-05-01 16:51:14] local.INFO: User authenticated via bearer token {"user_id":74,"user_email":"designer@mail.com"} 
[2026-05-01 16:51:14] local.INFO: Returning campaigns for user {"user_id":74,"campaign_count":1,"statuses":["draft"]} 
[2026-05-01 16:51:50] local.INFO: ParseBearerToken middleware invoked {"path":"/api/v2/campaign","method":"GET","has_auth_header":true,"auth_header_preview":"Bearer 172|XgSYnnyqlZTOiCN6ESA...","is_bearer":true} 
[2026-05-01 16:51:50] local.INFO: Extracted bearer token {"token_preview":"172|XgSYnn...","token_length":52} 
[2026-05-01 16:51:50] local.INFO: Found personal access token {"token_id":172,"user_id":74,"revoked":null} 
[2026-05-01 16:51:50] local.INFO: User authenticated via bearer token {"user_id":74,"user_email":"designer@mail.com"} 
[2026-05-01 16:51:50] local.INFO: Returning campaigns for user {"user_id":74,"campaign_count":1,"statuses":["draft"]} 
[2026-05-01 16:52:14] local.INFO: ParseBearerToken middleware invoked {"path":"/api/v2/campaign","method":"GET","has_auth_header":true,"auth_header_preview":"Bearer 172|XgSYnnyqlZTOiCN6ESA...","is_bearer":true} 
[2026-05-01 16:52:14] local.INFO: Extracted bearer token {"token_preview":"172|XgSYnn...","token_length":52} 
[2026-05-01 16:52:14] local.INFO: Found personal access token {"token_id":172,"user_id":74,"revoked":null} 
[2026-05-01 16:52:14] local.INFO: User authenticated via bearer token {"user_id":74,"user_email":"designer@mail.com"} 
[2026-05-01 16:52:14] local.INFO: Returning campaigns for user {"user_id":74,"campaign_count":1,"statuses":["draft"]} 
[2026-05-01 16:52:44] local.INFO: ParseBearerToken middleware invoked {"path":"/api/v2/campaign","method":"GET","has_auth_header":true,"auth_header_preview":"Bearer 172|XgSYnnyqlZTOiCN6ESA...","is_bearer":true} 
[2026-05-01 16:52:44] local.INFO: Extracted bearer token {"token_preview":"172|XgSYnn...","token_length":52} 
[2026-05-01 16:52:44] local.INFO: Found personal access token {"token_id":172,"user_id":74,"revoked":null} 
[2026-05-01 16:52:44] local.INFO: User authenticated via bearer token {"user_id":74,"user_email":"designer@mail.com"} 
[2026-05-01 16:52:44] local.INFO: Returning campaigns for user {"user_id":74,"campaign_count":1,"statuses":["draft"]} 
[2026-05-01 16:54:30] local.INFO: ParseBearerToken middleware invoked {"path":"/api/v2/campaign","method":"GET","has_auth_header":true,"auth_header_preview":"Bearer 172|XgSYnnyqlZTOiCN6ESA...","is_bearer":true} 
[2026-05-01 16:54:30] local.INFO: Extracted bearer token {"token_preview":"172|XgSYnn...","token_length":52} 
[2026-05-01 16:54:30] local.INFO: Found personal access token {"token_id":172,"user_id":74,"revoked":null} 
[2026-05-01 16:54:30] local.INFO: User authenticated via bearer token {"user_id":74,"user_email":"designer@mail.com"} 
[2026-05-01 16:54:30] local.INFO: Returning campaigns for user {"user_id":74,"campaign_count":1,"statuses":["draft"]} 
[2026-05-01 16:54:30] local.INFO: ParseBearerToken middleware invoked {"path":"/api/v2/campaign","method":"GET","has_auth_header":true,"auth_header_preview":"Bearer 172|XgSYnnyqlZTOiCN6ESA...","is_bearer":true} 
[2026-05-01 16:54:30] local.INFO: Extracted bearer token {"token_preview":"172|XgSYnn...","token_length":52} 
[2026-05-01 16:54:30] local.INFO: Found personal access token {"token_id":172,"user_id":74,"revoked":null} 
[2026-05-01 16:54:30] local.INFO: User authenticated via bearer token {"user_id":74,"user_email":"designer@mail.com"} 
[2026-05-01 16:54:30] local.INFO: Returning campaigns for user {"user_id":74,"campaign_count":1,"statuses":["draft"]} 
[2026-05-01 19:25:17] local.INFO: ParseBearerToken middleware invoked {"path":"/api/v2/campaign","method":"GET","has_auth_header":true,"auth_header_preview":"Bearer 172|XgSYnnyqlZTOiCN6ESA...","is_bearer":true} 
[2026-05-01 19:25:17] local.INFO: Extracted bearer token {"token_preview":"172|XgSYnn...","token_length":52} 
[2026-05-01 19:25:17] local.INFO: Found personal access token {"token_id":172,"user_id":74,"revoked":null} 
[2026-05-01 19:25:17] local.INFO: User authenticated via bearer token {"user_id":74,"user_email":"designer@mail.com"} 
[2026-05-01 19:25:18] local.INFO: Returning campaigns for user {"user_id":74,"campaign_count":1,"statuses":["draft"]} 
[2026-05-01 19:25:19] local.INFO: ParseBearerToken middleware invoked {"path":"/api/v2/campaign","method":"GET","has_auth_header":true,"auth_header_preview":"Bearer 172|XgSYnnyqlZTOiCN6ESA...","is_bearer":true} 
[2026-05-01 19:25:19] local.INFO: Extracted bearer token {"token_preview":"172|XgSYnn...","token_length":52} 
[2026-05-01 19:25:19] local.INFO: Found personal access token {"token_id":172,"user_id":74,"revoked":null} 
[2026-05-01 19:25:19] local.INFO: User authenticated via bearer token {"user_id":74,"user_email":"designer@mail.com"} 
[2026-05-01 19:25:19] local.INFO: Returning campaigns for user {"user_id":74,"campaign_count":1,"statuses":["draft"]} 
[2026-05-01 19:25:44] local.INFO: ParseBearerToken middleware invoked {"path":"/api/v2/campaign","method":"GET","has_auth_header":true,"auth_header_preview":"Bearer 172|XgSYnnyqlZTOiCN6ESA...","is_bearer":true} 
[2026-05-01 19:25:44] local.INFO: Extracted bearer token {"token_preview":"172|XgSYnn...","token_length":52} 
[2026-05-01 19:25:44] local.INFO: Found personal access token {"token_id":172,"user_id":74,"revoked":null} 
[2026-05-01 19:25:44] local.INFO: User authenticated via bearer token {"user_id":74,"user_email":"designer@mail.com"} 
[2026-05-01 19:25:44] local.INFO: Returning campaigns for user {"user_id":74,"campaign_count":1,"statuses":["draft"]} 
[2026-05-01 19:26:16] local.INFO: ParseBearerToken middleware invoked {"path":"/api/v2/campaign","method":"GET","has_auth_header":true,"auth_header_preview":"Bearer 172|XgSYnnyqlZTOiCN6ESA...","is_bearer":true} 
[2026-05-01 19:26:16] local.INFO: Extracted bearer token {"token_preview":"172|XgSYnn...","token_length":52} 
[2026-05-01 19:26:16] local.INFO: Found personal access token {"token_id":172,"user_id":74,"revoked":null} 
[2026-05-01 19:26:16] local.INFO: User authenticated via bearer token {"user_id":74,"user_email":"designer@mail.com"} 
[2026-05-01 19:26:16] local.INFO: Returning campaigns for user {"user_id":74,"campaign_count":1,"statuses":["draft"]} 
[2026-05-01 19:26:21] local.INFO: ParseBearerToken middleware invoked {"path":"/api/v2/campaign","method":"GET","has_auth_header":true,"auth_header_preview":"Bearer 172|XgSYnnyqlZTOiCN6ESA...","is_bearer":true} 
[2026-05-01 19:26:21] local.INFO: Extracted bearer token {"token_preview":"172|XgSYnn...","token_length":52} 
[2026-05-01 19:26:21] local.INFO: Found personal access token {"token_id":172,"user_id":74,"revoked":null} 
[2026-05-01 19:26:21] local.INFO: User authenticated via bearer token {"user_id":74,"user_email":"designer@mail.com"} 
[2026-05-01 19:26:22] local.INFO: Returning campaigns for user {"user_id":74,"campaign_count":1,"statuses":["draft"]} 
[2026-05-01 19:26:23] local.INFO: ParseBearerToken middleware invoked {"path":"/api/v2/campaign","method":"GET","has_auth_header":true,"auth_header_preview":"Bearer 172|XgSYnnyqlZTOiCN6ESA...","is_bearer":true} 
[2026-05-01 19:26:23] local.INFO: Extracted bearer token {"token_preview":"172|XgSYnn...","token_length":52} 
[2026-05-01 19:26:23] local.INFO: Found personal access token {"token_id":172,"user_id":74,"revoked":null} 
[2026-05-01 19:26:23] local.INFO: User authenticated via bearer token {"user_id":74,"user_email":"designer@mail.com"} 
[2026-05-01 19:26:23] local.INFO: Returning campaigns for user {"user_id":74,"campaign_count":1,"statuses":["draft"]} 
[2026-05-01 19:43:54] local.INFO: ParseBearerToken middleware invoked {"path":"/api/v2/campaign","method":"GET","has_auth_header":true,"auth_header_preview":"Bearer 172|XgSYnnyqlZTOiCN6ESA...","is_bearer":true} 
[2026-05-01 19:43:54] local.INFO: Extracted bearer token {"token_preview":"172|XgSYnn...","token_length":52} 
[2026-05-01 19:43:54] local.INFO: Found personal access token {"token_id":172,"user_id":74,"revoked":null} 
[2026-05-01 19:43:54] local.INFO: User authenticated via bearer token {"user_id":74,"user_email":"designer@mail.com"} 
[2026-05-01 19:43:54] local.INFO: Returning campaigns for user {"user_id":74,"campaign_count":1,"statuses":["draft"]} 
[2026-05-01 19:43:55] local.INFO: ParseBearerToken middleware invoked {"path":"/api/v2/campaign","method":"GET","has_auth_header":true,"auth_header_preview":"Bearer 172|XgSYnnyqlZTOiCN6ESA...","is_bearer":true} 
[2026-05-01 19:43:55] local.INFO: Extracted bearer token {"token_preview":"172|XgSYnn...","token_length":52} 
[2026-05-01 19:43:55] local.INFO: Found personal access token {"token_id":172,"user_id":74,"revoked":null} 
[2026-05-01 19:43:55] local.INFO: User authenticated via bearer token {"user_id":74,"user_email":"designer@mail.com"} 
[2026-05-01 19:43:55] local.INFO: Returning campaigns for user {"user_id":74,"campaign_count":1,"statuses":["draft"]} 
[2026-05-01 19:50:58] local.INFO: ParseBearerToken middleware invoked {"path":"/api/v2/campaign","method":"GET","has_auth_header":true,"auth_header_preview":"Bearer 172|XgSYnnyqlZTOiCN6ESA...","is_bearer":true} 
[2026-05-01 19:50:58] local.INFO: Extracted bearer token {"token_preview":"172|XgSYnn...","token_length":52} 
[2026-05-01 19:50:58] local.INFO: Found personal access token {"token_id":172,"user_id":74,"revoked":null} 
[2026-05-01 19:50:58] local.INFO: User authenticated via bearer token {"user_id":74,"user_email":"designer@mail.com"} 
[2026-05-01 19:50:58] local.INFO: Returning campaigns for user {"user_id":74,"campaign_count":1,"statuses":["draft"]} 
[2026-05-01 19:50:59] local.INFO: ParseBearerToken middleware invoked {"path":"/api/v2/campaign","method":"GET","has_auth_header":true,"auth_header_preview":"Bearer 172|XgSYnnyqlZTOiCN6ESA...","is_bearer":true} 
[2026-05-01 19:50:59] local.INFO: Extracted bearer token {"token_preview":"172|XgSYnn...","token_length":52} 
[2026-05-01 19:50:59] local.INFO: Found personal access token {"token_id":172,"user_id":74,"revoked":null} 
[2026-05-01 19:50:59] local.INFO: User authenticated via bearer token {"user_id":74,"user_email":"designer@mail.com"} 
[2026-05-01 19:50:59] local.INFO: Returning campaigns for user {"user_id":74,"campaign_count":1,"statuses":["draft"]} 
[2026-05-01 19:51:00] local.INFO: ParseBearerToken middleware invoked {"path":"/api/v2/campaign","method":"GET","has_auth_header":true,"auth_header_preview":"Bearer 172|XgSYnnyqlZTOiCN6ESA...","is_bearer":true} 
[2026-05-01 19:51:00] local.INFO: Extracted bearer token {"token_preview":"172|XgSYnn...","token_length":52} 
[2026-05-01 19:51:00] local.INFO: Found personal access token {"token_id":172,"user_id":74,"revoked":null} 
[2026-05-01 19:51:00] local.INFO: User authenticated via bearer token {"user_id":74,"user_email":"designer@mail.com"} 
[2026-05-01 19:51:00] local.INFO: Returning campaigns for user {"user_id":74,"campaign_count":1,"statuses":["draft"]} 
[2026-05-01 19:51:01] local.INFO: ParseBearerToken middleware invoked {"path":"/api/v2/campaign","method":"GET","has_auth_header":true,"auth_header_preview":"Bearer 172|XgSYnnyqlZTOiCN6ESA...","is_bearer":true} 
[2026-05-01 19:51:01] local.INFO: Extracted bearer token {"token_preview":"172|XgSYnn...","token_length":52} 
[2026-05-01 19:51:01] local.INFO: Found personal access token {"token_id":172,"user_id":74,"revoked":null} 
[2026-05-01 19:51:01] local.INFO: User authenticated via bearer token {"user_id":74,"user_email":"designer@mail.com"} 
[2026-05-01 19:51:01] local.INFO: Returning campaigns for user {"user_id":74,"campaign_count":1,"statuses":["draft"]} 
[2026-05-01 19:51:08] local.INFO: ParseBearerToken middleware invoked {"path":"/api/v2/campaign","method":"GET","has_auth_header":true,"auth_header_preview":"Bearer 172|XgSYnnyqlZTOiCN6ESA...","is_bearer":true} 
[2026-05-01 19:51:08] local.INFO: Extracted bearer token {"token_preview":"172|XgSYnn...","token_length":52} 
[2026-05-01 19:51:08] local.INFO: Found personal access token {"token_id":172,"user_id":74,"revoked":null} 
[2026-05-01 19:51:08] local.INFO: User authenticated via bearer token {"user_id":74,"user_email":"designer@mail.com"} 
[2026-05-01 19:51:08] local.INFO: Returning campaigns for user {"user_id":74,"campaign_count":1,"statuses":["draft"]} 
[2026-05-01 19:51:08] local.INFO: ParseBearerToken middleware invoked {"path":"/api/v2/campaign","method":"GET","has_auth_header":true,"auth_header_preview":"Bearer 172|XgSYnnyqlZTOiCN6ESA...","is_bearer":true} 
[2026-05-01 19:51:08] local.INFO: Extracted bearer token {"token_preview":"172|XgSYnn...","token_length":52} 
[2026-05-01 19:51:08] local.INFO: Found personal access token {"token_id":172,"user_id":74,"revoked":null} 
[2026-05-01 19:51:08] local.INFO: User authenticated via bearer token {"user_id":74,"user_email":"designer@mail.com"} 
[2026-05-01 19:51:08] local.INFO: Returning campaigns for user {"user_id":74,"campaign_count":1,"statuses":["draft"]} 
[2026-05-01 20:02:36] local.INFO: ParseBearerToken middleware invoked {"path":"/api/v2/campaign","method":"GET","has_auth_header":true,"auth_header_preview":"Bearer 172|XgSYnnyqlZTOiCN6ESA...","is_bearer":true} 
[2026-05-01 20:02:36] local.INFO: Extracted bearer token {"token_preview":"172|XgSYnn...","token_length":52} 
[2026-05-01 20:02:36] local.INFO: Found personal access token {"token_id":172,"user_id":74,"revoked":null} 
[2026-05-01 20:02:36] local.INFO: User authenticated via bearer token {"user_id":74,"user_email":"designer@mail.com"} 
[2026-05-01 20:02:36] local.INFO: Returning campaigns for user {"user_id":74,"campaign_count":1,"statuses":["draft"]} 
[2026-05-01 20:02:36] local.INFO: ParseBearerToken middleware invoked {"path":"/api/v2/campaign","method":"GET","has_auth_header":true,"auth_header_preview":"Bearer 172|XgSYnnyqlZTOiCN6ESA...","is_bearer":true} 
[2026-05-01 20:02:36] local.INFO: Extracted bearer token {"token_preview":"172|XgSYnn...","token_length":52} 
[2026-05-01 20:02:36] local.INFO: Found personal access token {"token_id":172,"user_id":74,"revoked":null} 
[2026-05-01 20:02:36] local.INFO: User authenticated via bearer token {"user_id":74,"user_email":"designer@mail.com"} 
[2026-05-01 20:02:36] local.INFO: Returning campaigns for user {"user_id":74,"campaign_count":1,"statuses":["draft"]} 
[2026-05-01 20:14:46] local.INFO: ParseBearerToken middleware invoked {"path":"/api/v2/creator/profile","method":"GET","has_auth_header":true,"auth_header_preview":"Bearer 172|XgSYnnyqlZTOiCN6ESA...","is_bearer":true} 
[2026-05-01 20:14:46] local.INFO: Extracted bearer token {"token_preview":"172|XgSYnn...","token_length":52} 
[2026-05-01 20:14:46] local.INFO: Found personal access token {"token_id":172,"user_id":74,"revoked":null} 
[2026-05-01 20:14:46] local.INFO: User authenticated via bearer token {"user_id":74,"user_email":"designer@mail.com"} 
[2026-05-01 20:14:48] local.INFO: ParseBearerToken middleware invoked {"path":"/api/v2/creator/profile","method":"GET","has_auth_header":true,"auth_header_preview":"Bearer 172|XgSYnnyqlZTOiCN6ESA...","is_bearer":true} 
[2026-05-01 20:14:48] local.INFO: Extracted bearer token {"token_preview":"172|XgSYnn...","token_length":52} 
[2026-05-01 20:14:48] local.INFO: Found personal access token {"token_id":172,"user_id":74,"revoked":null} 
[2026-05-01 20:14:48] local.INFO: User authenticated via bearer token {"user_id":74,"user_email":"designer@mail.com"} 
[2026-05-01 20:14:57] local.INFO: ParseBearerToken middleware invoked {"path":"/api/v2/creator/profile","method":"GET","has_auth_header":true,"auth_header_preview":"Bearer 172|XgSYnnyqlZTOiCN6ESA...","is_bearer":true} 
[2026-05-01 20:14:57] local.INFO: Extracted bearer token {"token_preview":"172|XgSYnn...","token_length":52} 
[2026-05-01 20:14:57] local.INFO: Found personal access token {"token_id":172,"user_id":74,"revoked":null} 
[2026-05-01 20:14:57] local.INFO: User authenticated via bearer token {"user_id":74,"user_email":"designer@mail.com"} 
[2026-05-01 20:15:28] local.INFO: ParseBearerToken middleware invoked {"path":"/api/v2/creator/profile","method":"GET","has_auth_header":true,"auth_header_preview":"Bearer 172|XgSYnnyqlZTOiCN6ESA...","is_bearer":true} 
[2026-05-01 20:15:28] local.INFO: Extracted bearer token {"token_preview":"172|XgSYnn...","token_length":52} 
[2026-05-01 20:15:28] local.INFO: Found personal access token {"token_id":172,"user_id":74,"revoked":null} 
[2026-05-01 20:15:28] local.INFO: User authenticated via bearer token {"user_id":74,"user_email":"designer@mail.com"} 
[2026-05-01 20:15:57] local.INFO: ParseBearerToken middleware invoked {"path":"/api/v2/creator/profile","method":"GET","has_auth_header":true,"auth_header_preview":"Bearer 172|XgSYnnyqlZTOiCN6ESA...","is_bearer":true} 
[2026-05-01 20:15:57] local.INFO: Extracted bearer token {"token_preview":"172|XgSYnn...","token_length":52} 
[2026-05-01 20:15:57] local.INFO: Found personal access token {"token_id":172,"user_id":74,"revoked":null} 
[2026-05-01 20:15:57] local.INFO: User authenticated via bearer token {"user_id":74,"user_email":"designer@mail.com"} 
[2026-05-01 20:16:27] local.INFO: ParseBearerToken middleware invoked {"path":"/api/v2/creator/profile","method":"GET","has_auth_header":true,"auth_header_preview":"Bearer 172|XgSYnnyqlZTOiCN6ESA...","is_bearer":true} 
[2026-05-01 20:16:27] local.INFO: Extracted bearer token {"token_preview":"172|XgSYnn...","token_length":52} 
[2026-05-01 20:16:27] local.INFO: Found personal access token {"token_id":172,"user_id":74,"revoked":null} 
[2026-05-01 20:16:27] local.INFO: User authenticated via bearer token {"user_id":74,"user_email":"designer@mail.com"} 
[2026-05-01 20:16:58] local.INFO: ParseBearerToken middleware invoked {"path":"/api/v2/creator/profile","method":"GET","has_auth_header":true,"auth_header_preview":"Bearer 172|XgSYnnyqlZTOiCN6ESA...","is_bearer":true} 
[2026-05-01 20:16:58] local.INFO: Extracted bearer token {"token_preview":"172|XgSYnn...","token_length":52} 
[2026-05-01 20:16:58] local.INFO: Found personal access token {"token_id":172,"user_id":74,"revoked":null} 
[2026-05-01 20:16:58] local.INFO: User authenticated via bearer token {"user_id":74,"user_email":"designer@mail.com"} 
[2026-05-01 20:17:29] local.INFO: ParseBearerToken middleware invoked {"path":"/api/v2/creator/profile","method":"GET","has_auth_header":true,"auth_header_preview":"Bearer 172|XgSYnnyqlZTOiCN6ESA...","is_bearer":true} 
[2026-05-01 20:17:29] local.INFO: Extracted bearer token {"token_preview":"172|XgSYnn...","token_length":52} 
[2026-05-01 20:17:29] local.INFO: Found personal access token {"token_id":172,"user_id":74,"revoked":null} 
[2026-05-01 20:17:29] local.INFO: User authenticated via bearer token {"user_id":74,"user_email":"designer@mail.com"} 
[2026-05-01 20:17:58] local.INFO: ParseBearerToken middleware invoked {"path":"/api/v2/creator/profile","method":"GET","has_auth_header":true,"auth_header_preview":"Bearer 172|XgSYnnyqlZTOiCN6ESA...","is_bearer":true} 
[2026-05-01 20:17:58] local.INFO: Extracted bearer token {"token_preview":"172|XgSYnn...","token_length":52} 
[2026-05-01 20:17:58] local.INFO: Found personal access token {"token_id":172,"user_id":74,"revoked":null} 
[2026-05-01 20:17:58] local.INFO: User authenticated via bearer token {"user_id":74,"user_email":"designer@mail.com"} 
[2026-05-01 20:18:27] local.INFO: ParseBearerToken middleware invoked {"path":"/api/v2/creator/profile","method":"GET","has_auth_header":true,"auth_header_preview":"Bearer 172|XgSYnnyqlZTOiCN6ESA...","is_bearer":true} 
[2026-05-01 20:18:27] local.INFO: Extracted bearer token {"token_preview":"172|XgSYnn...","token_length":52} 
[2026-05-01 20:18:27] local.INFO: Found personal access token {"token_id":172,"user_id":74,"revoked":null} 
[2026-05-01 20:18:27] local.INFO: User authenticated via bearer token {"user_id":74,"user_email":"designer@mail.com"} 
[2026-05-01 20:19:07] local.INFO: ParseBearerToken middleware invoked {"path":"/api/v2/creator/profile","method":"GET","has_auth_header":true,"auth_header_preview":"Bearer 172|XgSYnnyqlZTOiCN6ESA...","is_bearer":true} 
[2026-05-01 20:19:07] local.INFO: Extracted bearer token {"token_preview":"172|XgSYnn...","token_length":52} 
[2026-05-01 20:19:07] local.INFO: Found personal access token {"token_id":172,"user_id":74,"revoked":null} 
[2026-05-01 20:19:07] local.INFO: User authenticated via bearer token {"user_id":74,"user_email":"designer@mail.com"} 
[2026-05-01 20:20:04] local.INFO: ParseBearerToken middleware invoked {"path":"/api/v2/creator/profile","method":"GET","has_auth_header":true,"auth_header_preview":"Bearer 172|XgSYnnyqlZTOiCN6ESA...","is_bearer":true} 
[2026-05-01 20:20:04] local.INFO: Extracted bearer token {"token_preview":"172|XgSYnn...","token_length":52} 
[2026-05-01 20:20:04] local.INFO: Found personal access token {"token_id":172,"user_id":74,"revoked":null} 
[2026-05-01 20:20:04] local.INFO: User authenticated via bearer token {"user_id":74,"user_email":"designer@mail.com"} 
[2026-05-01 20:20:27] local.INFO: ParseBearerToken middleware invoked {"path":"/api/v2/creator/profile","method":"GET","has_auth_header":true,"auth_header_preview":"Bearer 172|XgSYnnyqlZTOiCN6ESA...","is_bearer":true} 
[2026-05-01 20:20:27] local.INFO: Extracted bearer token {"token_preview":"172|XgSYnn...","token_length":52} 
[2026-05-01 20:20:27] local.INFO: Found personal access token {"token_id":172,"user_id":74,"revoked":null} 
[2026-05-01 20:20:27] local.INFO: User authenticated via bearer token {"user_id":74,"user_email":"designer@mail.com"} 
[2026-05-01 20:20:57] local.INFO: ParseBearerToken middleware invoked {"path":"/api/v2/creator/profile","method":"GET","has_auth_header":true,"auth_header_preview":"Bearer 172|XgSYnnyqlZTOiCN6ESA...","is_bearer":true} 
[2026-05-01 20:20:57] local.INFO: Extracted bearer token {"token_preview":"172|XgSYnn...","token_length":52} 
[2026-05-01 20:20:57] local.INFO: Found personal access token {"token_id":172,"user_id":74,"revoked":null} 
[2026-05-01 20:20:57] local.INFO: User authenticated via bearer token {"user_id":74,"user_email":"designer@mail.com"} 
[2026-05-01 20:21:28] local.INFO: ParseBearerToken middleware invoked {"path":"/api/v2/creator/profile","method":"GET","has_auth_header":true,"auth_header_preview":"Bearer 172|XgSYnnyqlZTOiCN6ESA...","is_bearer":true} 
[2026-05-01 20:21:28] local.INFO: Extracted bearer token {"token_preview":"172|XgSYnn...","token_length":52} 
[2026-05-01 20:21:28] local.INFO: Found personal access token {"token_id":172,"user_id":74,"revoked":null} 
[2026-05-01 20:21:28] local.INFO: User authenticated via bearer token {"user_id":74,"user_email":"designer@mail.com"} 
[2026-05-01 20:21:58] local.INFO: ParseBearerToken middleware invoked {"path":"/api/v2/creator/profile","method":"GET","has_auth_header":true,"auth_header_preview":"Bearer 172|XgSYnnyqlZTOiCN6ESA...","is_bearer":true} 
[2026-05-01 20:21:58] local.INFO: Extracted bearer token {"token_preview":"172|XgSYnn...","token_length":52} 
[2026-05-01 20:21:58] local.INFO: Found personal access token {"token_id":172,"user_id":74,"revoked":null} 
[2026-05-01 20:21:58] local.INFO: User authenticated via bearer token {"user_id":74,"user_email":"designer@mail.com"} 
[2026-05-01 20:23:07] local.INFO: ParseBearerToken middleware invoked {"path":"/api/v2/creator/profile","method":"GET","has_auth_header":true,"auth_header_preview":"Bearer 172|XgSYnnyqlZTOiCN6ESA...","is_bearer":true} 
[2026-05-01 20:23:07] local.INFO: Extracted bearer token {"token_preview":"172|XgSYnn...","token_length":52} 
[2026-05-01 20:23:07] local.INFO: Found personal access token {"token_id":172,"user_id":74,"revoked":null} 
[2026-05-01 20:23:07] local.INFO: User authenticated via bearer token {"user_id":74,"user_email":"designer@mail.com"} 
[2026-05-01 20:24:07] local.INFO: ParseBearerToken middleware invoked {"path":"/api/v2/creator/profile","method":"GET","has_auth_header":true,"auth_header_preview":"Bearer 172|XgSYnnyqlZTOiCN6ESA...","is_bearer":true} 
[2026-05-01 20:24:07] local.INFO: Extracted bearer token {"token_preview":"172|XgSYnn...","token_length":52} 
[2026-05-01 20:24:07] local.INFO: Found personal access token {"token_id":172,"user_id":74,"revoked":null} 
[2026-05-01 20:24:07] local.INFO: User authenticated via bearer token {"user_id":74,"user_email":"designer@mail.com"} 
[2026-05-01 20:25:07] local.INFO: ParseBearerToken middleware invoked {"path":"/api/v2/creator/profile","method":"GET","has_auth_header":true,"auth_header_preview":"Bearer 172|XgSYnnyqlZTOiCN6ESA...","is_bearer":true} 
[2026-05-01 20:25:07] local.INFO: Extracted bearer token {"token_preview":"172|XgSYnn...","token_length":52} 
[2026-05-01 20:25:07] local.INFO: Found personal access token {"token_id":172,"user_id":74,"revoked":null} 
[2026-05-01 20:25:07] local.INFO: User authenticated via bearer token {"user_id":74,"user_email":"designer@mail.com"} 
[2026-05-01 20:26:07] local.INFO: ParseBearerToken middleware invoked {"path":"/api/v2/creator/profile","method":"GET","has_auth_header":true,"auth_header_preview":"Bearer 172|XgSYnnyqlZTOiCN6ESA...","is_bearer":true} 
[2026-05-01 20:26:07] local.INFO: Extracted bearer token {"token_preview":"172|XgSYnn...","token_length":52} 
[2026-05-01 20:26:07] local.INFO: Found personal access token {"token_id":172,"user_id":74,"revoked":null} 
[2026-05-01 20:26:07] local.INFO: User authenticated via bearer token {"user_id":74,"user_email":"designer@mail.com"} 
[2026-05-01 20:27:07] local.INFO: ParseBearerToken middleware invoked {"path":"/api/v2/creator/profile","method":"GET","has_auth_header":true,"auth_header_preview":"Bearer 172|XgSYnnyqlZTOiCN6ESA...","is_bearer":true} 
[2026-05-01 20:27:07] local.INFO: Extracted bearer token {"token_preview":"172|XgSYnn...","token_length":52} 
[2026-05-01 20:27:07] local.INFO: Found personal access token {"token_id":172,"user_id":74,"revoked":null} 
[2026-05-01 20:27:07] local.INFO: User authenticated via bearer token {"user_id":74,"user_email":"designer@mail.com"} 
[2026-05-01 20:28:07] local.INFO: ParseBearerToken middleware invoked {"path":"/api/v2/creator/profile","method":"GET","has_auth_header":true,"auth_header_preview":"Bearer 172|XgSYnnyqlZTOiCN6ESA...","is_bearer":true} 
[2026-05-01 20:28:07] local.INFO: Extracted bearer token {"token_preview":"172|XgSYnn...","token_length":52} 
[2026-05-01 20:28:07] local.INFO: Found personal access token {"token_id":172,"user_id":74,"revoked":null} 
[2026-05-01 20:28:07] local.INFO: User authenticated via bearer token {"user_id":74,"user_email":"designer@mail.com"} 
[2026-05-01 20:29:07] local.INFO: ParseBearerToken middleware invoked {"path":"/api/v2/creator/profile","method":"GET","has_auth_header":true,"auth_header_preview":"Bearer 172|XgSYnnyqlZTOiCN6ESA...","is_bearer":true} 
[2026-05-01 20:29:07] local.INFO: Extracted bearer token {"token_preview":"172|XgSYnn...","token_length":52} 
[2026-05-01 20:29:07] local.INFO: Found personal access token {"token_id":172,"user_id":74,"revoked":null} 
[2026-05-01 20:29:07] local.INFO: User authenticated via bearer token {"user_id":74,"user_email":"designer@mail.com"} 
[2026-05-01 20:30:07] local.INFO: ParseBearerToken middleware invoked {"path":"/api/v2/creator/profile","method":"GET","has_auth_header":true,"auth_header_preview":"Bearer 172|XgSYnnyqlZTOiCN6ESA...","is_bearer":true} 
[2026-05-01 20:30:07] local.INFO: Extracted bearer token {"token_preview":"172|XgSYnn...","token_length":52} 
[2026-05-01 20:30:07] local.INFO: Found personal access token {"token_id":172,"user_id":74,"revoked":null} 
[2026-05-01 20:30:07] local.INFO: User authenticated via bearer token {"user_id":74,"user_email":"designer@mail.com"} 
[2026-05-01 20:31:07] local.INFO: ParseBearerToken middleware invoked {"path":"/api/v2/creator/profile","method":"GET","has_auth_header":true,"auth_header_preview":"Bearer 172|XgSYnnyqlZTOiCN6ESA...","is_bearer":true} 
[2026-05-01 20:31:07] local.INFO: Extracted bearer token {"token_preview":"172|XgSYnn...","token_length":52} 
[2026-05-01 20:31:07] local.INFO: Found personal access token {"token_id":172,"user_id":74,"revoked":null} 
[2026-05-01 20:31:08] local.INFO: User authenticated via bearer token {"user_id":74,"user_email":"designer@mail.com"} 
[2026-05-01 20:32:07] local.INFO: ParseBearerToken middleware invoked {"path":"/api/v2/creator/profile","method":"GET","has_auth_header":true,"auth_header_preview":"Bearer 172|XgSYnnyqlZTOiCN6ESA...","is_bearer":true} 
[2026-05-01 20:32:07] local.INFO: Extracted bearer token {"token_preview":"172|XgSYnn...","token_length":52} 
[2026-05-01 20:32:07] local.INFO: Found personal access token {"token_id":172,"user_id":74,"revoked":null} 
[2026-05-01 20:32:07] local.INFO: User authenticated via bearer token {"user_id":74,"user_email":"designer@mail.com"} 
[2026-05-01 20:33:07] local.INFO: ParseBearerToken middleware invoked {"path":"/api/v2/creator/profile","method":"GET","has_auth_header":true,"auth_header_preview":"Bearer 172|XgSYnnyqlZTOiCN6ESA...","is_bearer":true} 
[2026-05-01 20:33:07] local.INFO: Extracted bearer token {"token_preview":"172|XgSYnn...","token_length":52} 
[2026-05-01 20:33:07] local.INFO: Found personal access token {"token_id":172,"user_id":74,"revoked":null} 
[2026-05-01 20:33:07] local.INFO: User authenticated via bearer token {"user_id":74,"user_email":"designer@mail.com"} 
[2026-05-01 20:34:07] local.INFO: ParseBearerToken middleware invoked {"path":"/api/v2/creator/profile","method":"GET","has_auth_header":true,"auth_header_preview":"Bearer 172|XgSYnnyqlZTOiCN6ESA...","is_bearer":true} 
[2026-05-01 20:34:07] local.INFO: Extracted bearer token {"token_preview":"172|XgSYnn...","token_length":52} 
[2026-05-01 20:34:07] local.INFO: Found personal access token {"token_id":172,"user_id":74,"revoked":null} 
[2026-05-01 20:34:07] local.INFO: User authenticated via bearer token {"user_id":74,"user_email":"designer@mail.com"} 
[2026-05-01 20:35:07] local.INFO: ParseBearerToken middleware invoked {"path":"/api/v2/creator/profile","method":"GET","has_auth_header":true,"auth_header_preview":"Bearer 172|XgSYnnyqlZTOiCN6ESA...","is_bearer":true} 
[2026-05-01 20:35:07] local.INFO: Extracted bearer token {"token_preview":"172|XgSYnn...","token_length":52} 
[2026-05-01 20:35:07] local.INFO: Found personal access token {"token_id":172,"user_id":74,"revoked":null} 
[2026-05-01 20:35:07] local.INFO: User authenticated via bearer token {"user_id":74,"user_email":"designer@mail.com"} 
[2026-05-01 20:36:07] local.INFO: ParseBearerToken middleware invoked {"path":"/api/v2/creator/profile","method":"GET","has_auth_header":true,"auth_header_preview":"Bearer 172|XgSYnnyqlZTOiCN6ESA...","is_bearer":true} 
[2026-05-01 20:36:07] local.INFO: Extracted bearer token {"token_preview":"172|XgSYnn...","token_length":52} 
[2026-05-01 20:36:07] local.INFO: Found personal access token {"token_id":172,"user_id":74,"revoked":null} 
[2026-05-01 20:36:07] local.INFO: User authenticated via bearer token {"user_id":74,"user_email":"designer@mail.com"} 
[2026-05-01 20:37:07] local.INFO: ParseBearerToken middleware invoked {"path":"/api/v2/creator/profile","method":"GET","has_auth_header":true,"auth_header_preview":"Bearer 172|XgSYnnyqlZTOiCN6ESA...","is_bearer":true} 
[2026-05-01 20:37:07] local.INFO: Extracted bearer token {"token_preview":"172|XgSYnn...","token_length":52} 
[2026-05-01 20:37:07] local.INFO: Found personal access token {"token_id":172,"user_id":74,"revoked":null} 
[2026-05-01 20:37:07] local.INFO: User authenticated via bearer token {"user_id":74,"user_email":"designer@mail.com"} 
[2026-05-01 20:38:07] local.INFO: ParseBearerToken middleware invoked {"path":"/api/v2/creator/profile","method":"GET","has_auth_header":true,"auth_header_preview":"Bearer 172|XgSYnnyqlZTOiCN6ESA...","is_bearer":true} 
[2026-05-01 20:38:07] local.INFO: Extracted bearer token {"token_preview":"172|XgSYnn...","token_length":52} 
[2026-05-01 20:38:07] local.INFO: Found personal access token {"token_id":172,"user_id":74,"revoked":null} 
[2026-05-01 20:38:07] local.INFO: User authenticated via bearer token {"user_id":74,"user_email":"designer@mail.com"} 
[2026-05-01 20:39:07] local.INFO: ParseBearerToken middleware invoked {"path":"/api/v2/creator/profile","method":"GET","has_auth_header":true,"auth_header_preview":"Bearer 172|XgSYnnyqlZTOiCN6ESA...","is_bearer":true} 
[2026-05-01 20:39:07] local.INFO: Extracted bearer token {"token_preview":"172|XgSYnn...","token_length":52} 
[2026-05-01 20:39:07] local.INFO: Found personal access token {"token_id":172,"user_id":74,"revoked":null} 
[2026-05-01 20:39:07] local.INFO: User authenticated via bearer token {"user_id":74,"user_email":"designer@mail.com"} 
[2026-05-01 20:40:07] local.INFO: ParseBearerToken middleware invoked {"path":"/api/v2/creator/profile","method":"GET","has_auth_header":true,"auth_header_preview":"Bearer 172|XgSYnnyqlZTOiCN6ESA...","is_bearer":true} 
[2026-05-01 20:40:07] local.INFO: Extracted bearer token {"token_preview":"172|XgSYnn...","token_length":52} 
[2026-05-01 20:40:07] local.INFO: Found personal access token {"token_id":172,"user_id":74,"revoked":null} 
[2026-05-01 20:40:07] local.INFO: User authenticated via bearer token {"user_id":74,"user_email":"designer@mail.com"} 
[2026-05-01 20:41:07] local.INFO: ParseBearerToken middleware invoked {"path":"/api/v2/creator/profile","method":"GET","has_auth_header":true,"auth_header_preview":"Bearer 172|XgSYnnyqlZTOiCN6ESA...","is_bearer":true} 
[2026-05-01 20:41:07] local.INFO: Extracted bearer token {"token_preview":"172|XgSYnn...","token_length":52} 
[2026-05-01 20:41:07] local.INFO: Found personal access token {"token_id":172,"user_id":74,"revoked":null} 
[2026-05-01 20:41:07] local.INFO: User authenticated via bearer token {"user_id":74,"user_email":"designer@mail.com"} 
[2026-05-01 20:42:07] local.INFO: ParseBearerToken middleware invoked {"path":"/api/v2/creator/profile","method":"GET","has_auth_header":true,"auth_header_preview":"Bearer 172|XgSYnnyqlZTOiCN6ESA...","is_bearer":true} 
[2026-05-01 20:42:07] local.INFO: Extracted bearer token {"token_preview":"172|XgSYnn...","token_length":52} 
[2026-05-01 20:42:07] local.INFO: Found personal access token {"token_id":172,"user_id":74,"revoked":null} 
[2026-05-01 20:42:07] local.INFO: User authenticated via bearer token {"user_id":74,"user_email":"designer@mail.com"} 
[2026-05-01 20:43:08] local.INFO: ParseBearerToken middleware invoked {"path":"/api/v2/creator/profile","method":"GET","has_auth_header":true,"auth_header_preview":"Bearer 172|XgSYnnyqlZTOiCN6ESA...","is_bearer":true} 
[2026-05-01 20:43:08] local.INFO: Extracted bearer token {"token_preview":"172|XgSYnn...","token_length":52} 
[2026-05-01 20:43:08] local.INFO: Found personal access token {"token_id":172,"user_id":74,"revoked":null} 
[2026-05-01 20:43:08] local.INFO: User authenticated via bearer token {"user_id":74,"user_email":"designer@mail.com"} 
[2026-05-01 20:44:08] local.INFO: ParseBearerToken middleware invoked {"path":"/api/v2/creator/profile","method":"GET","has_auth_header":true,"auth_header_preview":"Bearer 172|XgSYnnyqlZTOiCN6ESA...","is_bearer":true} 
[2026-05-01 20:44:08] local.INFO: Extracted bearer token {"token_preview":"172|XgSYnn...","token_length":52} 
[2026-05-01 20:44:08] local.INFO: Found personal access token {"token_id":172,"user_id":74,"revoked":null} 
[2026-05-01 20:44:08] local.INFO: User authenticated via bearer token {"user_id":74,"user_email":"designer@mail.com"} 
[2026-05-01 22:51:42] local.INFO: ParseBearerToken middleware invoked {"path":"/api/v2/creator/profile","method":"GET","has_auth_header":true,"auth_header_preview":"Bearer 172|XgSYnnyqlZTOiCN6ESA...","is_bearer":true} 
[2026-05-01 22:51:42] local.INFO: Extracted bearer token {"token_preview":"172|XgSYnn...","token_length":52} 
[2026-05-01 22:51:42] local.INFO: Found personal access token {"token_id":172,"user_id":74,"revoked":null} 
[2026-05-01 22:51:42] local.INFO: User authenticated via bearer token {"user_id":74,"user_email":"designer@mail.com"} 
[2026-05-01 22:52:08] local.INFO: ParseBearerToken middleware invoked {"path":"/api/v2/creator/profile","method":"GET","has_auth_header":true,"auth_header_preview":"Bearer 172|XgSYnnyqlZTOiCN6ESA...","is_bearer":true} 
[2026-05-01 22:52:08] local.INFO: Extracted bearer token {"token_preview":"172|XgSYnn...","token_length":52} 
[2026-05-01 22:52:08] local.INFO: Found personal access token {"token_id":172,"user_id":74,"revoked":null} 
[2026-05-01 22:52:08] local.INFO: User authenticated via bearer token {"user_id":74,"user_email":"designer@mail.com"} 
[2026-05-01 22:53:08] local.INFO: ParseBearerToken middleware invoked {"path":"/api/v2/creator/profile","method":"GET","has_auth_header":true,"auth_header_preview":"Bearer 172|XgSYnnyqlZTOiCN6ESA...","is_bearer":true} 
[2026-05-01 22:53:08] local.INFO: Extracted bearer token {"token_preview":"172|XgSYnn...","token_length":52} 
[2026-05-01 22:53:08] local.INFO: Found personal access token {"token_id":172,"user_id":74,"revoked":null} 
[2026-05-01 22:53:08] local.INFO: User authenticated via bearer token {"user_id":74,"user_email":"designer@mail.com"} 
[2026-05-01 22:54:07] local.INFO: ParseBearerToken middleware invoked {"path":"/api/v2/creator/profile","method":"GET","has_auth_header":true,"auth_header_preview":"Bearer 172|XgSYnnyqlZTOiCN6ESA...","is_bearer":true} 
[2026-05-01 22:54:07] local.INFO: Extracted bearer token {"token_preview":"172|XgSYnn...","token_length":52} 
[2026-05-01 22:54:08] local.INFO: Found personal access token {"token_id":172,"user_id":74,"revoked":null} 
[2026-05-01 22:54:08] local.INFO: User authenticated via bearer token {"user_id":74,"user_email":"designer@mail.com"} 
[2026-05-01 22:55:07] local.INFO: ParseBearerToken middleware invoked {"path":"/api/v2/creator/profile","method":"GET","has_auth_header":true,"auth_header_preview":"Bearer 172|XgSYnnyqlZTOiCN6ESA...","is_bearer":true} 
[2026-05-01 22:55:07] local.INFO: Extracted bearer token {"token_preview":"172|XgSYnn...","token_length":52} 
[2026-05-01 22:55:07] local.INFO: Found personal access token {"token_id":172,"user_id":74,"revoked":null} 
[2026-05-01 22:55:07] local.INFO: User authenticated via bearer token {"user_id":74,"user_email":"designer@mail.com"} 
[2026-05-01 22:56:08] local.INFO: ParseBearerToken middleware invoked {"path":"/api/v2/creator/profile","method":"GET","has_auth_header":true,"auth_header_preview":"Bearer 172|XgSYnnyqlZTOiCN6ESA...","is_bearer":true} 
[2026-05-01 22:56:08] local.INFO: Extracted bearer token {"token_preview":"172|XgSYnn...","token_length":52} 
[2026-05-01 22:56:08] local.INFO: Found personal access token {"token_id":172,"user_id":74,"revoked":null} 
[2026-05-01 22:56:08] local.INFO: User authenticated via bearer token {"user_id":74,"user_email":"designer@mail.com"} 
[2026-05-01 22:57:07] local.INFO: ParseBearerToken middleware invoked {"path":"/api/v2/creator/profile","method":"GET","has_auth_header":true,"auth_header_preview":"Bearer 172|XgSYnnyqlZTOiCN6ESA...","is_bearer":true} 
[2026-05-01 22:57:07] local.INFO: Extracted bearer token {"token_preview":"172|XgSYnn...","token_length":52} 
[2026-05-01 22:57:07] local.INFO: Found personal access token {"token_id":172,"user_id":74,"revoked":null} 
[2026-05-01 22:57:07] local.INFO: User authenticated via bearer token {"user_id":74,"user_email":"designer@mail.com"} 
[2026-05-01 22:58:08] local.INFO: ParseBearerToken middleware invoked {"path":"/api/v2/creator/profile","method":"GET","has_auth_header":true,"auth_header_preview":"Bearer 172|XgSYnnyqlZTOiCN6ESA...","is_bearer":true} 
[2026-05-01 22:58:08] local.INFO: Extracted bearer token {"token_preview":"172|XgSYnn...","token_length":52} 
[2026-05-01 22:58:08] local.INFO: Found personal access token {"token_id":172,"user_id":74,"revoked":null} 
[2026-05-01 22:58:08] local.INFO: User authenticated via bearer token {"user_id":74,"user_email":"designer@mail.com"} 
[2026-05-01 22:59:07] local.INFO: ParseBearerToken middleware invoked {"path":"/api/v2/creator/profile","method":"GET","has_auth_header":true,"auth_header_preview":"Bearer 172|XgSYnnyqlZTOiCN6ESA...","is_bearer":true} 
[2026-05-01 22:59:07] local.INFO: Extracted bearer token {"token_preview":"172|XgSYnn...","token_length":52} 
[2026-05-01 22:59:07] local.INFO: Found personal access token {"token_id":172,"user_id":74,"revoked":null} 
[2026-05-01 22:59:07] local.INFO: User authenticated via bearer token {"user_id":74,"user_email":"designer@mail.com"} 
[2026-05-01 23:00:07] local.INFO: ParseBearerToken middleware invoked {"path":"/api/v2/creator/profile","method":"GET","has_auth_header":true,"auth_header_preview":"Bearer 172|XgSYnnyqlZTOiCN6ESA...","is_bearer":true} 
[2026-05-01 23:00:07] local.INFO: Extracted bearer token {"token_preview":"172|XgSYnn...","token_length":52} 
[2026-05-01 23:00:07] local.INFO: Found personal access token {"token_id":172,"user_id":74,"revoked":null} 
[2026-05-01 23:00:07] local.INFO: User authenticated via bearer token {"user_id":74,"user_email":"designer@mail.com"} 
[2026-05-01 23:01:07] local.INFO: ParseBearerToken middleware invoked {"path":"/api/v2/creator/profile","method":"GET","has_auth_header":true,"auth_header_preview":"Bearer 172|XgSYnnyqlZTOiCN6ESA...","is_bearer":true} 
[2026-05-01 23:01:07] local.INFO: Extracted bearer token {"token_preview":"172|XgSYnn...","token_length":52} 
[2026-05-01 23:01:07] local.INFO: Found personal access token {"token_id":172,"user_id":74,"revoked":null} 
[2026-05-01 23:01:07] local.INFO: User authenticated via bearer token {"user_id":74,"user_email":"designer@mail.com"} 
[2026-05-01 23:02:08] local.INFO: ParseBearerToken middleware invoked {"path":"/api/v2/creator/profile","method":"GET","has_auth_header":true,"auth_header_preview":"Bearer 172|XgSYnnyqlZTOiCN6ESA...","is_bearer":true} 
[2026-05-01 23:02:08] local.INFO: Extracted bearer token {"token_preview":"172|XgSYnn...","token_length":52} 
[2026-05-01 23:02:08] local.INFO: Found personal access token {"token_id":172,"user_id":74,"revoked":null} 
[2026-05-01 23:02:08] local.INFO: User authenticated via bearer token {"user_id":74,"user_email":"designer@mail.com"} 
[2026-05-01 23:03:08] local.INFO: ParseBearerToken middleware invoked {"path":"/api/v2/creator/profile","method":"GET","has_auth_header":true,"auth_header_preview":"Bearer 172|XgSYnnyqlZTOiCN6ESA...","is_bearer":true} 
[2026-05-01 23:03:08] local.INFO: Extracted bearer token {"token_preview":"172|XgSYnn...","token_length":52} 
[2026-05-01 23:03:08] local.INFO: Found personal access token {"token_id":172,"user_id":74,"revoked":null} 
[2026-05-01 23:03:08] local.INFO: User authenticated via bearer token {"user_id":74,"user_email":"designer@mail.com"} 
[2026-05-01 23:04:07] local.INFO: ParseBearerToken middleware invoked {"path":"/api/v2/creator/profile","method":"GET","has_auth_header":true,"auth_header_preview":"Bearer 172|XgSYnnyqlZTOiCN6ESA...","is_bearer":true} 
[2026-05-01 23:04:07] local.INFO: Extracted bearer token {"token_preview":"172|XgSYnn...","token_length":52} 
[2026-05-01 23:04:07] local.INFO: Found personal access token {"token_id":172,"user_id":74,"revoked":null} 
[2026-05-01 23:04:07] local.INFO: User authenticated via bearer token {"user_id":74,"user_email":"designer@mail.com"} 
[2026-05-01 23:05:07] local.INFO: ParseBearerToken middleware invoked {"path":"/api/v2/creator/profile","method":"GET","has_auth_header":true,"auth_header_preview":"Bearer 172|XgSYnnyqlZTOiCN6ESA...","is_bearer":true} 
[2026-05-01 23:05:07] local.INFO: Extracted bearer token {"token_preview":"172|XgSYnn...","token_length":52} 
[2026-05-01 23:05:07] local.INFO: Found personal access token {"token_id":172,"user_id":74,"revoked":null} 
[2026-05-01 23:05:07] local.INFO: User authenticated via bearer token {"user_id":74,"user_email":"designer@mail.com"} 
[2026-05-01 23:06:07] local.INFO: ParseBearerToken middleware invoked {"path":"/api/v2/creator/profile","method":"GET","has_auth_header":true,"auth_header_preview":"Bearer 172|XgSYnnyqlZTOiCN6ESA...","is_bearer":true} 
[2026-05-01 23:06:07] local.INFO: Extracted bearer token {"token_preview":"172|XgSYnn...","token_length":52} 
[2026-05-01 23:06:07] local.INFO: Found personal access token {"token_id":172,"user_id":74,"revoked":null} 
[2026-05-01 23:06:07] local.INFO: User authenticated via bearer token {"user_id":74,"user_email":"designer@mail.com"} 
[2026-05-01 23:07:07] local.INFO: ParseBearerToken middleware invoked {"path":"/api/v2/creator/profile","method":"GET","has_auth_header":true,"auth_header_preview":"Bearer 172|XgSYnnyqlZTOiCN6ESA...","is_bearer":true} 
[2026-05-01 23:07:07] local.INFO: Extracted bearer token {"token_preview":"172|XgSYnn...","token_length":52} 
[2026-05-01 23:07:07] local.INFO: Found personal access token {"token_id":172,"user_id":74,"revoked":null} 
[2026-05-01 23:07:07] local.INFO: User authenticated via bearer token {"user_id":74,"user_email":"designer@mail.com"} 
[2026-05-01 23:08:07] local.INFO: ParseBearerToken middleware invoked {"path":"/api/v2/creator/profile","method":"GET","has_auth_header":true,"auth_header_preview":"Bearer 172|XgSYnnyqlZTOiCN6ESA...","is_bearer":true} 
[2026-05-01 23:08:07] local.INFO: Extracted bearer token {"token_preview":"172|XgSYnn...","token_length":52} 
[2026-05-01 23:08:07] local.INFO: Found personal access token {"token_id":172,"user_id":74,"revoked":null} 
[2026-05-01 23:08:07] local.INFO: User authenticated via bearer token {"user_id":74,"user_email":"designer@mail.com"} 
[2026-05-01 23:09:07] local.INFO: ParseBearerToken middleware invoked {"path":"/api/v2/creator/profile","method":"GET","has_auth_header":true,"auth_header_preview":"Bearer 172|XgSYnnyqlZTOiCN6ESA...","is_bearer":true} 
[2026-05-01 23:09:07] local.INFO: Extracted bearer token {"token_preview":"172|XgSYnn...","token_length":52} 
[2026-05-01 23:09:07] local.INFO: Found personal access token {"token_id":172,"user_id":74,"revoked":null} 
[2026-05-01 23:09:07] local.INFO: User authenticated via bearer token {"user_id":74,"user_email":"designer@mail.com"} 
[2026-05-01 23:10:07] local.INFO: ParseBearerToken middleware invoked {"path":"/api/v2/creator/profile","method":"GET","has_auth_header":true,"auth_header_preview":"Bearer 172|XgSYnnyqlZTOiCN6ESA...","is_bearer":true} 
[2026-05-01 23:10:07] local.INFO: Extracted bearer token {"token_preview":"172|XgSYnn...","token_length":52} 
[2026-05-01 23:10:07] local.INFO: Found personal access token {"token_id":172,"user_id":74,"revoked":null} 
[2026-05-01 23:10:07] local.INFO: User authenticated via bearer token {"user_id":74,"user_email":"designer@mail.com"} 
[2026-05-01 23:11:07] local.INFO: ParseBearerToken middleware invoked {"path":"/api/v2/creator/profile","method":"GET","has_auth_header":true,"auth_header_preview":"Bearer 172|XgSYnnyqlZTOiCN6ESA...","is_bearer":true} 
[2026-05-01 23:11:07] local.INFO: Extracted bearer token {"token_preview":"172|XgSYnn...","token_length":52} 
[2026-05-01 23:11:07] local.INFO: Found personal access token {"token_id":172,"user_id":74,"revoked":null} 
[2026-05-01 23:11:07] local.INFO: User authenticated via bearer token {"user_id":74,"user_email":"designer@mail.com"} 
[2026-05-01 23:12:07] local.INFO: ParseBearerToken middleware invoked {"path":"/api/v2/creator/profile","method":"GET","has_auth_header":true,"auth_header_preview":"Bearer 172|XgSYnnyqlZTOiCN6ESA...","is_bearer":true} 
[2026-05-01 23:12:07] local.INFO: Extracted bearer token {"token_preview":"172|XgSYnn...","token_length":52} 
[2026-05-01 23:12:07] local.INFO: Found personal access token {"token_id":172,"user_id":74,"revoked":null} 
[2026-05-01 23:12:07] local.INFO: User authenticated via bearer token {"user_id":74,"user_email":"designer@mail.com"} 
[2026-05-01 23:13:07] local.INFO: ParseBearerToken middleware invoked {"path":"/api/v2/creator/profile","method":"GET","has_auth_header":true,"auth_header_preview":"Bearer 172|XgSYnnyqlZTOiCN6ESA...","is_bearer":true} 
[2026-05-01 23:13:07] local.INFO: Extracted bearer token {"token_preview":"172|XgSYnn...","token_length":52} 
[2026-05-01 23:13:07] local.INFO: Found personal access token {"token_id":172,"user_id":74,"revoked":null} 
[2026-05-01 23:13:07] local.INFO: User authenticated via bearer token {"user_id":74,"user_email":"designer@mail.com"} 
[2026-05-01 23:14:07] local.INFO: ParseBearerToken middleware invoked {"path":"/api/v2/creator/profile","method":"GET","has_auth_header":true,"auth_header_preview":"Bearer 172|XgSYnnyqlZTOiCN6ESA...","is_bearer":true} 
[2026-05-01 23:14:07] local.INFO: Extracted bearer token {"token_preview":"172|XgSYnn...","token_length":52} 
[2026-05-01 23:14:07] local.INFO: Found personal access token {"token_id":172,"user_id":74,"revoked":null} 
[2026-05-01 23:14:07] local.INFO: User authenticated via bearer token {"user_id":74,"user_email":"designer@mail.com"} 
[2026-05-01 23:15:08] local.INFO: ParseBearerToken middleware invoked {"path":"/api/v2/creator/profile","method":"GET","has_auth_header":true,"auth_header_preview":"Bearer 172|XgSYnnyqlZTOiCN6ESA...","is_bearer":true} 
[2026-05-01 23:15:08] local.INFO: Extracted bearer token {"token_preview":"172|XgSYnn...","token_length":52} 
[2026-05-01 23:15:08] local.INFO: Found personal access token {"token_id":172,"user_id":74,"revoked":null} 
[2026-05-01 23:15:08] local.INFO: User authenticated via bearer token {"user_id":74,"user_email":"designer@mail.com"} 
[2026-05-01 23:16:07] local.INFO: ParseBearerToken middleware invoked {"path":"/api/v2/creator/profile","method":"GET","has_auth_header":true,"auth_header_preview":"Bearer 172|XgSYnnyqlZTOiCN6ESA...","is_bearer":true} 
[2026-05-01 23:16:07] local.INFO: Extracted bearer token {"token_preview":"172|XgSYnn...","token_length":52} 
[2026-05-01 23:16:07] local.INFO: Found personal access token {"token_id":172,"user_id":74,"revoked":null} 
[2026-05-01 23:16:07] local.INFO: User authenticated via bearer token {"user_id":74,"user_email":"designer@mail.com"} 
[2026-05-01 23:17:07] local.INFO: ParseBearerToken middleware invoked {"path":"/api/v2/creator/profile","method":"GET","has_auth_header":true,"auth_header_preview":"Bearer 172|XgSYnnyqlZTOiCN6ESA...","is_bearer":true} 
[2026-05-01 23:17:07] local.INFO: Extracted bearer token {"token_preview":"172|XgSYnn...","token_length":52} 
[2026-05-01 23:17:07] local.INFO: Found personal access token {"token_id":172,"user_id":74,"revoked":null} 
[2026-05-01 23:17:07] local.INFO: User authenticated via bearer token {"user_id":74,"user_email":"designer@mail.com"} 
[2026-05-01 23:18:07] local.INFO: ParseBearerToken middleware invoked {"path":"/api/v2/creator/profile","method":"GET","has_auth_header":true,"auth_header_preview":"Bearer 172|XgSYnnyqlZTOiCN6ESA...","is_bearer":true} 
[2026-05-01 23:18:07] local.INFO: Extracted bearer token {"token_preview":"172|XgSYnn...","token_length":52} 
[2026-05-01 23:18:07] local.INFO: Found personal access token {"token_id":172,"user_id":74,"revoked":null} 
[2026-05-01 23:18:07] local.INFO: User authenticated via bearer token {"user_id":74,"user_email":"designer@mail.com"} 
[2026-05-01 23:19:07] local.INFO: ParseBearerToken middleware invoked {"path":"/api/v2/creator/profile","method":"GET","has_auth_header":true,"auth_header_preview":"Bearer 172|XgSYnnyqlZTOiCN6ESA...","is_bearer":true} 
[2026-05-01 23:19:07] local.INFO: Extracted bearer token {"token_preview":"172|XgSYnn...","token_length":52} 
[2026-05-01 23:19:07] local.INFO: Found personal access token {"token_id":172,"user_id":74,"revoked":null} 
[2026-05-01 23:19:07] local.INFO: User authenticated via bearer token {"user_id":74,"user_email":"designer@mail.com"} 
[2026-05-01 23:20:07] local.INFO: ParseBearerToken middleware invoked {"path":"/api/v2/creator/profile","method":"GET","has_auth_header":true,"auth_header_preview":"Bearer 172|XgSYnnyqlZTOiCN6ESA...","is_bearer":true} 
[2026-05-01 23:20:07] local.INFO: Extracted bearer token {"token_preview":"172|XgSYnn...","token_length":52} 
[2026-05-01 23:20:07] local.INFO: Found personal access token {"token_id":172,"user_id":74,"revoked":null} 
[2026-05-01 23:20:07] local.INFO: User authenticated via bearer token {"user_id":74,"user_email":"designer@mail.com"} 
[2026-05-01 23:21:07] local.INFO: ParseBearerToken middleware invoked {"path":"/api/v2/creator/profile","method":"GET","has_auth_header":true,"auth_header_preview":"Bearer 172|XgSYnnyqlZTOiCN6ESA...","is_bearer":true} 
[2026-05-01 23:21:07] local.INFO: Extracted bearer token {"token_preview":"172|XgSYnn...","token_length":52} 
[2026-05-01 23:21:07] local.INFO: Found personal access token {"token_id":172,"user_id":74,"revoked":null} 
[2026-05-01 23:21:07] local.INFO: User authenticated via bearer token {"user_id":74,"user_email":"designer@mail.com"} 
[2026-05-01 23:22:07] local.INFO: ParseBearerToken middleware invoked {"path":"/api/v2/creator/profile","method":"GET","has_auth_header":true,"auth_header_preview":"Bearer 172|XgSYnnyqlZTOiCN6ESA...","is_bearer":true} 
[2026-05-01 23:22:07] local.INFO: Extracted bearer token {"token_preview":"172|XgSYnn...","token_length":52} 
[2026-05-01 23:22:07] local.INFO: Found personal access token {"token_id":172,"user_id":74,"revoked":null} 
[2026-05-01 23:22:07] local.INFO: User authenticated via bearer token {"user_id":74,"user_email":"designer@mail.com"} 
[2026-05-01 23:23:07] local.INFO: ParseBearerToken middleware invoked {"path":"/api/v2/creator/profile","method":"GET","has_auth_header":true,"auth_header_preview":"Bearer 172|XgSYnnyqlZTOiCN6ESA...","is_bearer":true} 
[2026-05-01 23:23:07] local.INFO: Extracted bearer token {"token_preview":"172|XgSYnn...","token_length":52} 
[2026-05-01 23:23:07] local.INFO: Found personal access token {"token_id":172,"user_id":74,"revoked":null} 
[2026-05-01 23:23:07] local.INFO: User authenticated via bearer token {"user_id":74,"user_email":"designer@mail.com"} 
[2026-05-01 23:24:07] local.INFO: ParseBearerToken middleware invoked {"path":"/api/v2/creator/profile","method":"GET","has_auth_header":true,"auth_header_preview":"Bearer 172|XgSYnnyqlZTOiCN6ESA...","is_bearer":true} 
[2026-05-01 23:24:07] local.INFO: Extracted bearer token {"token_preview":"172|XgSYnn...","token_length":52} 
[2026-05-01 23:24:07] local.INFO: Found personal access token {"token_id":172,"user_id":74,"revoked":null} 
[2026-05-01 23:24:07] local.INFO: User authenticated via bearer token {"user_id":74,"user_email":"designer@mail.com"} 
[2026-05-01 23:25:07] local.INFO: ParseBearerToken middleware invoked {"path":"/api/v2/creator/profile","method":"GET","has_auth_header":true,"auth_header_preview":"Bearer 172|XgSYnnyqlZTOiCN6ESA...","is_bearer":true} 
[2026-05-01 23:25:07] local.INFO: Extracted bearer token {"token_preview":"172|XgSYnn...","token_length":52} 
[2026-05-01 23:25:07] local.INFO: Found personal access token {"token_id":172,"user_id":74,"revoked":null} 
[2026-05-01 23:25:07] local.INFO: User authenticated via bearer token {"user_id":74,"user_email":"designer@mail.com"} 
[2026-05-01 23:26:07] local.INFO: ParseBearerToken middleware invoked {"path":"/api/v2/creator/profile","method":"GET","has_auth_header":true,"auth_header_preview":"Bearer 172|XgSYnnyqlZTOiCN6ESA...","is_bearer":true} 
[2026-05-01 23:26:07] local.INFO: Extracted bearer token {"token_preview":"172|XgSYnn...","token_length":52} 
[2026-05-01 23:26:07] local.INFO: Found personal access token {"token_id":172,"user_id":74,"revoked":null} 
[2026-05-01 23:26:07] local.INFO: User authenticated via bearer token {"user_id":74,"user_email":"designer@mail.com"} 
[2026-05-01 23:27:07] local.INFO: ParseBearerToken middleware invoked {"path":"/api/v2/creator/profile","method":"GET","has_auth_header":true,"auth_header_preview":"Bearer 172|XgSYnnyqlZTOiCN6ESA...","is_bearer":true} 
[2026-05-01 23:27:07] local.INFO: Extracted bearer token {"token_preview":"172|XgSYnn...","token_length":52} 
[2026-05-01 23:27:07] local.INFO: Found personal access token {"token_id":172,"user_id":74,"revoked":null} 
[2026-05-01 23:27:07] local.INFO: User authenticated via bearer token {"user_id":74,"user_email":"designer@mail.com"} 
[2026-05-01 23:28:07] local.INFO: ParseBearerToken middleware invoked {"path":"/api/v2/creator/profile","method":"GET","has_auth_header":true,"auth_header_preview":"Bearer 172|XgSYnnyqlZTOiCN6ESA...","is_bearer":true} 
[2026-05-01 23:28:07] local.INFO: Extracted bearer token {"token_preview":"172|XgSYnn...","token_length":52} 
[2026-05-01 23:28:07] local.INFO: Found personal access token {"token_id":172,"user_id":74,"revoked":null} 
[2026-05-01 23:28:07] local.INFO: User authenticated via bearer token {"user_id":74,"user_email":"designer@mail.com"} 
[2026-05-01 23:29:07] local.INFO: ParseBearerToken middleware invoked {"path":"/api/v2/creator/profile","method":"GET","has_auth_header":true,"auth_header_preview":"Bearer 172|XgSYnnyqlZTOiCN6ESA...","is_bearer":true} 
[2026-05-01 23:29:07] local.INFO: Extracted bearer token {"token_preview":"172|XgSYnn...","token_length":52} 
[2026-05-01 23:29:07] local.INFO: Found personal access token {"token_id":172,"user_id":74,"revoked":null} 
[2026-05-01 23:29:07] local.INFO: User authenticated via bearer token {"user_id":74,"user_email":"designer@mail.com"} 
[2026-05-01 23:30:07] local.INFO: ParseBearerToken middleware invoked {"path":"/api/v2/creator/profile","method":"GET","has_auth_header":true,"auth_header_preview":"Bearer 172|XgSYnnyqlZTOiCN6ESA...","is_bearer":true} 
[2026-05-01 23:30:07] local.INFO: Extracted bearer token {"token_preview":"172|XgSYnn...","token_length":52} 
[2026-05-01 23:30:07] local.INFO: Found personal access token {"token_id":172,"user_id":74,"revoked":null} 
[2026-05-01 23:30:07] local.INFO: User authenticated via bearer token {"user_id":74,"user_email":"designer@mail.com"} 
[2026-05-01 23:31:07] local.INFO: ParseBearerToken middleware invoked {"path":"/api/v2/creator/profile","method":"GET","has_auth_header":true,"auth_header_preview":"Bearer 172|XgSYnnyqlZTOiCN6ESA...","is_bearer":true} 
[2026-05-01 23:31:07] local.INFO: Extracted bearer token {"token_preview":"172|XgSYnn...","token_length":52} 
[2026-05-01 23:31:07] local.INFO: Found personal access token {"token_id":172,"user_id":74,"revoked":null} 
[2026-05-01 23:31:07] local.INFO: User authenticated via bearer token {"user_id":74,"user_email":"designer@mail.com"} 
[2026-05-01 23:32:07] local.INFO: ParseBearerToken middleware invoked {"path":"/api/v2/creator/profile","method":"GET","has_auth_header":true,"auth_header_preview":"Bearer 172|XgSYnnyqlZTOiCN6ESA...","is_bearer":true} 
[2026-05-01 23:32:07] local.INFO: Extracted bearer token {"token_preview":"172|XgSYnn...","token_length":52} 
[2026-05-01 23:32:07] local.INFO: Found personal access token {"token_id":172,"user_id":74,"revoked":null} 
[2026-05-01 23:32:07] local.INFO: User authenticated via bearer token {"user_id":74,"user_email":"designer@mail.com"} 
[2026-05-01 23:33:07] local.INFO: ParseBearerToken middleware invoked {"path":"/api/v2/creator/profile","method":"GET","has_auth_header":true,"auth_header_preview":"Bearer 172|XgSYnnyqlZTOiCN6ESA...","is_bearer":true} 
[2026-05-01 23:33:07] local.INFO: Extracted bearer token {"token_preview":"172|XgSYnn...","token_length":52} 
[2026-05-01 23:33:07] local.INFO: Found personal access token {"token_id":172,"user_id":74,"revoked":null} 
[2026-05-01 23:33:07] local.INFO: User authenticated via bearer token {"user_id":74,"user_email":"designer@mail.com"} 
[2026-05-01 23:34:07] local.INFO: ParseBearerToken middleware invoked {"path":"/api/v2/creator/profile","method":"GET","has_auth_header":true,"auth_header_preview":"Bearer 172|XgSYnnyqlZTOiCN6ESA...","is_bearer":true} 
[2026-05-01 23:34:07] local.INFO: Extracted bearer token {"token_preview":"172|XgSYnn...","token_length":52} 
[2026-05-01 23:34:07] local.INFO: Found personal access token {"token_id":172,"user_id":74,"revoked":null} 
[2026-05-01 23:34:07] local.INFO: User authenticated via bearer token {"user_id":74,"user_email":"designer@mail.com"} 
[2026-05-01 23:35:07] local.INFO: ParseBearerToken middleware invoked {"path":"/api/v2/creator/profile","method":"GET","has_auth_header":true,"auth_header_preview":"Bearer 172|XgSYnnyqlZTOiCN6ESA...","is_bearer":true} 
[2026-05-01 23:35:07] local.INFO: Extracted bearer token {"token_preview":"172|XgSYnn...","token_length":52} 
[2026-05-01 23:35:07] local.INFO: Found personal access token {"token_id":172,"user_id":74,"revoked":null} 
[2026-05-01 23:35:07] local.INFO: User authenticated via bearer token {"user_id":74,"user_email":"designer@mail.com"} 
[2026-05-01 23:36:07] local.INFO: ParseBearerToken middleware invoked {"path":"/api/v2/creator/profile","method":"GET","has_auth_header":true,"auth_header_preview":"Bearer 172|XgSYnnyqlZTOiCN6ESA...","is_bearer":true} 
[2026-05-01 23:36:07] local.INFO: Extracted bearer token {"token_preview":"172|XgSYnn...","token_length":52} 
[2026-05-01 23:36:07] local.INFO: Found personal access token {"token_id":172,"user_id":74,"revoked":null} 
[2026-05-01 23:36:07] local.INFO: User authenticated via bearer token {"user_id":74,"user_email":"designer@mail.com"} 
[2026-05-01 23:37:07] local.INFO: ParseBearerToken middleware invoked {"path":"/api/v2/creator/profile","method":"GET","has_auth_header":true,"auth_header_preview":"Bearer 172|XgSYnnyqlZTOiCN6ESA...","is_bearer":true} 
[2026-05-01 23:37:07] local.INFO: Extracted bearer token {"token_preview":"172|XgSYnn...","token_length":52} 
[2026-05-01 23:37:07] local.INFO: Found personal access token {"token_id":172,"user_id":74,"revoked":null} 
[2026-05-01 23:37:07] local.INFO: User authenticated via bearer token {"user_id":74,"user_email":"designer@mail.com"} 
[2026-05-01 23:38:07] local.INFO: ParseBearerToken middleware invoked {"path":"/api/v2/creator/profile","method":"GET","has_auth_header":true,"auth_header_preview":"Bearer 172|XgSYnnyqlZTOiCN6ESA...","is_bearer":true} 
[2026-05-01 23:38:07] local.INFO: Extracted bearer token {"token_preview":"172|XgSYnn...","token_length":52} 
[2026-05-01 23:38:07] local.INFO: Found personal access token {"token_id":172,"user_id":74,"revoked":null} 
[2026-05-01 23:38:07] local.INFO: User authenticated via bearer token {"user_id":74,"user_email":"designer@mail.com"} 
[2026-05-01 23:39:07] local.INFO: ParseBearerToken middleware invoked {"path":"/api/v2/creator/profile","method":"GET","has_auth_header":true,"auth_header_preview":"Bearer 172|XgSYnnyqlZTOiCN6ESA...","is_bearer":true} 
[2026-05-01 23:39:07] local.INFO: Extracted bearer token {"token_preview":"172|XgSYnn...","token_length":52} 
[2026-05-01 23:39:07] local.INFO: Found personal access token {"token_id":172,"user_id":74,"revoked":null} 
[2026-05-01 23:39:07] local.INFO: User authenticated via bearer token {"user_id":74,"user_email":"designer@mail.com"} 
[2026-05-01 23:40:07] local.INFO: ParseBearerToken middleware invoked {"path":"/api/v2/creator/profile","method":"GET","has_auth_header":true,"auth_header_preview":"Bearer 172|XgSYnnyqlZTOiCN6ESA...","is_bearer":true} 
[2026-05-01 23:40:07] local.INFO: Extracted bearer token {"token_preview":"172|XgSYnn...","token_length":52} 
[2026-05-01 23:40:07] local.INFO: Found personal access token {"token_id":172,"user_id":74,"revoked":null} 
[2026-05-01 23:40:07] local.INFO: User authenticated via bearer token {"user_id":74,"user_email":"designer@mail.com"} 
[2026-05-01 23:41:07] local.INFO: ParseBearerToken middleware invoked {"path":"/api/v2/creator/profile","method":"GET","has_auth_header":true,"auth_header_preview":"Bearer 172|XgSYnnyqlZTOiCN6ESA...","is_bearer":true} 
[2026-05-01 23:41:07] local.INFO: Extracted bearer token {"token_preview":"172|XgSYnn...","token_length":52} 
[2026-05-01 23:41:07] local.INFO: Found personal access token {"token_id":172,"user_id":74,"revoked":null} 
[2026-05-01 23:41:07] local.INFO: User authenticated via bearer token {"user_id":74,"user_email":"designer@mail.com"} 
[2026-05-01 23:42:07] local.INFO: ParseBearerToken middleware invoked {"path":"/api/v2/creator/profile","method":"GET","has_auth_header":true,"auth_header_preview":"Bearer 172|XgSYnnyqlZTOiCN6ESA...","is_bearer":true} 
[2026-05-01 23:42:07] local.INFO: Extracted bearer token {"token_preview":"172|XgSYnn...","token_length":52} 
[2026-05-01 23:42:07] local.INFO: Found personal access token {"token_id":172,"user_id":74,"revoked":null} 
[2026-05-01 23:42:07] local.INFO: User authenticated via bearer token {"user_id":74,"user_email":"designer@mail.com"} 
[2026-05-01 23:43:07] local.INFO: ParseBearerToken middleware invoked {"path":"/api/v2/creator/profile","method":"GET","has_auth_header":true,"auth_header_preview":"Bearer 172|XgSYnnyqlZTOiCN6ESA...","is_bearer":true} 
[2026-05-01 23:43:07] local.INFO: Extracted bearer token {"token_preview":"172|XgSYnn...","token_length":52} 
[2026-05-01 23:43:07] local.INFO: Found personal access token {"token_id":172,"user_id":74,"revoked":null} 
[2026-05-01 23:43:07] local.INFO: User authenticated via bearer token {"user_id":74,"user_email":"designer@mail.com"} 
[2026-05-01 23:44:07] local.INFO: ParseBearerToken middleware invoked {"path":"/api/v2/creator/profile","method":"GET","has_auth_header":true,"auth_header_preview":"Bearer 172|XgSYnnyqlZTOiCN6ESA...","is_bearer":true} 
[2026-05-01 23:44:07] local.INFO: Extracted bearer token {"token_preview":"172|XgSYnn...","token_length":52} 
[2026-05-01 23:44:07] local.INFO: Found personal access token {"token_id":172,"user_id":74,"revoked":null} 
[2026-05-01 23:44:07] local.INFO: User authenticated via bearer token {"user_id":74,"user_email":"designer@mail.com"} 
[2026-05-01 23:45:07] local.INFO: ParseBearerToken middleware invoked {"path":"/api/v2/creator/profile","method":"GET","has_auth_header":true,"auth_header_preview":"Bearer 172|XgSYnnyqlZTOiCN6ESA...","is_bearer":true} 
[2026-05-01 23:45:07] local.INFO: Extracted bearer token {"token_preview":"172|XgSYnn...","token_length":52} 
[2026-05-01 23:45:07] local.INFO: Found personal access token {"token_id":172,"user_id":74,"revoked":null} 
[2026-05-01 23:45:07] local.INFO: User authenticated via bearer token {"user_id":74,"user_email":"designer@mail.com"} 
[2026-05-01 23:46:07] local.INFO: ParseBearerToken middleware invoked {"path":"/api/v2/creator/profile","method":"GET","has_auth_header":true,"auth_header_preview":"Bearer 172|XgSYnnyqlZTOiCN6ESA...","is_bearer":true} 
[2026-05-01 23:46:07] local.INFO: Extracted bearer token {"token_preview":"172|XgSYnn...","token_length":52} 
[2026-05-01 23:46:07] local.INFO: Found personal access token {"token_id":172,"user_id":74,"revoked":null} 
[2026-05-01 23:46:07] local.INFO: User authenticated via bearer token {"user_id":74,"user_email":"designer@mail.com"} 
[2026-05-01 23:47:07] local.INFO: ParseBearerToken middleware invoked {"path":"/api/v2/creator/profile","method":"GET","has_auth_header":true,"auth_header_preview":"Bearer 172|XgSYnnyqlZTOiCN6ESA...","is_bearer":true} 
[2026-05-01 23:47:07] local.INFO: Extracted bearer token {"token_preview":"172|XgSYnn...","token_length":52} 
[2026-05-01 23:47:07] local.INFO: Found personal access token {"token_id":172,"user_id":74,"revoked":null} 
[2026-05-01 23:47:07] local.INFO: User authenticated via bearer token {"user_id":74,"user_email":"designer@mail.com"} 
[2026-05-01 23:48:07] local.INFO: ParseBearerToken middleware invoked {"path":"/api/v2/creator/profile","method":"GET","has_auth_header":true,"auth_header_preview":"Bearer 172|XgSYnnyqlZTOiCN6ESA...","is_bearer":true} 
[2026-05-01 23:48:07] local.INFO: Extracted bearer token {"token_preview":"172|XgSYnn...","token_length":52} 
[2026-05-01 23:48:07] local.INFO: Found personal access token {"token_id":172,"user_id":74,"revoked":null} 
[2026-05-01 23:48:07] local.INFO: User authenticated via bearer token {"user_id":74,"user_email":"designer@mail.com"} 
[2026-05-01 23:49:07] local.INFO: ParseBearerToken middleware invoked {"path":"/api/v2/creator/profile","method":"GET","has_auth_header":true,"auth_header_preview":"Bearer 172|XgSYnnyqlZTOiCN6ESA...","is_bearer":true} 
[2026-05-01 23:49:07] local.INFO: Extracted bearer token {"token_preview":"172|XgSYnn...","token_length":52} 
[2026-05-01 23:49:07] local.INFO: Found personal access token {"token_id":172,"user_id":74,"revoked":null} 
[2026-05-01 23:49:07] local.INFO: User authenticated via bearer token {"user_id":74,"user_email":"designer@mail.com"} 
[2026-05-01 23:50:07] local.INFO: ParseBearerToken middleware invoked {"path":"/api/v2/creator/profile","method":"GET","has_auth_header":true,"auth_header_preview":"Bearer 172|XgSYnnyqlZTOiCN6ESA...","is_bearer":true} 
[2026-05-01 23:50:07] local.INFO: Extracted bearer token {"token_preview":"172|XgSYnn...","token_length":52} 
[2026-05-01 23:50:07] local.INFO: Found personal access token {"token_id":172,"user_id":74,"revoked":null} 
[2026-05-01 23:50:07] local.INFO: User authenticated via bearer token {"user_id":74,"user_email":"designer@mail.com"} 
[2026-05-01 23:51:07] local.INFO: ParseBearerToken middleware invoked {"path":"/api/v2/creator/profile","method":"GET","has_auth_header":true,"auth_header_preview":"Bearer 172|XgSYnnyqlZTOiCN6ESA...","is_bearer":true} 
[2026-05-01 23:51:07] local.INFO: Extracted bearer token {"token_preview":"172|XgSYnn...","token_length":52} 
[2026-05-01 23:51:07] local.INFO: Found personal access token {"token_id":172,"user_id":74,"revoked":null} 
[2026-05-01 23:51:07] local.INFO: User authenticated via bearer token {"user_id":74,"user_email":"designer@mail.com"} 
[2026-05-01 23:52:08] local.INFO: ParseBearerToken middleware invoked {"path":"/api/v2/creator/profile","method":"GET","has_auth_header":true,"auth_header_preview":"Bearer 172|XgSYnnyqlZTOiCN6ESA...","is_bearer":true} 
[2026-05-01 23:52:08] local.INFO: Extracted bearer token {"token_preview":"172|XgSYnn...","token_length":52} 
[2026-05-01 23:52:08] local.INFO: Found personal access token {"token_id":172,"user_id":74,"revoked":null} 
[2026-05-01 23:52:08] local.INFO: User authenticated via bearer token {"user_id":74,"user_email":"designer@mail.com"} 
[2026-05-01 23:53:07] local.INFO: ParseBearerToken middleware invoked {"path":"/api/v2/creator/profile","method":"GET","has_auth_header":true,"auth_header_preview":"Bearer 172|XgSYnnyqlZTOiCN6ESA...","is_bearer":true} 
[2026-05-01 23:53:07] local.INFO: Extracted bearer token {"token_preview":"172|XgSYnn...","token_length":52} 
[2026-05-01 23:53:07] local.INFO: Found personal access token {"token_id":172,"user_id":74,"revoked":null} 
[2026-05-01 23:53:07] local.INFO: User authenticated via bearer token {"user_id":74,"user_email":"designer@mail.com"} 
[2026-05-01 23:54:07] local.INFO: ParseBearerToken middleware invoked {"path":"/api/v2/creator/profile","method":"GET","has_auth_header":true,"auth_header_preview":"Bearer 172|XgSYnnyqlZTOiCN6ESA...","is_bearer":true} 
[2026-05-01 23:54:07] local.INFO: Extracted bearer token {"token_preview":"172|XgSYnn...","token_length":52} 
[2026-05-01 23:54:07] local.INFO: Found personal access token {"token_id":172,"user_id":74,"revoked":null} 
[2026-05-01 23:54:07] local.INFO: User authenticated via bearer token {"user_id":74,"user_email":"designer@mail.com"} 
[2026-05-01 23:55:07] local.INFO: ParseBearerToken middleware invoked {"path":"/api/v2/creator/profile","method":"GET","has_auth_header":true,"auth_header_preview":"Bearer 172|XgSYnnyqlZTOiCN6ESA...","is_bearer":true} 
[2026-05-01 23:55:07] local.INFO: Extracted bearer token {"token_preview":"172|XgSYnn...","token_length":52} 
[2026-05-01 23:55:07] local.INFO: Found personal access token {"token_id":172,"user_id":74,"revoked":null} 
[2026-05-01 23:55:07] local.INFO: User authenticated via bearer token {"user_id":74,"user_email":"designer@mail.com"} 
[2026-05-01 23:56:07] local.INFO: ParseBearerToken middleware invoked {"path":"/api/v2/creator/profile","method":"GET","has_auth_header":true,"auth_header_preview":"Bearer 172|XgSYnnyqlZTOiCN6ESA...","is_bearer":true} 
[2026-05-01 23:56:07] local.INFO: Extracted bearer token {"token_preview":"172|XgSYnn...","token_length":52} 
[2026-05-01 23:56:07] local.INFO: Found personal access token {"token_id":172,"user_id":74,"revoked":null} 
[2026-05-01 23:56:07] local.INFO: User authenticated via bearer token {"user_id":74,"user_email":"designer@mail.com"} 
[2026-05-01 23:57:07] local.INFO: ParseBearerToken middleware invoked {"path":"/api/v2/creator/profile","method":"GET","has_auth_header":true,"auth_header_preview":"Bearer 172|XgSYnnyqlZTOiCN6ESA...","is_bearer":true} 
[2026-05-01 23:57:07] local.INFO: Extracted bearer token {"token_preview":"172|XgSYnn...","token_length":52} 
[2026-05-01 23:57:07] local.INFO: Found personal access token {"token_id":172,"user_id":74,"revoked":null} 
[2026-05-01 23:57:07] local.INFO: User authenticated via bearer token {"user_id":74,"user_email":"designer@mail.com"} 
[2026-05-01 23:58:07] local.INFO: ParseBearerToken middleware invoked {"path":"/api/v2/creator/profile","method":"GET","has_auth_header":true,"auth_header_preview":"Bearer 172|XgSYnnyqlZTOiCN6ESA...","is_bearer":true} 
[2026-05-01 23:58:07] local.INFO: Extracted bearer token {"token_preview":"172|XgSYnn...","token_length":52} 
[2026-05-01 23:58:07] local.INFO: Found personal access token {"token_id":172,"user_id":74,"revoked":null} 
[2026-05-01 23:58:07] local.INFO: User authenticated via bearer token {"user_id":74,"user_email":"designer@mail.com"} 
[2026-05-01 23:59:07] local.INFO: ParseBearerToken middleware invoked {"path":"/api/v2/creator/profile","method":"GET","has_auth_header":true,"auth_header_preview":"Bearer 172|XgSYnnyqlZTOiCN6ESA...","is_bearer":true} 
[2026-05-01 23:59:07] local.INFO: Extracted bearer token {"token_preview":"172|XgSYnn...","token_length":52} 
[2026-05-01 23:59:07] local.INFO: Found personal access token {"token_id":172,"user_id":74,"revoked":null} 
[2026-05-01 23:59:07] local.INFO: User authenticated via bearer token {"user_id":74,"user_email":"designer@mail.com"} 
