[2026-03-28 13:39:42] local.DEBUG: reCAPTCHA enabled: false  
[2026-03-28 13:56:21] local.DEBUG: reCAPTCHA enabled: false  
[2026-03-28 13:57:03] local.INFO: User created for creator registration {"user_id":66,"email":"newcreator@gmail.com"} 
[2026-03-28 13:57:03] local.INFO: Creator profile created {"user_id":66,"creator_id":15} 
[2026-03-28 13:57:03] local.INFO: Creator registered successfully {"user_id":66,"creator_id":15,"email":"newcreator@gmail.com"} 
[2026-03-28 13:57:06] local.INFO: ParseBearerToken middleware invoked {"path":"/api/v2/campaign","method":"GET","has_auth_header":true,"auth_header_preview":"Bearer 155|4Lgzwd6nqGNRZ1hTn52...","is_bearer":true} 
[2026-03-28 13:57:06] local.INFO: Extracted bearer token {"token_preview":"155|4Lgzwd...","token_length":52} 
[2026-03-28 13:57:06] local.INFO: Found personal access token {"token_id":155,"user_id":66,"revoked":null} 
[2026-03-28 13:57:06] local.INFO: User authenticated via bearer token {"user_id":66,"user_email":"newcreator@gmail.com"} 
[2026-03-28 13:57:07] local.INFO: Returning campaigns for user {"user_id":66,"campaign_count":0,"statuses":[]} 
[2026-03-28 13:57:07] local.INFO: ParseBearerToken middleware invoked {"path":"/api/v2/campaign","method":"GET","has_auth_header":true,"auth_header_preview":"Bearer 155|4Lgzwd6nqGNRZ1hTn52...","is_bearer":true} 
[2026-03-28 13:57:07] local.INFO: Extracted bearer token {"token_preview":"155|4Lgzwd...","token_length":52} 
[2026-03-28 13:57:07] local.INFO: Found personal access token {"token_id":155,"user_id":66,"revoked":null} 
[2026-03-28 13:57:07] local.INFO: User authenticated via bearer token {"user_id":66,"user_email":"newcreator@gmail.com"} 
[2026-03-28 13:57:07] local.INFO: Returning campaigns for user {"user_id":66,"campaign_count":0,"statuses":[]} 
[2026-03-28 13:57:24] local.DEBUG: reCAPTCHA enabled: false  
[2026-03-28 14:09:15] local.INFO: User created for creator registration {"user_id":67,"email":"hellocreator@gmail.com"} 
[2026-03-28 14:09:15] local.INFO: Creator profile created {"user_id":67,"creator_id":16} 
[2026-03-28 14:09:15] local.INFO: Creator registered successfully {"user_id":67,"creator_id":16,"email":"hellocreator@gmail.com"} 
[2026-03-28 14:09:17] local.INFO: ParseBearerToken middleware invoked {"path":"/api/v2/campaign","method":"GET","has_auth_header":true,"auth_header_preview":"Bearer 156|5LYeYCzehbDXZFgp5CB...","is_bearer":true} 
[2026-03-28 14:09:17] local.INFO: Extracted bearer token {"token_preview":"156|5LYeYC...","token_length":52} 
[2026-03-28 14:09:17] local.INFO: Found personal access token {"token_id":156,"user_id":67,"revoked":null} 
[2026-03-28 14:09:17] local.INFO: User authenticated via bearer token {"user_id":67,"user_email":"hellocreator@gmail.com"} 
[2026-03-28 14:09:17] local.INFO: Returning campaigns for user {"user_id":67,"campaign_count":0,"statuses":[]} 
[2026-03-28 14:09:17] local.INFO: ParseBearerToken middleware invoked {"path":"/api/v2/campaign","method":"GET","has_auth_header":true,"auth_header_preview":"Bearer 156|5LYeYCzehbDXZFgp5CB...","is_bearer":true} 
[2026-03-28 14:09:17] local.INFO: Extracted bearer token {"token_preview":"156|5LYeYC...","token_length":52} 
[2026-03-28 14:09:17] local.INFO: Found personal access token {"token_id":156,"user_id":67,"revoked":null} 
[2026-03-28 14:09:17] local.INFO: User authenticated via bearer token {"user_id":67,"user_email":"hellocreator@gmail.com"} 
[2026-03-28 14:09:17] local.INFO: Returning campaigns for user {"user_id":67,"campaign_count":0,"statuses":[]} 
[2026-03-28 14:09:31] local.DEBUG: reCAPTCHA enabled: false  
[2026-03-28 14:09:52] local.DEBUG: reCAPTCHA enabled: false  
[2026-03-28 14:13:45] local.DEBUG: reCAPTCHA enabled: false  
[2026-03-28 14:13:46] local.DEBUG: reCAPTCHA enabled: false  
[2026-03-28 14:13:48] local.INFO: ParseBearerToken middleware invoked {"path":"/api/v2/campaign","method":"GET","has_auth_header":true,"auth_header_preview":"Bearer 157|dBGrFpGwoTn2Cw6BEKs...","is_bearer":true} 
[2026-03-28 14:13:48] local.INFO: Extracted bearer token {"token_preview":"157|dBGrFp...","token_length":52} 
[2026-03-28 14:13:48] local.INFO: Found personal access token {"token_id":157,"user_id":67,"revoked":null} 
[2026-03-28 14:13:48] local.INFO: User authenticated via bearer token {"user_id":67,"user_email":"hellocreator@gmail.com"} 
[2026-03-28 14:13:48] local.INFO: Returning campaigns for user {"user_id":67,"campaign_count":0,"statuses":[]} 
[2026-03-28 14:13:48] local.INFO: ParseBearerToken middleware invoked {"path":"/api/v2/campaign","method":"GET","has_auth_header":true,"auth_header_preview":"Bearer 157|dBGrFpGwoTn2Cw6BEKs...","is_bearer":true} 
[2026-03-28 14:13:48] local.INFO: Extracted bearer token {"token_preview":"157|dBGrFp...","token_length":52} 
[2026-03-28 14:13:48] local.INFO: Found personal access token {"token_id":157,"user_id":67,"revoked":null} 
[2026-03-28 14:13:48] local.INFO: User authenticated via bearer token {"user_id":67,"user_email":"hellocreator@gmail.com"} 
[2026-03-28 14:13:48] local.INFO: Returning campaigns for user {"user_id":67,"campaign_count":0,"statuses":[]} 
[2026-03-28 14:13:57] local.INFO: ParseBearerToken middleware invoked {"path":"/api/v2/campaign","method":"GET","has_auth_header":true,"auth_header_preview":"Bearer 157|dBGrFpGwoTn2Cw6BEKs...","is_bearer":true} 
[2026-03-28 14:13:57] local.INFO: Extracted bearer token {"token_preview":"157|dBGrFp...","token_length":52} 
[2026-03-28 14:13:57] local.INFO: Found personal access token {"token_id":157,"user_id":67,"revoked":null} 
[2026-03-28 14:13:57] local.INFO: User authenticated via bearer token {"user_id":67,"user_email":"hellocreator@gmail.com"} 
[2026-03-28 14:13:57] local.INFO: Returning campaigns for user {"user_id":67,"campaign_count":0,"statuses":[]} 
[2026-03-28 14:13:58] local.INFO: ParseBearerToken middleware invoked {"path":"/api/v2/campaign","method":"GET","has_auth_header":true,"auth_header_preview":"Bearer 157|dBGrFpGwoTn2Cw6BEKs...","is_bearer":true} 
[2026-03-28 14:13:58] local.INFO: Extracted bearer token {"token_preview":"157|dBGrFp...","token_length":52} 
[2026-03-28 14:13:58] local.INFO: Found personal access token {"token_id":157,"user_id":67,"revoked":null} 
[2026-03-28 14:13:58] local.INFO: User authenticated via bearer token {"user_id":67,"user_email":"hellocreator@gmail.com"} 
[2026-03-28 14:13:58] local.INFO: Returning campaigns for user {"user_id":67,"campaign_count":0,"statuses":[]} 
[2026-03-28 14:14:00] local.INFO: ParseBearerToken middleware invoked {"path":"/api/v2/campaign","method":"GET","has_auth_header":true,"auth_header_preview":"Bearer 157|dBGrFpGwoTn2Cw6BEKs...","is_bearer":true} 
[2026-03-28 14:14:00] local.INFO: Extracted bearer token {"token_preview":"157|dBGrFp...","token_length":52} 
[2026-03-28 14:14:00] local.INFO: Found personal access token {"token_id":157,"user_id":67,"revoked":null} 
[2026-03-28 14:14:00] local.INFO: User authenticated via bearer token {"user_id":67,"user_email":"hellocreator@gmail.com"} 
[2026-03-28 14:14:00] local.INFO: Returning campaigns for user {"user_id":67,"campaign_count":0,"statuses":[]} 
[2026-03-28 14:14:00] local.INFO: ParseBearerToken middleware invoked {"path":"/api/v2/campaign","method":"GET","has_auth_header":true,"auth_header_preview":"Bearer 157|dBGrFpGwoTn2Cw6BEKs...","is_bearer":true} 
[2026-03-28 14:14:00] local.INFO: Extracted bearer token {"token_preview":"157|dBGrFp...","token_length":52} 
[2026-03-28 14:14:00] local.INFO: Found personal access token {"token_id":157,"user_id":67,"revoked":null} 
[2026-03-28 14:14:00] local.INFO: User authenticated via bearer token {"user_id":67,"user_email":"hellocreator@gmail.com"} 
[2026-03-28 14:14:00] local.INFO: Returning campaigns for user {"user_id":67,"campaign_count":0,"statuses":[]} 
[2026-03-28 14:14:03] local.INFO: ParseBearerToken middleware invoked {"path":"/api/v2/creator/profile","method":"GET","has_auth_header":true,"auth_header_preview":"Bearer 157|dBGrFpGwoTn2Cw6BEKs...","is_bearer":true} 
[2026-03-28 14:14:03] local.INFO: Extracted bearer token {"token_preview":"157|dBGrFp...","token_length":52} 
[2026-03-28 14:14:03] local.INFO: Found personal access token {"token_id":157,"user_id":67,"revoked":null} 
[2026-03-28 14:14:03] local.INFO: User authenticated via bearer token {"user_id":67,"user_email":"hellocreator@gmail.com"} 
[2026-03-28 14:14:03] local.INFO: ParseBearerToken middleware invoked {"path":"/api/v2/creator/profile","method":"GET","has_auth_header":true,"auth_header_preview":"Bearer 157|dBGrFpGwoTn2Cw6BEKs...","is_bearer":true} 
[2026-03-28 14:14:03] local.INFO: Extracted bearer token {"token_preview":"157|dBGrFp...","token_length":52} 
[2026-03-28 14:14:03] local.INFO: Found personal access token {"token_id":157,"user_id":67,"revoked":null} 
[2026-03-28 14:14:03] local.INFO: User authenticated via bearer token {"user_id":67,"user_email":"hellocreator@gmail.com"} 
[2026-03-28 14:14:05] local.INFO: ParseBearerToken middleware invoked {"path":"/api/v2/creator/documents","method":"GET","has_auth_header":true,"auth_header_preview":"Bearer 157|dBGrFpGwoTn2Cw6BEKs...","is_bearer":true} 
[2026-03-28 14:14:05] local.INFO: Extracted bearer token {"token_preview":"157|dBGrFp...","token_length":52} 
[2026-03-28 14:14:05] local.INFO: Found personal access token {"token_id":157,"user_id":67,"revoked":null} 
[2026-03-28 14:14:05] local.INFO: User authenticated via bearer token {"user_id":67,"user_email":"hellocreator@gmail.com"} 
[2026-03-28 14:14:05] local.INFO: ParseBearerToken middleware invoked {"path":"/api/v2/creator/documents","method":"GET","has_auth_header":true,"auth_header_preview":"Bearer 157|dBGrFpGwoTn2Cw6BEKs...","is_bearer":true} 
[2026-03-28 14:14:05] local.INFO: Extracted bearer token {"token_preview":"157|dBGrFp...","token_length":52} 
[2026-03-28 14:14:05] local.INFO: Found personal access token {"token_id":157,"user_id":67,"revoked":null} 
[2026-03-28 14:14:05] local.INFO: User authenticated via bearer token {"user_id":67,"user_email":"hellocreator@gmail.com"} 
[2026-03-28 14:25:02] local.INFO: ParseBearerToken middleware invoked {"path":"/api/v2/campaign","method":"GET","has_auth_header":true,"auth_header_preview":"Bearer 157|dBGrFpGwoTn2Cw6BEKs...","is_bearer":true} 
[2026-03-28 14:25:02] local.INFO: Extracted bearer token {"token_preview":"157|dBGrFp...","token_length":52} 
[2026-03-28 14:25:02] local.INFO: Found personal access token {"token_id":157,"user_id":67,"revoked":null} 
[2026-03-28 14:25:02] local.INFO: User authenticated via bearer token {"user_id":67,"user_email":"hellocreator@gmail.com"} 
[2026-03-28 14:25:02] local.INFO: Returning campaigns for user {"user_id":67,"campaign_count":0,"statuses":[]} 
[2026-03-28 14:25:04] local.INFO: ParseBearerToken middleware invoked {"path":"/api/v2/campaign","method":"GET","has_auth_header":true,"auth_header_preview":"Bearer 157|dBGrFpGwoTn2Cw6BEKs...","is_bearer":true} 
[2026-03-28 14:25:04] local.INFO: Extracted bearer token {"token_preview":"157|dBGrFp...","token_length":52} 
[2026-03-28 14:25:04] local.INFO: Found personal access token {"token_id":157,"user_id":67,"revoked":null} 
[2026-03-28 14:25:04] local.INFO: User authenticated via bearer token {"user_id":67,"user_email":"hellocreator@gmail.com"} 
[2026-03-28 14:25:04] local.INFO: Returning campaigns for user {"user_id":67,"campaign_count":0,"statuses":[]} 
[2026-03-28 14:56:07] local.INFO: ParseBearerToken middleware invoked {"path":"/api/v2/campaign","method":"GET","has_auth_header":true,"auth_header_preview":"Bearer 157|dBGrFpGwoTn2Cw6BEKs...","is_bearer":true} 
[2026-03-28 14:56:07] local.INFO: Extracted bearer token {"token_preview":"157|dBGrFp...","token_length":52} 
[2026-03-28 14:56:07] local.INFO: Found personal access token {"token_id":157,"user_id":67,"revoked":null} 
[2026-03-28 14:56:07] local.INFO: User authenticated via bearer token {"user_id":67,"user_email":"hellocreator@gmail.com"} 
[2026-03-28 14:56:07] local.INFO: Returning campaigns for user {"user_id":67,"campaign_count":0,"statuses":[]} 
[2026-03-28 14:56:08] local.INFO: ParseBearerToken middleware invoked {"path":"/api/v2/campaign","method":"GET","has_auth_header":true,"auth_header_preview":"Bearer 157|dBGrFpGwoTn2Cw6BEKs...","is_bearer":true} 
[2026-03-28 14:56:08] local.INFO: Extracted bearer token {"token_preview":"157|dBGrFp...","token_length":52} 
[2026-03-28 14:56:08] local.INFO: Found personal access token {"token_id":157,"user_id":67,"revoked":null} 
[2026-03-28 14:56:08] local.INFO: User authenticated via bearer token {"user_id":67,"user_email":"hellocreator@gmail.com"} 
[2026-03-28 14:56:08] local.INFO: Returning campaigns for user {"user_id":67,"campaign_count":0,"statuses":[]} 
[2026-03-28 14:56:09] local.INFO: ParseBearerToken middleware invoked {"path":"/api/v2/campaign","method":"GET","has_auth_header":true,"auth_header_preview":"Bearer 157|dBGrFpGwoTn2Cw6BEKs...","is_bearer":true} 
[2026-03-28 14:56:09] local.INFO: Extracted bearer token {"token_preview":"157|dBGrFp...","token_length":52} 
[2026-03-28 14:56:09] local.INFO: Found personal access token {"token_id":157,"user_id":67,"revoked":null} 
[2026-03-28 14:56:09] local.INFO: User authenticated via bearer token {"user_id":67,"user_email":"hellocreator@gmail.com"} 
[2026-03-28 14:56:09] local.INFO: Returning campaigns for user {"user_id":67,"campaign_count":0,"statuses":[]} 
[2026-03-28 14:56:10] local.INFO: ParseBearerToken middleware invoked {"path":"/api/v2/campaign","method":"GET","has_auth_header":true,"auth_header_preview":"Bearer 157|dBGrFpGwoTn2Cw6BEKs...","is_bearer":true} 
[2026-03-28 14:56:10] local.INFO: Extracted bearer token {"token_preview":"157|dBGrFp...","token_length":52} 
[2026-03-28 14:56:10] local.INFO: Found personal access token {"token_id":157,"user_id":67,"revoked":null} 
[2026-03-28 14:56:10] local.INFO: User authenticated via bearer token {"user_id":67,"user_email":"hellocreator@gmail.com"} 
[2026-03-28 14:56:10] local.INFO: Returning campaigns for user {"user_id":67,"campaign_count":0,"statuses":[]} 
[2026-03-28 14:56:11] local.INFO: ParseBearerToken middleware invoked {"path":"/api/v2/campaign","method":"GET","has_auth_header":true,"auth_header_preview":"Bearer 157|dBGrFpGwoTn2Cw6BEKs...","is_bearer":true} 
[2026-03-28 14:56:11] local.INFO: Extracted bearer token {"token_preview":"157|dBGrFp...","token_length":52} 
[2026-03-28 14:56:11] local.INFO: Found personal access token {"token_id":157,"user_id":67,"revoked":null} 
[2026-03-28 14:56:11] local.INFO: User authenticated via bearer token {"user_id":67,"user_email":"hellocreator@gmail.com"} 
[2026-03-28 14:56:11] local.INFO: Returning campaigns for user {"user_id":67,"campaign_count":0,"statuses":[]} 
[2026-03-28 14:56:11] local.INFO: ParseBearerToken middleware invoked {"path":"/api/v2/campaign","method":"GET","has_auth_header":true,"auth_header_preview":"Bearer 157|dBGrFpGwoTn2Cw6BEKs...","is_bearer":true} 
[2026-03-28 14:56:11] local.INFO: Extracted bearer token {"token_preview":"157|dBGrFp...","token_length":52} 
[2026-03-28 14:56:11] local.INFO: Found personal access token {"token_id":157,"user_id":67,"revoked":null} 
[2026-03-28 14:56:11] local.INFO: User authenticated via bearer token {"user_id":67,"user_email":"hellocreator@gmail.com"} 
[2026-03-28 14:56:11] local.INFO: Returning campaigns for user {"user_id":67,"campaign_count":0,"statuses":[]} 
[2026-03-28 14:56:13] local.INFO: ParseBearerToken middleware invoked {"path":"/api/v2/creator/profile","method":"GET","has_auth_header":true,"auth_header_preview":"Bearer 157|dBGrFpGwoTn2Cw6BEKs...","is_bearer":true} 
[2026-03-28 14:56:13] local.INFO: Extracted bearer token {"token_preview":"157|dBGrFp...","token_length":52} 
[2026-03-28 14:56:13] local.INFO: Found personal access token {"token_id":157,"user_id":67,"revoked":null} 
[2026-03-28 14:56:13] local.INFO: User authenticated via bearer token {"user_id":67,"user_email":"hellocreator@gmail.com"} 
[2026-03-28 14:56:14] local.INFO: ParseBearerToken middleware invoked {"path":"/api/v2/creator/profile","method":"GET","has_auth_header":true,"auth_header_preview":"Bearer 157|dBGrFpGwoTn2Cw6BEKs...","is_bearer":true} 
[2026-03-28 14:56:14] local.INFO: Extracted bearer token {"token_preview":"157|dBGrFp...","token_length":52} 
[2026-03-28 14:56:14] local.INFO: Found personal access token {"token_id":157,"user_id":67,"revoked":null} 
[2026-03-28 14:56:14] local.INFO: User authenticated via bearer token {"user_id":67,"user_email":"hellocreator@gmail.com"} 
[2026-03-28 14:56:15] local.INFO: ParseBearerToken middleware invoked {"path":"/api/v2/creator/documents","method":"GET","has_auth_header":true,"auth_header_preview":"Bearer 157|dBGrFpGwoTn2Cw6BEKs...","is_bearer":true} 
[2026-03-28 14:56:15] local.INFO: Extracted bearer token {"token_preview":"157|dBGrFp...","token_length":52} 
[2026-03-28 14:56:15] local.INFO: Found personal access token {"token_id":157,"user_id":67,"revoked":null} 
[2026-03-28 14:56:15] local.INFO: User authenticated via bearer token {"user_id":67,"user_email":"hellocreator@gmail.com"} 
[2026-03-28 14:56:16] local.INFO: ParseBearerToken middleware invoked {"path":"/api/v2/creator/documents","method":"GET","has_auth_header":true,"auth_header_preview":"Bearer 157|dBGrFpGwoTn2Cw6BEKs...","is_bearer":true} 
[2026-03-28 14:56:16] local.INFO: Extracted bearer token {"token_preview":"157|dBGrFp...","token_length":52} 
[2026-03-28 14:56:16] local.INFO: Found personal access token {"token_id":157,"user_id":67,"revoked":null} 
[2026-03-28 14:56:16] local.INFO: User authenticated via bearer token {"user_id":67,"user_email":"hellocreator@gmail.com"} 
[2026-03-28 14:56:20] local.INFO: ParseBearerToken middleware invoked {"path":"/api/v2/campaign","method":"GET","has_auth_header":true,"auth_header_preview":"Bearer 157|dBGrFpGwoTn2Cw6BEKs...","is_bearer":true} 
[2026-03-28 14:56:20] local.INFO: Extracted bearer token {"token_preview":"157|dBGrFp...","token_length":52} 
[2026-03-28 14:56:20] local.INFO: Found personal access token {"token_id":157,"user_id":67,"revoked":null} 
[2026-03-28 14:56:20] local.INFO: User authenticated via bearer token {"user_id":67,"user_email":"hellocreator@gmail.com"} 
[2026-03-28 14:56:20] local.INFO: Returning campaigns for user {"user_id":67,"campaign_count":0,"statuses":[]} 
[2026-03-28 14:56:20] local.INFO: ParseBearerToken middleware invoked {"path":"/api/v2/campaign","method":"GET","has_auth_header":true,"auth_header_preview":"Bearer 157|dBGrFpGwoTn2Cw6BEKs...","is_bearer":true} 
[2026-03-28 14:56:20] local.INFO: Extracted bearer token {"token_preview":"157|dBGrFp...","token_length":52} 
[2026-03-28 14:56:20] local.INFO: Found personal access token {"token_id":157,"user_id":67,"revoked":null} 
[2026-03-28 14:56:20] local.INFO: User authenticated via bearer token {"user_id":67,"user_email":"hellocreator@gmail.com"} 
[2026-03-28 14:56:20] local.INFO: Returning campaigns for user {"user_id":67,"campaign_count":0,"statuses":[]} 
[2026-03-28 14:56:21] local.INFO: ParseBearerToken middleware invoked {"path":"/api/v2/campaign","method":"GET","has_auth_header":true,"auth_header_preview":"Bearer 157|dBGrFpGwoTn2Cw6BEKs...","is_bearer":true} 
[2026-03-28 14:56:21] local.INFO: Extracted bearer token {"token_preview":"157|dBGrFp...","token_length":52} 
[2026-03-28 14:56:21] local.INFO: Found personal access token {"token_id":157,"user_id":67,"revoked":null} 
[2026-03-28 14:56:21] local.INFO: User authenticated via bearer token {"user_id":67,"user_email":"hellocreator@gmail.com"} 
[2026-03-28 14:56:21] local.INFO: Returning campaigns for user {"user_id":67,"campaign_count":0,"statuses":[]} 
[2026-03-28 14:56:21] local.INFO: ParseBearerToken middleware invoked {"path":"/api/v2/campaign","method":"GET","has_auth_header":true,"auth_header_preview":"Bearer 157|dBGrFpGwoTn2Cw6BEKs...","is_bearer":true} 
[2026-03-28 14:56:21] local.INFO: Extracted bearer token {"token_preview":"157|dBGrFp...","token_length":52} 
[2026-03-28 14:56:21] local.INFO: Found personal access token {"token_id":157,"user_id":67,"revoked":null} 
[2026-03-28 14:56:21] local.INFO: User authenticated via bearer token {"user_id":67,"user_email":"hellocreator@gmail.com"} 
[2026-03-28 14:56:21] local.INFO: Returning campaigns for user {"user_id":67,"campaign_count":0,"statuses":[]} 
[2026-03-28 14:58:27] local.INFO: ParseBearerToken middleware invoked {"path":"/api/v2/campaign","method":"GET","has_auth_header":true,"auth_header_preview":"Bearer 157|dBGrFpGwoTn2Cw6BEKs...","is_bearer":true} 
[2026-03-28 14:58:27] local.INFO: Extracted bearer token {"token_preview":"157|dBGrFp...","token_length":52} 
[2026-03-28 14:58:27] local.INFO: Found personal access token {"token_id":157,"user_id":67,"revoked":null} 
[2026-03-28 14:58:28] local.INFO: User authenticated via bearer token {"user_id":67,"user_email":"hellocreator@gmail.com"} 
[2026-03-28 14:58:28] local.INFO: Returning campaigns for user {"user_id":67,"campaign_count":0,"statuses":[]} 
[2026-03-28 14:58:28] local.INFO: ParseBearerToken middleware invoked {"path":"/api/v2/campaign","method":"GET","has_auth_header":true,"auth_header_preview":"Bearer 157|dBGrFpGwoTn2Cw6BEKs...","is_bearer":true} 
[2026-03-28 14:58:28] local.INFO: Extracted bearer token {"token_preview":"157|dBGrFp...","token_length":52} 
[2026-03-28 14:58:28] local.INFO: Found personal access token {"token_id":157,"user_id":67,"revoked":null} 
[2026-03-28 14:58:28] local.INFO: User authenticated via bearer token {"user_id":67,"user_email":"hellocreator@gmail.com"} 
[2026-03-28 14:58:28] local.INFO: Returning campaigns for user {"user_id":67,"campaign_count":0,"statuses":[]} 
[2026-03-28 15:02:09] local.INFO: ParseBearerToken middleware invoked {"path":"/api/v2/campaign","method":"GET","has_auth_header":true,"auth_header_preview":"Bearer 157|dBGrFpGwoTn2Cw6BEKs...","is_bearer":true} 
[2026-03-28 15:02:09] local.INFO: Extracted bearer token {"token_preview":"157|dBGrFp...","token_length":52} 
[2026-03-28 15:02:09] local.INFO: Found personal access token {"token_id":157,"user_id":67,"revoked":null} 
[2026-03-28 15:02:09] local.INFO: User authenticated via bearer token {"user_id":67,"user_email":"hellocreator@gmail.com"} 
[2026-03-28 15:02:09] local.INFO: Returning campaigns for user {"user_id":67,"campaign_count":0,"statuses":[]} 
[2026-03-28 15:02:09] local.INFO: ParseBearerToken middleware invoked {"path":"/api/v2/campaign","method":"GET","has_auth_header":true,"auth_header_preview":"Bearer 157|dBGrFpGwoTn2Cw6BEKs...","is_bearer":true} 
[2026-03-28 15:02:09] local.INFO: Extracted bearer token {"token_preview":"157|dBGrFp...","token_length":52} 
[2026-03-28 15:02:09] local.INFO: Found personal access token {"token_id":157,"user_id":67,"revoked":null} 
[2026-03-28 15:02:09] local.INFO: User authenticated via bearer token {"user_id":67,"user_email":"hellocreator@gmail.com"} 
[2026-03-28 15:02:09] local.INFO: Returning campaigns for user {"user_id":67,"campaign_count":0,"statuses":[]} 
