[2026-04-19 11:42:40] local.INFO: ParseBearerToken middleware invoked {"path":"/api/v2/pledge/user","method":"GET","has_auth_header":true,"auth_header_preview":"Bearer 163|wuFh1qiVsJA93LsN7gf...","is_bearer":true} 
[2026-04-19 11:42:41] local.INFO: Extracted bearer token {"token_preview":"163|wuFh1q...","token_length":52} 
[2026-04-19 11:42:41] local.INFO: Found personal access token {"token_id":163,"user_id":69,"revoked":null} 
[2026-04-19 11:42:41] local.INFO: User authenticated via bearer token {"user_id":69,"user_email":"deomoback@gmail.com"} 
[2026-04-19 11:42:41] local.INFO: ParseBearerToken middleware invoked {"path":"/api/v2/pledge/user","method":"GET","has_auth_header":true,"auth_header_preview":"Bearer 163|wuFh1qiVsJA93LsN7gf...","is_bearer":true} 
[2026-04-19 11:42:41] local.INFO: Extracted bearer token {"token_preview":"163|wuFh1q...","token_length":52} 
[2026-04-19 11:42:41] local.INFO: Found personal access token {"token_id":163,"user_id":69,"revoked":null} 
[2026-04-19 11:42:41] local.INFO: User authenticated via bearer token {"user_id":69,"user_email":"deomoback@gmail.com"} 
[2026-04-19 11:42:54] local.INFO: ParseBearerToken middleware invoked {"path":"/api/v2/pledge/user","method":"GET","has_auth_header":true,"auth_header_preview":"Bearer 163|wuFh1qiVsJA93LsN7gf...","is_bearer":true} 
[2026-04-19 11:42:54] local.INFO: Extracted bearer token {"token_preview":"163|wuFh1q...","token_length":52} 
[2026-04-19 11:42:54] local.INFO: Found personal access token {"token_id":163,"user_id":69,"revoked":null} 
[2026-04-19 11:42:54] local.INFO: User authenticated via bearer token {"user_id":69,"user_email":"deomoback@gmail.com"} 
[2026-04-19 11:42:54] local.INFO: ParseBearerToken middleware invoked {"path":"/api/v2/pledge/user","method":"GET","has_auth_header":true,"auth_header_preview":"Bearer 163|wuFh1qiVsJA93LsN7gf...","is_bearer":true} 
[2026-04-19 11:42:54] local.INFO: Extracted bearer token {"token_preview":"163|wuFh1q...","token_length":52} 
[2026-04-19 11:42:54] local.INFO: Found personal access token {"token_id":163,"user_id":69,"revoked":null} 
[2026-04-19 11:42:54] local.INFO: User authenticated via bearer token {"user_id":69,"user_email":"deomoback@gmail.com"} 
[2026-04-19 11:43:05] local.INFO: ParseBearerToken middleware invoked {"path":"/api/v2/pledge/user","method":"GET","has_auth_header":true,"auth_header_preview":"Bearer 163|wuFh1qiVsJA93LsN7gf...","is_bearer":true} 
[2026-04-19 11:43:05] local.INFO: Extracted bearer token {"token_preview":"163|wuFh1q...","token_length":52} 
[2026-04-19 11:43:05] local.INFO: Found personal access token {"token_id":163,"user_id":69,"revoked":null} 
[2026-04-19 11:43:05] local.INFO: User authenticated via bearer token {"user_id":69,"user_email":"deomoback@gmail.com"} 
[2026-04-19 11:43:05] local.INFO: ParseBearerToken middleware invoked {"path":"/api/v2/pledge/user","method":"GET","has_auth_header":true,"auth_header_preview":"Bearer 163|wuFh1qiVsJA93LsN7gf...","is_bearer":true} 
[2026-04-19 11:43:05] local.INFO: Extracted bearer token {"token_preview":"163|wuFh1q...","token_length":52} 
[2026-04-19 11:43:05] local.INFO: Found personal access token {"token_id":163,"user_id":69,"revoked":null} 
[2026-04-19 11:43:05] local.INFO: User authenticated via bearer token {"user_id":69,"user_email":"deomoback@gmail.com"} 
[2026-04-19 11:43:16] local.INFO: ParseBearerToken middleware invoked {"path":"/api/v2/pledge/user","method":"GET","has_auth_header":true,"auth_header_preview":"Bearer 163|wuFh1qiVsJA93LsN7gf...","is_bearer":true} 
[2026-04-19 11:43:16] local.INFO: Extracted bearer token {"token_preview":"163|wuFh1q...","token_length":52} 
[2026-04-19 11:43:16] local.INFO: Found personal access token {"token_id":163,"user_id":69,"revoked":null} 
[2026-04-19 11:43:16] local.INFO: User authenticated via bearer token {"user_id":69,"user_email":"deomoback@gmail.com"} 
[2026-04-19 11:43:17] local.INFO: ParseBearerToken middleware invoked {"path":"/api/v2/pledge/user","method":"GET","has_auth_header":true,"auth_header_preview":"Bearer 163|wuFh1qiVsJA93LsN7gf...","is_bearer":true} 
[2026-04-19 11:43:17] local.INFO: Extracted bearer token {"token_preview":"163|wuFh1q...","token_length":52} 
[2026-04-19 11:43:17] local.INFO: Found personal access token {"token_id":163,"user_id":69,"revoked":null} 
[2026-04-19 11:43:17] local.INFO: User authenticated via bearer token {"user_id":69,"user_email":"deomoback@gmail.com"} 
[2026-04-19 11:43:46] local.INFO: ParseBearerToken middleware invoked {"path":"/api/v2/pledge/user","method":"GET","has_auth_header":true,"auth_header_preview":"Bearer 163|wuFh1qiVsJA93LsN7gf...","is_bearer":true} 
[2026-04-19 11:43:46] local.INFO: Extracted bearer token {"token_preview":"163|wuFh1q...","token_length":52} 
[2026-04-19 11:43:46] local.INFO: Found personal access token {"token_id":163,"user_id":69,"revoked":null} 
[2026-04-19 11:43:46] local.INFO: User authenticated via bearer token {"user_id":69,"user_email":"deomoback@gmail.com"} 
[2026-04-19 11:44:17] local.INFO: ParseBearerToken middleware invoked {"path":"/api/v2/pledge/user","method":"GET","has_auth_header":true,"auth_header_preview":"Bearer 163|wuFh1qiVsJA93LsN7gf...","is_bearer":true} 
[2026-04-19 11:44:17] local.INFO: Extracted bearer token {"token_preview":"163|wuFh1q...","token_length":52} 
[2026-04-19 11:44:17] local.INFO: Found personal access token {"token_id":163,"user_id":69,"revoked":null} 
[2026-04-19 11:44:17] local.INFO: User authenticated via bearer token {"user_id":69,"user_email":"deomoback@gmail.com"} 
[2026-04-19 11:44:46] local.INFO: ParseBearerToken middleware invoked {"path":"/api/v2/pledge/user","method":"GET","has_auth_header":true,"auth_header_preview":"Bearer 163|wuFh1qiVsJA93LsN7gf...","is_bearer":true} 
[2026-04-19 11:44:46] local.INFO: Extracted bearer token {"token_preview":"163|wuFh1q...","token_length":52} 
[2026-04-19 11:44:46] local.INFO: Found personal access token {"token_id":163,"user_id":69,"revoked":null} 
[2026-04-19 11:44:46] local.INFO: User authenticated via bearer token {"user_id":69,"user_email":"deomoback@gmail.com"} 
[2026-04-19 11:45:10] local.INFO: ParseBearerToken middleware invoked {"path":"/api/v2/pledge/user","method":"GET","has_auth_header":true,"auth_header_preview":"Bearer 164|yN43XopmirW5ti7KC4O...","is_bearer":true} 
[2026-04-19 11:45:10] local.INFO: Extracted bearer token {"token_preview":"164|yN43Xo...","token_length":52} 
[2026-04-19 11:45:10] local.INFO: Found personal access token {"token_id":164,"user_id":70,"revoked":null} 
[2026-04-19 11:45:10] local.INFO: User authenticated via bearer token {"user_id":70,"user_email":"fsdtgre5t@gmail.com"} 
[2026-04-19 11:45:10] local.INFO: ParseBearerToken middleware invoked {"path":"/api/v2/pledge/user","method":"GET","has_auth_header":true,"auth_header_preview":"Bearer 164|yN43XopmirW5ti7KC4O...","is_bearer":true} 
[2026-04-19 11:45:10] local.INFO: Extracted bearer token {"token_preview":"164|yN43Xo...","token_length":52} 
[2026-04-19 11:45:10] local.INFO: Found personal access token {"token_id":164,"user_id":70,"revoked":null} 
[2026-04-19 11:45:10] local.INFO: User authenticated via bearer token {"user_id":70,"user_email":"fsdtgre5t@gmail.com"} 
[2026-04-19 11:45:17] local.INFO: ParseBearerToken middleware invoked {"path":"/api/v2/pledge/user","method":"GET","has_auth_header":true,"auth_header_preview":"Bearer 163|wuFh1qiVsJA93LsN7gf...","is_bearer":true} 
[2026-04-19 11:45:17] local.INFO: Extracted bearer token {"token_preview":"163|wuFh1q...","token_length":52} 
[2026-04-19 11:45:17] local.INFO: Found personal access token {"token_id":163,"user_id":69,"revoked":null} 
[2026-04-19 11:45:17] local.INFO: User authenticated via bearer token {"user_id":69,"user_email":"deomoback@gmail.com"} 
[2026-04-19 11:45:40] local.INFO: ParseBearerToken middleware invoked {"path":"/api/v2/pledge/user","method":"GET","has_auth_header":true,"auth_header_preview":"Bearer 164|yN43XopmirW5ti7KC4O...","is_bearer":true} 
[2026-04-19 11:45:41] local.INFO: Extracted bearer token {"token_preview":"164|yN43Xo...","token_length":52} 
[2026-04-19 11:45:41] local.INFO: Found personal access token {"token_id":164,"user_id":70,"revoked":null} 
[2026-04-19 11:45:41] local.INFO: User authenticated via bearer token {"user_id":70,"user_email":"fsdtgre5t@gmail.com"} 
[2026-04-19 11:45:50] local.INFO: ParseBearerToken middleware invoked {"path":"/api/v2/pledge/user","method":"GET","has_auth_header":true,"auth_header_preview":"Bearer 163|wuFh1qiVsJA93LsN7gf...","is_bearer":true} 
[2026-04-19 11:45:50] local.INFO: Extracted bearer token {"token_preview":"163|wuFh1q...","token_length":52} 
[2026-04-19 11:45:50] local.INFO: Found personal access token {"token_id":163,"user_id":69,"revoked":null} 
[2026-04-19 11:45:50] local.INFO: User authenticated via bearer token {"user_id":69,"user_email":"deomoback@gmail.com"} 
[2026-04-19 11:46:39] local.INFO: ParseBearerToken middleware invoked {"path":"/api/v2/pledge/user","method":"GET","has_auth_header":true,"auth_header_preview":"Bearer 164|yN43XopmirW5ti7KC4O...","is_bearer":true} 
[2026-04-19 11:46:39] local.INFO: Extracted bearer token {"token_preview":"164|yN43Xo...","token_length":52} 
[2026-04-19 11:46:39] local.INFO: Found personal access token {"token_id":164,"user_id":70,"revoked":null} 
[2026-04-19 11:46:39] local.INFO: User authenticated via bearer token {"user_id":70,"user_email":"fsdtgre5t@gmail.com"} 
[2026-04-19 11:46:40] local.INFO: ParseBearerToken middleware invoked {"path":"/api/v2/pledge/user","method":"GET","has_auth_header":true,"auth_header_preview":"Bearer 164|yN43XopmirW5ti7KC4O...","is_bearer":true} 
[2026-04-19 11:46:40] local.INFO: Extracted bearer token {"token_preview":"164|yN43Xo...","token_length":52} 
[2026-04-19 11:46:40] local.INFO: Found personal access token {"token_id":164,"user_id":70,"revoked":null} 
[2026-04-19 11:46:40] local.INFO: User authenticated via bearer token {"user_id":70,"user_email":"fsdtgre5t@gmail.com"} 
[2026-04-19 11:46:40] local.INFO: ParseBearerToken middleware invoked {"path":"/api/v2/pledge/user","method":"GET","has_auth_header":true,"auth_header_preview":"Bearer 163|wuFh1qiVsJA93LsN7gf...","is_bearer":true} 
[2026-04-19 11:46:40] local.INFO: Extracted bearer token {"token_preview":"163|wuFh1q...","token_length":52} 
[2026-04-19 11:46:40] local.INFO: Found personal access token {"token_id":163,"user_id":69,"revoked":null} 
[2026-04-19 11:46:40] local.INFO: User authenticated via bearer token {"user_id":69,"user_email":"deomoback@gmail.com"} 
[2026-04-19 11:46:41] local.INFO: ParseBearerToken middleware invoked {"path":"/api/v2/pledge/user","method":"GET","has_auth_header":true,"auth_header_preview":"Bearer 163|wuFh1qiVsJA93LsN7gf...","is_bearer":true} 
[2026-04-19 11:46:41] local.INFO: Extracted bearer token {"token_preview":"163|wuFh1q...","token_length":52} 
[2026-04-19 11:46:41] local.INFO: Found personal access token {"token_id":163,"user_id":69,"revoked":null} 
[2026-04-19 11:46:41] local.INFO: User authenticated via bearer token {"user_id":69,"user_email":"deomoback@gmail.com"} 
[2026-04-19 11:46:49] local.INFO: ParseBearerToken middleware invoked {"path":"/api/v2/pledge/user","method":"GET","has_auth_header":true,"auth_header_preview":"Bearer 164|yN43XopmirW5ti7KC4O...","is_bearer":true} 
[2026-04-19 11:46:49] local.INFO: Extracted bearer token {"token_preview":"164|yN43Xo...","token_length":52} 
[2026-04-19 11:46:49] local.INFO: Found personal access token {"token_id":164,"user_id":70,"revoked":null} 
[2026-04-19 11:46:49] local.INFO: User authenticated via bearer token {"user_id":70,"user_email":"fsdtgre5t@gmail.com"} 
[2026-04-19 11:46:50] local.INFO: ParseBearerToken middleware invoked {"path":"/api/v2/pledge/user","method":"GET","has_auth_header":true,"auth_header_preview":"Bearer 164|yN43XopmirW5ti7KC4O...","is_bearer":true} 
[2026-04-19 11:46:50] local.INFO: Extracted bearer token {"token_preview":"164|yN43Xo...","token_length":52} 
[2026-04-19 11:46:50] local.INFO: Found personal access token {"token_id":164,"user_id":70,"revoked":null} 
[2026-04-19 11:46:50] local.INFO: User authenticated via bearer token {"user_id":70,"user_email":"fsdtgre5t@gmail.com"} 
[2026-04-19 11:47:26] local.INFO: ParseBearerToken middleware invoked {"path":"/api/v2/pledge/user","method":"GET","has_auth_header":true,"auth_header_preview":"Bearer 164|yN43XopmirW5ti7KC4O...","is_bearer":true} 
[2026-04-19 11:47:26] local.INFO: Extracted bearer token {"token_preview":"164|yN43Xo...","token_length":52} 
[2026-04-19 11:47:26] local.INFO: Found personal access token {"token_id":164,"user_id":70,"revoked":null} 
[2026-04-19 11:47:26] local.INFO: User authenticated via bearer token {"user_id":70,"user_email":"fsdtgre5t@gmail.com"} 
[2026-04-19 11:47:27] local.INFO: ParseBearerToken middleware invoked {"path":"/api/v2/pledge/user","method":"GET","has_auth_header":true,"auth_header_preview":"Bearer 164|yN43XopmirW5ti7KC4O...","is_bearer":true} 
[2026-04-19 11:47:27] local.INFO: Extracted bearer token {"token_preview":"164|yN43Xo...","token_length":52} 
[2026-04-19 11:47:27] local.INFO: Found personal access token {"token_id":164,"user_id":70,"revoked":null} 
[2026-04-19 11:47:27] local.INFO: User authenticated via bearer token {"user_id":70,"user_email":"fsdtgre5t@gmail.com"} 
[2026-04-19 11:47:51] local.INFO: ParseBearerToken middleware invoked {"path":"/api/v2/creator/profile","method":"GET","has_auth_header":true,"auth_header_preview":"Bearer 164|yN43XopmirW5ti7KC4O...","is_bearer":true} 
[2026-04-19 11:47:51] local.INFO: Extracted bearer token {"token_preview":"164|yN43Xo...","token_length":52} 
[2026-04-19 11:47:51] local.INFO: Found personal access token {"token_id":164,"user_id":70,"revoked":null} 
[2026-04-19 11:47:51] local.INFO: User authenticated via bearer token {"user_id":70,"user_email":"fsdtgre5t@gmail.com"} 
[2026-04-19 11:47:52] local.INFO: ParseBearerToken middleware invoked {"path":"/api/v2/creator/profile","method":"GET","has_auth_header":true,"auth_header_preview":"Bearer 164|yN43XopmirW5ti7KC4O...","is_bearer":true} 
[2026-04-19 11:47:52] local.INFO: Extracted bearer token {"token_preview":"164|yN43Xo...","token_length":52} 
[2026-04-19 11:47:52] local.INFO: Found personal access token {"token_id":164,"user_id":70,"revoked":null} 
[2026-04-19 11:47:52] local.INFO: User authenticated via bearer token {"user_id":70,"user_email":"fsdtgre5t@gmail.com"} 
[2026-04-19 11:48:01] local.INFO: ParseBearerToken middleware invoked {"path":"/api/v2/creator/profile","method":"GET","has_auth_header":true,"auth_header_preview":"Bearer 164|yN43XopmirW5ti7KC4O...","is_bearer":true} 
[2026-04-19 11:48:01] local.INFO: Extracted bearer token {"token_preview":"164|yN43Xo...","token_length":52} 
[2026-04-19 11:48:01] local.INFO: Found personal access token {"token_id":164,"user_id":70,"revoked":null} 
[2026-04-19 11:48:01] local.INFO: User authenticated via bearer token {"user_id":70,"user_email":"fsdtgre5t@gmail.com"} 
[2026-04-19 11:48:08] local.INFO: ParseBearerToken middleware invoked {"path":"/api/v2/pledge/user","method":"GET","has_auth_header":true,"auth_header_preview":"Bearer 164|yN43XopmirW5ti7KC4O...","is_bearer":true} 
[2026-04-19 11:48:08] local.INFO: Extracted bearer token {"token_preview":"164|yN43Xo...","token_length":52} 
[2026-04-19 11:48:08] local.INFO: Found personal access token {"token_id":164,"user_id":70,"revoked":null} 
[2026-04-19 11:48:08] local.INFO: User authenticated via bearer token {"user_id":70,"user_email":"fsdtgre5t@gmail.com"} 
[2026-04-19 11:48:09] local.INFO: ParseBearerToken middleware invoked {"path":"/api/v2/pledge/user","method":"GET","has_auth_header":true,"auth_header_preview":"Bearer 164|yN43XopmirW5ti7KC4O...","is_bearer":true} 
[2026-04-19 11:48:09] local.INFO: Extracted bearer token {"token_preview":"164|yN43Xo...","token_length":52} 
[2026-04-19 11:48:09] local.INFO: Found personal access token {"token_id":164,"user_id":70,"revoked":null} 
[2026-04-19 11:48:09] local.INFO: User authenticated via bearer token {"user_id":70,"user_email":"fsdtgre5t@gmail.com"} 
[2026-04-19 11:48:10] local.INFO: ParseBearerToken middleware invoked {"path":"/api/v2/pledge/user","method":"GET","has_auth_header":true,"auth_header_preview":"Bearer 164|yN43XopmirW5ti7KC4O...","is_bearer":true} 
[2026-04-19 11:48:10] local.INFO: Extracted bearer token {"token_preview":"164|yN43Xo...","token_length":52} 
[2026-04-19 11:48:10] local.INFO: Found personal access token {"token_id":164,"user_id":70,"revoked":null} 
[2026-04-19 11:48:10] local.INFO: User authenticated via bearer token {"user_id":70,"user_email":"fsdtgre5t@gmail.com"} 
[2026-04-19 11:48:10] local.INFO: ParseBearerToken middleware invoked {"path":"/api/v2/pledge/user","method":"GET","has_auth_header":true,"auth_header_preview":"Bearer 164|yN43XopmirW5ti7KC4O...","is_bearer":true} 
[2026-04-19 11:48:10] local.INFO: Extracted bearer token {"token_preview":"164|yN43Xo...","token_length":52} 
[2026-04-19 11:48:10] local.INFO: Found personal access token {"token_id":164,"user_id":70,"revoked":null} 
[2026-04-19 11:48:10] local.INFO: User authenticated via bearer token {"user_id":70,"user_email":"fsdtgre5t@gmail.com"} 
[2026-04-19 11:48:27] local.INFO: ParseBearerToken middleware invoked {"path":"/api/v2/pledge/user","method":"GET","has_auth_header":true,"auth_header_preview":"Bearer 164|yN43XopmirW5ti7KC4O...","is_bearer":true} 
[2026-04-19 11:48:27] local.INFO: Extracted bearer token {"token_preview":"164|yN43Xo...","token_length":52} 
[2026-04-19 11:48:27] local.INFO: Found personal access token {"token_id":164,"user_id":70,"revoked":null} 
[2026-04-19 11:48:27] local.INFO: User authenticated via bearer token {"user_id":70,"user_email":"fsdtgre5t@gmail.com"} 
[2026-04-19 11:48:28] local.INFO: ParseBearerToken middleware invoked {"path":"/api/v2/pledge/user","method":"GET","has_auth_header":true,"auth_header_preview":"Bearer 164|yN43XopmirW5ti7KC4O...","is_bearer":true} 
[2026-04-19 11:48:28] local.INFO: Extracted bearer token {"token_preview":"164|yN43Xo...","token_length":52} 
[2026-04-19 11:48:28] local.INFO: Found personal access token {"token_id":164,"user_id":70,"revoked":null} 
[2026-04-19 11:48:28] local.INFO: User authenticated via bearer token {"user_id":70,"user_email":"fsdtgre5t@gmail.com"} 
[2026-04-19 11:48:31] local.INFO: ParseBearerToken middleware invoked {"path":"/api/v2/pledge/user","method":"GET","has_auth_header":true,"auth_header_preview":"Bearer 164|yN43XopmirW5ti7KC4O...","is_bearer":true} 
[2026-04-19 11:48:31] local.INFO: Extracted bearer token {"token_preview":"164|yN43Xo...","token_length":52} 
[2026-04-19 11:48:31] local.INFO: Found personal access token {"token_id":164,"user_id":70,"revoked":null} 
[2026-04-19 11:48:31] local.INFO: User authenticated via bearer token {"user_id":70,"user_email":"fsdtgre5t@gmail.com"} 
[2026-04-19 11:48:32] local.INFO: ParseBearerToken middleware invoked {"path":"/api/v2/pledge/user","method":"GET","has_auth_header":true,"auth_header_preview":"Bearer 164|yN43XopmirW5ti7KC4O...","is_bearer":true} 
[2026-04-19 11:48:32] local.INFO: Extracted bearer token {"token_preview":"164|yN43Xo...","token_length":52} 
[2026-04-19 11:48:32] local.INFO: Found personal access token {"token_id":164,"user_id":70,"revoked":null} 
[2026-04-19 11:48:32] local.INFO: User authenticated via bearer token {"user_id":70,"user_email":"fsdtgre5t@gmail.com"} 
[2026-04-19 11:48:33] local.INFO: ParseBearerToken middleware invoked {"path":"/api/v2/pledge/user","method":"GET","has_auth_header":true,"auth_header_preview":"Bearer 164|yN43XopmirW5ti7KC4O...","is_bearer":true} 
[2026-04-19 11:48:33] local.INFO: Extracted bearer token {"token_preview":"164|yN43Xo...","token_length":52} 
[2026-04-19 11:48:33] local.INFO: Found personal access token {"token_id":164,"user_id":70,"revoked":null} 
[2026-04-19 11:48:33] local.INFO: User authenticated via bearer token {"user_id":70,"user_email":"fsdtgre5t@gmail.com"} 
[2026-04-19 11:48:34] local.INFO: ParseBearerToken middleware invoked {"path":"/api/v2/pledge/user","method":"GET","has_auth_header":true,"auth_header_preview":"Bearer 164|yN43XopmirW5ti7KC4O...","is_bearer":true} 
[2026-04-19 11:48:34] local.INFO: Extracted bearer token {"token_preview":"164|yN43Xo...","token_length":52} 
[2026-04-19 11:48:34] local.INFO: Found personal access token {"token_id":164,"user_id":70,"revoked":null} 
[2026-04-19 11:48:34] local.INFO: User authenticated via bearer token {"user_id":70,"user_email":"fsdtgre5t@gmail.com"} 
[2026-04-19 11:49:16] local.INFO: ParseBearerToken middleware invoked {"path":"/api/v2/creator/profile","method":"GET","has_auth_header":true,"auth_header_preview":"Bearer 164|yN43XopmirW5ti7KC4O...","is_bearer":true} 
[2026-04-19 11:49:16] local.INFO: Extracted bearer token {"token_preview":"164|yN43Xo...","token_length":52} 
[2026-04-19 11:49:16] local.INFO: Found personal access token {"token_id":164,"user_id":70,"revoked":null} 
[2026-04-19 11:49:16] local.INFO: User authenticated via bearer token {"user_id":70,"user_email":"fsdtgre5t@gmail.com"} 
[2026-04-19 11:49:16] local.INFO: ParseBearerToken middleware invoked {"path":"/api/v2/creator/profile","method":"GET","has_auth_header":true,"auth_header_preview":"Bearer 164|yN43XopmirW5ti7KC4O...","is_bearer":true} 
[2026-04-19 11:49:16] local.INFO: Extracted bearer token {"token_preview":"164|yN43Xo...","token_length":52} 
[2026-04-19 11:49:16] local.INFO: Found personal access token {"token_id":164,"user_id":70,"revoked":null} 
[2026-04-19 11:49:16] local.INFO: User authenticated via bearer token {"user_id":70,"user_email":"fsdtgre5t@gmail.com"} 
[2026-04-19 11:49:43] local.INFO: ParseBearerToken middleware invoked {"path":"/api/v2/creator/profile","method":"GET","has_auth_header":true,"auth_header_preview":"Bearer 164|yN43XopmirW5ti7KC4O...","is_bearer":true} 
[2026-04-19 11:49:43] local.INFO: Extracted bearer token {"token_preview":"164|yN43Xo...","token_length":52} 
[2026-04-19 11:49:43] local.INFO: Found personal access token {"token_id":164,"user_id":70,"revoked":null} 
[2026-04-19 11:49:43] local.INFO: User authenticated via bearer token {"user_id":70,"user_email":"fsdtgre5t@gmail.com"} 
[2026-04-19 11:50:13] local.INFO: ParseBearerToken middleware invoked {"path":"/api/v2/creator/profile","method":"GET","has_auth_header":true,"auth_header_preview":"Bearer 164|yN43XopmirW5ti7KC4O...","is_bearer":true} 
[2026-04-19 11:50:13] local.INFO: Extracted bearer token {"token_preview":"164|yN43Xo...","token_length":52} 
[2026-04-19 11:50:13] local.INFO: Found personal access token {"token_id":164,"user_id":70,"revoked":null} 
[2026-04-19 11:50:13] local.INFO: User authenticated via bearer token {"user_id":70,"user_email":"fsdtgre5t@gmail.com"} 
[2026-04-19 11:50:43] local.INFO: ParseBearerToken middleware invoked {"path":"/api/v2/creator/profile","method":"GET","has_auth_header":true,"auth_header_preview":"Bearer 164|yN43XopmirW5ti7KC4O...","is_bearer":true} 
[2026-04-19 11:50:43] local.INFO: Extracted bearer token {"token_preview":"164|yN43Xo...","token_length":52} 
[2026-04-19 11:50:43] local.INFO: Found personal access token {"token_id":164,"user_id":70,"revoked":null} 
[2026-04-19 11:50:43] local.INFO: User authenticated via bearer token {"user_id":70,"user_email":"fsdtgre5t@gmail.com"} 
[2026-04-19 11:51:14] local.INFO: ParseBearerToken middleware invoked {"path":"/api/v2/creator/profile","method":"GET","has_auth_header":true,"auth_header_preview":"Bearer 164|yN43XopmirW5ti7KC4O...","is_bearer":true} 
[2026-04-19 11:51:14] local.INFO: Extracted bearer token {"token_preview":"164|yN43Xo...","token_length":52} 
[2026-04-19 11:51:14] local.INFO: Found personal access token {"token_id":164,"user_id":70,"revoked":null} 
[2026-04-19 11:51:14] local.INFO: User authenticated via bearer token {"user_id":70,"user_email":"fsdtgre5t@gmail.com"} 
[2026-04-19 11:51:18] local.INFO: ParseBearerToken middleware invoked {"path":"/api/v2/pledge/user","method":"GET","has_auth_header":true,"auth_header_preview":"Bearer 164|yN43XopmirW5ti7KC4O...","is_bearer":true} 
[2026-04-19 11:51:18] local.INFO: Extracted bearer token {"token_preview":"164|yN43Xo...","token_length":52} 
[2026-04-19 11:51:18] local.INFO: Found personal access token {"token_id":164,"user_id":70,"revoked":null} 
[2026-04-19 11:51:18] local.INFO: User authenticated via bearer token {"user_id":70,"user_email":"fsdtgre5t@gmail.com"} 
[2026-04-19 11:51:18] local.INFO: ParseBearerToken middleware invoked {"path":"/api/v2/pledge/user","method":"GET","has_auth_header":true,"auth_header_preview":"Bearer 164|yN43XopmirW5ti7KC4O...","is_bearer":true} 
[2026-04-19 11:51:18] local.INFO: Extracted bearer token {"token_preview":"164|yN43Xo...","token_length":52} 
[2026-04-19 11:51:18] local.INFO: Found personal access token {"token_id":164,"user_id":70,"revoked":null} 
[2026-04-19 11:51:18] local.INFO: User authenticated via bearer token {"user_id":70,"user_email":"fsdtgre5t@gmail.com"} 
[2026-04-19 11:53:45] local.INFO: ParseBearerToken middleware invoked {"path":"/api/v2/pledge/user","method":"GET","has_auth_header":true,"auth_header_preview":"Bearer 164|yN43XopmirW5ti7KC4O...","is_bearer":true} 
[2026-04-19 11:53:45] local.INFO: Extracted bearer token {"token_preview":"164|yN43Xo...","token_length":52} 
[2026-04-19 11:53:45] local.INFO: Found personal access token {"token_id":164,"user_id":70,"revoked":null} 
[2026-04-19 11:53:45] local.INFO: User authenticated via bearer token {"user_id":70,"user_email":"fsdtgre5t@gmail.com"} 
[2026-04-19 11:53:46] local.INFO: ParseBearerToken middleware invoked {"path":"/api/v2/pledge/user","method":"GET","has_auth_header":true,"auth_header_preview":"Bearer 164|yN43XopmirW5ti7KC4O...","is_bearer":true} 
[2026-04-19 11:53:46] local.INFO: Extracted bearer token {"token_preview":"164|yN43Xo...","token_length":52} 
[2026-04-19 11:53:46] local.INFO: Found personal access token {"token_id":164,"user_id":70,"revoked":null} 
[2026-04-19 11:53:46] local.INFO: User authenticated via bearer token {"user_id":70,"user_email":"fsdtgre5t@gmail.com"} 
[2026-04-19 11:53:48] local.INFO: ParseBearerToken middleware invoked {"path":"/api/v2/pledge/user","method":"GET","has_auth_header":true,"auth_header_preview":"Bearer 164|yN43XopmirW5ti7KC4O...","is_bearer":true} 
[2026-04-19 11:53:48] local.INFO: Extracted bearer token {"token_preview":"164|yN43Xo...","token_length":52} 
[2026-04-19 11:53:48] local.INFO: Found personal access token {"token_id":164,"user_id":70,"revoked":null} 
[2026-04-19 11:53:48] local.INFO: User authenticated via bearer token {"user_id":70,"user_email":"fsdtgre5t@gmail.com"} 
[2026-04-19 11:53:49] local.INFO: ParseBearerToken middleware invoked {"path":"/api/v2/pledge/user","method":"GET","has_auth_header":true,"auth_header_preview":"Bearer 164|yN43XopmirW5ti7KC4O...","is_bearer":true} 
[2026-04-19 11:53:49] local.INFO: Extracted bearer token {"token_preview":"164|yN43Xo...","token_length":52} 
[2026-04-19 11:53:49] local.INFO: Found personal access token {"token_id":164,"user_id":70,"revoked":null} 
[2026-04-19 11:53:49] local.INFO: User authenticated via bearer token {"user_id":70,"user_email":"fsdtgre5t@gmail.com"} 
[2026-04-19 11:53:50] local.INFO: ParseBearerToken middleware invoked {"path":"/api/v2/pledge/user","method":"GET","has_auth_header":true,"auth_header_preview":"Bearer 164|yN43XopmirW5ti7KC4O...","is_bearer":true} 
[2026-04-19 11:53:50] local.INFO: Extracted bearer token {"token_preview":"164|yN43Xo...","token_length":52} 
[2026-04-19 11:53:50] local.INFO: Found personal access token {"token_id":164,"user_id":70,"revoked":null} 
[2026-04-19 11:53:50] local.INFO: User authenticated via bearer token {"user_id":70,"user_email":"fsdtgre5t@gmail.com"} 
[2026-04-19 11:53:51] local.INFO: ParseBearerToken middleware invoked {"path":"/api/v2/pledge/user","method":"GET","has_auth_header":true,"auth_header_preview":"Bearer 164|yN43XopmirW5ti7KC4O...","is_bearer":true} 
[2026-04-19 11:53:51] local.INFO: Extracted bearer token {"token_preview":"164|yN43Xo...","token_length":52} 
[2026-04-19 11:53:51] local.INFO: Found personal access token {"token_id":164,"user_id":70,"revoked":null} 
[2026-04-19 11:53:51] local.INFO: User authenticated via bearer token {"user_id":70,"user_email":"fsdtgre5t@gmail.com"} 
[2026-04-19 11:53:53] local.INFO: ParseBearerToken middleware invoked {"path":"/api/v2/pledge/user","method":"GET","has_auth_header":true,"auth_header_preview":"Bearer 164|yN43XopmirW5ti7KC4O...","is_bearer":true} 
[2026-04-19 11:53:53] local.INFO: Extracted bearer token {"token_preview":"164|yN43Xo...","token_length":52} 
[2026-04-19 11:53:53] local.INFO: Found personal access token {"token_id":164,"user_id":70,"revoked":null} 
[2026-04-19 11:53:53] local.INFO: User authenticated via bearer token {"user_id":70,"user_email":"fsdtgre5t@gmail.com"} 
[2026-04-19 11:53:53] local.INFO: ParseBearerToken middleware invoked {"path":"/api/v2/pledge/user","method":"GET","has_auth_header":true,"auth_header_preview":"Bearer 164|yN43XopmirW5ti7KC4O...","is_bearer":true} 
[2026-04-19 11:53:53] local.INFO: Extracted bearer token {"token_preview":"164|yN43Xo...","token_length":52} 
[2026-04-19 11:53:53] local.INFO: Found personal access token {"token_id":164,"user_id":70,"revoked":null} 
[2026-04-19 11:53:53] local.INFO: User authenticated via bearer token {"user_id":70,"user_email":"fsdtgre5t@gmail.com"} 
[2026-04-19 11:54:09] local.INFO: ParseBearerToken middleware invoked {"path":"/api/v2/pledge/user","method":"GET","has_auth_header":true,"auth_header_preview":"Bearer 164|yN43XopmirW5ti7KC4O...","is_bearer":true} 
[2026-04-19 11:54:09] local.INFO: Extracted bearer token {"token_preview":"164|yN43Xo...","token_length":52} 
[2026-04-19 11:54:09] local.INFO: Found personal access token {"token_id":164,"user_id":70,"revoked":null} 
[2026-04-19 11:54:09] local.INFO: User authenticated via bearer token {"user_id":70,"user_email":"fsdtgre5t@gmail.com"} 
[2026-04-19 11:54:09] local.INFO: ParseBearerToken middleware invoked {"path":"/api/v2/pledge/user","method":"GET","has_auth_header":true,"auth_header_preview":"Bearer 164|yN43XopmirW5ti7KC4O...","is_bearer":true} 
[2026-04-19 11:54:09] local.INFO: Extracted bearer token {"token_preview":"164|yN43Xo...","token_length":52} 
[2026-04-19 11:54:09] local.INFO: Found personal access token {"token_id":164,"user_id":70,"revoked":null} 
[2026-04-19 11:54:09] local.INFO: User authenticated via bearer token {"user_id":70,"user_email":"fsdtgre5t@gmail.com"} 
[2026-04-19 11:54:10] local.INFO: ParseBearerToken middleware invoked {"path":"/api/v2/pledge/user","method":"GET","has_auth_header":true,"auth_header_preview":"Bearer 164|yN43XopmirW5ti7KC4O...","is_bearer":true} 
[2026-04-19 11:54:10] local.INFO: Extracted bearer token {"token_preview":"164|yN43Xo...","token_length":52} 
[2026-04-19 11:54:10] local.INFO: Found personal access token {"token_id":164,"user_id":70,"revoked":null} 
[2026-04-19 11:54:10] local.INFO: User authenticated via bearer token {"user_id":70,"user_email":"fsdtgre5t@gmail.com"} 
[2026-04-19 11:54:10] local.INFO: ParseBearerToken middleware invoked {"path":"/api/v2/pledge/user","method":"GET","has_auth_header":true,"auth_header_preview":"Bearer 164|yN43XopmirW5ti7KC4O...","is_bearer":true} 
[2026-04-19 11:54:10] local.INFO: Extracted bearer token {"token_preview":"164|yN43Xo...","token_length":52} 
[2026-04-19 11:54:10] local.INFO: Found personal access token {"token_id":164,"user_id":70,"revoked":null} 
[2026-04-19 11:54:10] local.INFO: User authenticated via bearer token {"user_id":70,"user_email":"fsdtgre5t@gmail.com"} 
[2026-04-19 11:58:12] local.INFO: ParseBearerToken middleware invoked {"path":"/api/v2/pledge/user","method":"GET","has_auth_header":true,"auth_header_preview":"Bearer 164|yN43XopmirW5ti7KC4O...","is_bearer":true} 
[2026-04-19 11:58:12] local.INFO: Extracted bearer token {"token_preview":"164|yN43Xo...","token_length":52} 
[2026-04-19 11:58:12] local.INFO: Found personal access token {"token_id":164,"user_id":70,"revoked":null} 
[2026-04-19 11:58:12] local.INFO: User authenticated via bearer token {"user_id":70,"user_email":"fsdtgre5t@gmail.com"} 
[2026-04-19 11:58:13] local.INFO: ParseBearerToken middleware invoked {"path":"/api/v2/pledge/user","method":"GET","has_auth_header":true,"auth_header_preview":"Bearer 164|yN43XopmirW5ti7KC4O...","is_bearer":true} 
[2026-04-19 11:58:13] local.INFO: Extracted bearer token {"token_preview":"164|yN43Xo...","token_length":52} 
[2026-04-19 11:58:13] local.INFO: Found personal access token {"token_id":164,"user_id":70,"revoked":null} 
[2026-04-19 11:58:13] local.INFO: User authenticated via bearer token {"user_id":70,"user_email":"fsdtgre5t@gmail.com"} 
[2026-04-19 11:58:14] local.INFO: ParseBearerToken middleware invoked {"path":"/api/v2/pledge/user","method":"GET","has_auth_header":true,"auth_header_preview":"Bearer 164|yN43XopmirW5ti7KC4O...","is_bearer":true} 
[2026-04-19 11:58:14] local.INFO: Extracted bearer token {"token_preview":"164|yN43Xo...","token_length":52} 
[2026-04-19 11:58:14] local.INFO: Found personal access token {"token_id":164,"user_id":70,"revoked":null} 
[2026-04-19 11:58:14] local.INFO: User authenticated via bearer token {"user_id":70,"user_email":"fsdtgre5t@gmail.com"} 
[2026-04-19 11:58:15] local.INFO: ParseBearerToken middleware invoked {"path":"/api/v2/pledge/user","method":"GET","has_auth_header":true,"auth_header_preview":"Bearer 164|yN43XopmirW5ti7KC4O...","is_bearer":true} 
[2026-04-19 11:58:15] local.INFO: Extracted bearer token {"token_preview":"164|yN43Xo...","token_length":52} 
[2026-04-19 11:58:15] local.INFO: Found personal access token {"token_id":164,"user_id":70,"revoked":null} 
[2026-04-19 11:58:15] local.INFO: User authenticated via bearer token {"user_id":70,"user_email":"fsdtgre5t@gmail.com"} 
[2026-04-19 12:03:50] local.INFO: ParseBearerToken middleware invoked {"path":"/api/v2/pledge/user","method":"GET","has_auth_header":true,"auth_header_preview":"Bearer 164|yN43XopmirW5ti7KC4O...","is_bearer":true} 
[2026-04-19 12:03:50] local.INFO: Extracted bearer token {"token_preview":"164|yN43Xo...","token_length":52} 
[2026-04-19 12:03:50] local.INFO: Found personal access token {"token_id":164,"user_id":70,"revoked":null} 
[2026-04-19 12:03:50] local.INFO: User authenticated via bearer token {"user_id":70,"user_email":"fsdtgre5t@gmail.com"} 
[2026-04-19 12:03:51] local.INFO: ParseBearerToken middleware invoked {"path":"/api/v2/pledge/user","method":"GET","has_auth_header":true,"auth_header_preview":"Bearer 164|yN43XopmirW5ti7KC4O...","is_bearer":true} 
[2026-04-19 12:03:51] local.INFO: Extracted bearer token {"token_preview":"164|yN43Xo...","token_length":52} 
[2026-04-19 12:03:51] local.INFO: Found personal access token {"token_id":164,"user_id":70,"revoked":null} 
[2026-04-19 12:03:51] local.INFO: User authenticated via bearer token {"user_id":70,"user_email":"fsdtgre5t@gmail.com"} 
[2026-04-19 12:03:52] local.INFO: ParseBearerToken middleware invoked {"path":"/api/v2/pledge/user","method":"GET","has_auth_header":true,"auth_header_preview":"Bearer 164|yN43XopmirW5ti7KC4O...","is_bearer":true} 
[2026-04-19 12:03:52] local.INFO: Extracted bearer token {"token_preview":"164|yN43Xo...","token_length":52} 
[2026-04-19 12:03:52] local.INFO: Found personal access token {"token_id":164,"user_id":70,"revoked":null} 
[2026-04-19 12:03:52] local.INFO: User authenticated via bearer token {"user_id":70,"user_email":"fsdtgre5t@gmail.com"} 
[2026-04-19 12:03:53] local.INFO: ParseBearerToken middleware invoked {"path":"/api/v2/pledge/user","method":"GET","has_auth_header":true,"auth_header_preview":"Bearer 164|yN43XopmirW5ti7KC4O...","is_bearer":true} 
[2026-04-19 12:03:53] local.INFO: Extracted bearer token {"token_preview":"164|yN43Xo...","token_length":52} 
[2026-04-19 12:03:53] local.INFO: Found personal access token {"token_id":164,"user_id":70,"revoked":null} 
[2026-04-19 12:03:53] local.INFO: User authenticated via bearer token {"user_id":70,"user_email":"fsdtgre5t@gmail.com"} 
[2026-04-19 12:05:48] local.INFO: ParseBearerToken middleware invoked {"path":"/api/v2/pledge/user","method":"GET","has_auth_header":true,"auth_header_preview":"Bearer 164|yN43XopmirW5ti7KC4O...","is_bearer":true} 
[2026-04-19 12:05:48] local.INFO: Extracted bearer token {"token_preview":"164|yN43Xo...","token_length":52} 
[2026-04-19 12:05:48] local.INFO: Found personal access token {"token_id":164,"user_id":70,"revoked":null} 
[2026-04-19 12:05:48] local.INFO: User authenticated via bearer token {"user_id":70,"user_email":"fsdtgre5t@gmail.com"} 
[2026-04-19 12:09:55] local.INFO: ParseBearerToken middleware invoked {"path":"/api/v2/pledge/user","method":"GET","has_auth_header":true,"auth_header_preview":"Bearer 164|yN43XopmirW5ti7KC4O...","is_bearer":true} 
[2026-04-19 12:09:55] local.INFO: Extracted bearer token {"token_preview":"164|yN43Xo...","token_length":52} 
[2026-04-19 12:09:55] local.INFO: Found personal access token {"token_id":164,"user_id":70,"revoked":null} 
[2026-04-19 12:09:55] local.INFO: User authenticated via bearer token {"user_id":70,"user_email":"fsdtgre5t@gmail.com"} 
[2026-04-19 12:09:56] local.INFO: ParseBearerToken middleware invoked {"path":"/api/v2/pledge/user","method":"GET","has_auth_header":true,"auth_header_preview":"Bearer 164|yN43XopmirW5ti7KC4O...","is_bearer":true} 
[2026-04-19 12:09:56] local.INFO: Extracted bearer token {"token_preview":"164|yN43Xo...","token_length":52} 
[2026-04-19 12:09:56] local.INFO: Found personal access token {"token_id":164,"user_id":70,"revoked":null} 
[2026-04-19 12:09:56] local.INFO: User authenticated via bearer token {"user_id":70,"user_email":"fsdtgre5t@gmail.com"} 
[2026-04-19 12:10:03] local.INFO: ParseBearerToken middleware invoked {"path":"/api/v2/pledge/user","method":"GET","has_auth_header":true,"auth_header_preview":"Bearer 164|yN43XopmirW5ti7KC4O...","is_bearer":true} 
[2026-04-19 12:10:03] local.INFO: Extracted bearer token {"token_preview":"164|yN43Xo...","token_length":52} 
[2026-04-19 12:10:03] local.INFO: Found personal access token {"token_id":164,"user_id":70,"revoked":null} 
[2026-04-19 12:10:03] local.INFO: User authenticated via bearer token {"user_id":70,"user_email":"fsdtgre5t@gmail.com"} 
[2026-04-19 12:10:03] local.INFO: ParseBearerToken middleware invoked {"path":"/api/v2/pledge/user","method":"GET","has_auth_header":true,"auth_header_preview":"Bearer 164|yN43XopmirW5ti7KC4O...","is_bearer":true} 
[2026-04-19 12:10:03] local.INFO: Extracted bearer token {"token_preview":"164|yN43Xo...","token_length":52} 
[2026-04-19 12:10:03] local.INFO: Found personal access token {"token_id":164,"user_id":70,"revoked":null} 
[2026-04-19 12:10:03] local.INFO: User authenticated via bearer token {"user_id":70,"user_email":"fsdtgre5t@gmail.com"} 
[2026-04-19 12:10:04] local.INFO: ParseBearerToken middleware invoked {"path":"/api/v2/pledge/user","method":"GET","has_auth_header":true,"auth_header_preview":"Bearer 164|yN43XopmirW5ti7KC4O...","is_bearer":true} 
[2026-04-19 12:10:04] local.INFO: Extracted bearer token {"token_preview":"164|yN43Xo...","token_length":52} 
[2026-04-19 12:10:04] local.INFO: Found personal access token {"token_id":164,"user_id":70,"revoked":null} 
[2026-04-19 12:10:04] local.INFO: User authenticated via bearer token {"user_id":70,"user_email":"fsdtgre5t@gmail.com"} 
[2026-04-19 12:10:05] local.INFO: ParseBearerToken middleware invoked {"path":"/api/v2/pledge/user","method":"GET","has_auth_header":true,"auth_header_preview":"Bearer 164|yN43XopmirW5ti7KC4O...","is_bearer":true} 
[2026-04-19 12:10:05] local.INFO: Extracted bearer token {"token_preview":"164|yN43Xo...","token_length":52} 
[2026-04-19 12:10:05] local.INFO: Found personal access token {"token_id":164,"user_id":70,"revoked":null} 
[2026-04-19 12:10:05] local.INFO: User authenticated via bearer token {"user_id":70,"user_email":"fsdtgre5t@gmail.com"} 
[2026-04-19 12:10:09] local.INFO: ParseBearerToken middleware invoked {"path":"/api/v2/pledge/user","method":"GET","has_auth_header":true,"auth_header_preview":"Bearer 164|yN43XopmirW5ti7KC4O...","is_bearer":true} 
[2026-04-19 12:10:09] local.INFO: Extracted bearer token {"token_preview":"164|yN43Xo...","token_length":52} 
[2026-04-19 12:10:09] local.INFO: Found personal access token {"token_id":164,"user_id":70,"revoked":null} 
[2026-04-19 12:10:09] local.INFO: User authenticated via bearer token {"user_id":70,"user_email":"fsdtgre5t@gmail.com"} 
[2026-04-19 12:10:09] local.INFO: ParseBearerToken middleware invoked {"path":"/api/v2/pledge/user","method":"GET","has_auth_header":true,"auth_header_preview":"Bearer 164|yN43XopmirW5ti7KC4O...","is_bearer":true} 
[2026-04-19 12:10:09] local.INFO: Extracted bearer token {"token_preview":"164|yN43Xo...","token_length":52} 
[2026-04-19 12:10:09] local.INFO: Found personal access token {"token_id":164,"user_id":70,"revoked":null} 
[2026-04-19 12:10:09] local.INFO: User authenticated via bearer token {"user_id":70,"user_email":"fsdtgre5t@gmail.com"} 
[2026-04-19 12:10:17] local.INFO: ParseBearerToken middleware invoked {"path":"/api/v2/pledge/user","method":"GET","has_auth_header":true,"auth_header_preview":"Bearer 164|yN43XopmirW5ti7KC4O...","is_bearer":true} 
[2026-04-19 12:10:17] local.INFO: Extracted bearer token {"token_preview":"164|yN43Xo...","token_length":52} 
[2026-04-19 12:10:17] local.INFO: Found personal access token {"token_id":164,"user_id":70,"revoked":null} 
[2026-04-19 12:10:17] local.INFO: User authenticated via bearer token {"user_id":70,"user_email":"fsdtgre5t@gmail.com"} 
[2026-04-19 12:10:17] local.INFO: ParseBearerToken middleware invoked {"path":"/api/v2/pledge/user","method":"GET","has_auth_header":true,"auth_header_preview":"Bearer 164|yN43XopmirW5ti7KC4O...","is_bearer":true} 
[2026-04-19 12:10:17] local.INFO: Extracted bearer token {"token_preview":"164|yN43Xo...","token_length":52} 
[2026-04-19 12:10:17] local.INFO: Found personal access token {"token_id":164,"user_id":70,"revoked":null} 
[2026-04-19 12:10:17] local.INFO: User authenticated via bearer token {"user_id":70,"user_email":"fsdtgre5t@gmail.com"} 
