[2026-03-18 04:31:12] local.INFO: ParseBearerToken middleware invoked {"path":"/api/v2/creator/documents","method":"GET","has_auth_header":true,"auth_header_preview":"Bearer 153|UI2xPfky6BRLFIt7H6q...","is_bearer":true} 
[2026-03-18 04:31:12] local.INFO: Extracted bearer token {"token_preview":"153|UI2xPf...","token_length":52} 
[2026-03-18 04:31:12] local.INFO: Found personal access token {"token_id":153,"user_id":64,"revoked":null} 
[2026-03-18 04:31:12] local.INFO: User authenticated via bearer token {"user_id":64,"user_email":"creator@example.com"} 
[2026-03-18 04:31:13] local.INFO: ParseBearerToken middleware invoked {"path":"/api/v2/creator/documents","method":"GET","has_auth_header":true,"auth_header_preview":"Bearer 153|UI2xPfky6BRLFIt7H6q...","is_bearer":true} 
[2026-03-18 04:31:14] local.INFO: Extracted bearer token {"token_preview":"153|UI2xPf...","token_length":52} 
[2026-03-18 04:31:14] local.INFO: Found personal access token {"token_id":153,"user_id":64,"revoked":null} 
[2026-03-18 04:31:14] local.INFO: User authenticated via bearer token {"user_id":64,"user_email":"creator@example.com"} 
[2026-03-18 04:31:24] local.INFO: ParseBearerToken middleware invoked {"path":"/api/v2/creator/documents","method":"GET","has_auth_header":true,"auth_header_preview":"Bearer 153|UI2xPfky6BRLFIt7H6q...","is_bearer":true} 
[2026-03-18 04:31:24] local.INFO: Extracted bearer token {"token_preview":"153|UI2xPf...","token_length":52} 
[2026-03-18 04:31:24] local.INFO: Found personal access token {"token_id":153,"user_id":64,"revoked":null} 
[2026-03-18 04:31:24] local.INFO: User authenticated via bearer token {"user_id":64,"user_email":"creator@example.com"} 
[2026-03-18 04:32:50] local.INFO: ParseBearerToken middleware invoked {"path":"/api/v2/creator/documents","method":"GET","has_auth_header":true,"auth_header_preview":"Bearer 153|UI2xPfky6BRLFIt7H6q...","is_bearer":true} 
[2026-03-18 04:32:50] local.INFO: Extracted bearer token {"token_preview":"153|UI2xPf...","token_length":52} 
[2026-03-18 04:32:50] local.INFO: Found personal access token {"token_id":153,"user_id":64,"revoked":null} 
[2026-03-18 04:32:50] local.INFO: User authenticated via bearer token {"user_id":64,"user_email":"creator@example.com"} 
[2026-03-18 04:33:49] local.INFO: ParseBearerToken middleware invoked {"path":"/api/v2/creator/documents","method":"GET","has_auth_header":true,"auth_header_preview":"Bearer 153|UI2xPfky6BRLFIt7H6q...","is_bearer":true} 
[2026-03-18 04:33:49] local.INFO: Extracted bearer token {"token_preview":"153|UI2xPf...","token_length":52} 
[2026-03-18 04:33:49] local.INFO: Found personal access token {"token_id":153,"user_id":64,"revoked":null} 
[2026-03-18 04:33:49] local.INFO: User authenticated via bearer token {"user_id":64,"user_email":"creator@example.com"} 
[2026-03-18 04:34:47] local.INFO: ParseBearerToken middleware invoked {"path":"/api/v2/creator/documents","method":"GET","has_auth_header":true,"auth_header_preview":"Bearer 153|UI2xPfky6BRLFIt7H6q...","is_bearer":true} 
[2026-03-18 04:34:47] local.INFO: Extracted bearer token {"token_preview":"153|UI2xPf...","token_length":52} 
[2026-03-18 04:34:47] local.INFO: Found personal access token {"token_id":153,"user_id":64,"revoked":null} 
[2026-03-18 04:34:47] local.INFO: User authenticated via bearer token {"user_id":64,"user_email":"creator@example.com"} 
[2026-03-18 15:18:25] local.INFO: ParseBearerToken middleware invoked {"path":"/api/v2/campaign","method":"GET","has_auth_header":true,"auth_header_preview":"Bearer 153|UI2xPfky6BRLFIt7H6q...","is_bearer":true} 
[2026-03-18 15:18:25] local.INFO: Extracted bearer token {"token_preview":"153|UI2xPf...","token_length":52} 
[2026-03-18 15:18:25] local.INFO: Found personal access token {"token_id":153,"user_id":64,"revoked":null} 
[2026-03-18 15:18:25] local.INFO: User authenticated via bearer token {"user_id":64,"user_email":"creator@example.com"} 
[2026-03-18 15:18:25] local.INFO: Returning campaigns for user {"user_id":64,"campaign_count":1,"statuses":["draft"]} 
[2026-03-18 15:18:33] local.INFO: ParseBearerToken middleware invoked {"path":"/api/v2/campaign","method":"GET","has_auth_header":true,"auth_header_preview":"Bearer 153|UI2xPfky6BRLFIt7H6q...","is_bearer":true} 
[2026-03-18 15:18:50] local.INFO: Extracted bearer token {"token_preview":"153|UI2xPf...","token_length":52} 
[2026-03-18 15:18:50] local.INFO: Found personal access token {"token_id":153,"user_id":64,"revoked":null} 
[2026-03-18 15:18:50] local.INFO: User authenticated via bearer token {"user_id":64,"user_email":"creator@example.com"} 
[2026-03-18 15:18:50] local.INFO: Returning campaigns for user {"user_id":64,"campaign_count":1,"statuses":["draft"]} 
[2026-03-18 15:18:56] local.INFO: ParseBearerToken middleware invoked {"path":"/api/v2/campaign","method":"GET","has_auth_header":true,"auth_header_preview":"Bearer 153|UI2xPfky6BRLFIt7H6q...","is_bearer":true} 
[2026-03-18 15:18:56] local.INFO: Extracted bearer token {"token_preview":"153|UI2xPf...","token_length":52} 
[2026-03-18 15:18:56] local.INFO: Found personal access token {"token_id":153,"user_id":64,"revoked":null} 
[2026-03-18 15:18:56] local.INFO: User authenticated via bearer token {"user_id":64,"user_email":"creator@example.com"} 
[2026-03-18 15:18:56] local.INFO: Returning campaigns for user {"user_id":64,"campaign_count":1,"statuses":["draft"]} 
[2026-03-18 15:19:05] local.INFO: ParseBearerToken middleware invoked {"path":"/api/v2/campaign","method":"GET","has_auth_header":true,"auth_header_preview":"Bearer 153|UI2xPfky6BRLFIt7H6q...","is_bearer":true} 
[2026-03-18 15:19:05] local.INFO: Extracted bearer token {"token_preview":"153|UI2xPf...","token_length":52} 
[2026-03-18 15:19:05] local.INFO: Found personal access token {"token_id":153,"user_id":64,"revoked":null} 
[2026-03-18 15:19:05] local.INFO: User authenticated via bearer token {"user_id":64,"user_email":"creator@example.com"} 
[2026-03-18 15:19:05] local.INFO: Returning campaigns for user {"user_id":64,"campaign_count":1,"statuses":["draft"]} 
[2026-03-18 15:19:10] local.INFO: ParseBearerToken middleware invoked {"path":"/api/v2/campaign","method":"GET","has_auth_header":true,"auth_header_preview":"Bearer 153|UI2xPfky6BRLFIt7H6q...","is_bearer":true} 
[2026-03-18 15:19:10] local.INFO: Extracted bearer token {"token_preview":"153|UI2xPf...","token_length":52} 
[2026-03-18 15:19:10] local.INFO: Found personal access token {"token_id":153,"user_id":64,"revoked":null} 
[2026-03-18 15:19:10] local.INFO: User authenticated via bearer token {"user_id":64,"user_email":"creator@example.com"} 
[2026-03-18 15:19:10] local.INFO: Returning campaigns for user {"user_id":64,"campaign_count":1,"statuses":["draft"]} 
[2026-03-18 15:19:31] local.INFO: ParseBearerToken middleware invoked {"path":"/api/v2/campaign","method":"GET","has_auth_header":true,"auth_header_preview":"Bearer 153|UI2xPfky6BRLFIt7H6q...","is_bearer":true} 
[2026-03-18 15:19:31] local.INFO: Extracted bearer token {"token_preview":"153|UI2xPf...","token_length":52} 
[2026-03-18 15:19:31] local.INFO: Found personal access token {"token_id":153,"user_id":64,"revoked":null} 
[2026-03-18 15:19:31] local.INFO: User authenticated via bearer token {"user_id":64,"user_email":"creator@example.com"} 
[2026-03-18 15:19:31] local.INFO: Returning campaigns for user {"user_id":64,"campaign_count":1,"statuses":["draft"]} 
[2026-03-18 15:20:01] local.INFO: ParseBearerToken middleware invoked {"path":"/api/v2/campaign","method":"GET","has_auth_header":true,"auth_header_preview":"Bearer 153|UI2xPfky6BRLFIt7H6q...","is_bearer":true} 
[2026-03-18 15:20:01] local.INFO: Extracted bearer token {"token_preview":"153|UI2xPf...","token_length":52} 
[2026-03-18 15:20:01] local.INFO: Found personal access token {"token_id":153,"user_id":64,"revoked":null} 
[2026-03-18 15:20:01] local.INFO: User authenticated via bearer token {"user_id":64,"user_email":"creator@example.com"} 
[2026-03-18 15:20:01] local.INFO: Returning campaigns for user {"user_id":64,"campaign_count":1,"statuses":["draft"]} 
[2026-03-18 15:20:31] local.INFO: ParseBearerToken middleware invoked {"path":"/api/v2/campaign","method":"GET","has_auth_header":true,"auth_header_preview":"Bearer 153|UI2xPfky6BRLFIt7H6q...","is_bearer":true} 
[2026-03-18 15:20:31] local.INFO: Extracted bearer token {"token_preview":"153|UI2xPf...","token_length":52} 
[2026-03-18 15:20:31] local.INFO: Found personal access token {"token_id":153,"user_id":64,"revoked":null} 
[2026-03-18 15:20:31] local.INFO: User authenticated via bearer token {"user_id":64,"user_email":"creator@example.com"} 
[2026-03-18 15:20:31] local.INFO: Returning campaigns for user {"user_id":64,"campaign_count":1,"statuses":["draft"]} 
[2026-03-18 15:21:01] local.INFO: ParseBearerToken middleware invoked {"path":"/api/v2/campaign","method":"GET","has_auth_header":true,"auth_header_preview":"Bearer 153|UI2xPfky6BRLFIt7H6q...","is_bearer":true} 
[2026-03-18 15:21:01] local.INFO: Extracted bearer token {"token_preview":"153|UI2xPf...","token_length":52} 
[2026-03-18 15:21:01] local.INFO: Found personal access token {"token_id":153,"user_id":64,"revoked":null} 
[2026-03-18 15:21:01] local.INFO: User authenticated via bearer token {"user_id":64,"user_email":"creator@example.com"} 
[2026-03-18 15:21:01] local.INFO: Returning campaigns for user {"user_id":64,"campaign_count":1,"statuses":["draft"]} 
[2026-03-18 15:21:31] local.INFO: ParseBearerToken middleware invoked {"path":"/api/v2/campaign","method":"GET","has_auth_header":true,"auth_header_preview":"Bearer 153|UI2xPfky6BRLFIt7H6q...","is_bearer":true} 
[2026-03-18 15:21:31] local.INFO: Extracted bearer token {"token_preview":"153|UI2xPf...","token_length":52} 
[2026-03-18 15:21:31] local.INFO: Found personal access token {"token_id":153,"user_id":64,"revoked":null} 
[2026-03-18 15:21:31] local.INFO: User authenticated via bearer token {"user_id":64,"user_email":"creator@example.com"} 
[2026-03-18 15:21:31] local.INFO: Returning campaigns for user {"user_id":64,"campaign_count":1,"statuses":["draft"]} 
[2026-03-18 15:22:45] local.INFO: ParseBearerToken middleware invoked {"path":"/api/v2/campaign","method":"GET","has_auth_header":true,"auth_header_preview":"Bearer 153|UI2xPfky6BRLFIt7H6q...","is_bearer":true} 
[2026-03-18 15:22:45] local.INFO: Extracted bearer token {"token_preview":"153|UI2xPf...","token_length":52} 
[2026-03-18 15:22:45] local.INFO: Found personal access token {"token_id":153,"user_id":64,"revoked":null} 
[2026-03-18 15:22:45] local.INFO: User authenticated via bearer token {"user_id":64,"user_email":"creator@example.com"} 
[2026-03-18 15:22:45] local.INFO: Returning campaigns for user {"user_id":64,"campaign_count":1,"statuses":["draft"]} 
[2026-03-18 15:23:45] local.INFO: ParseBearerToken middleware invoked {"path":"/api/v2/campaign","method":"GET","has_auth_header":true,"auth_header_preview":"Bearer 153|UI2xPfky6BRLFIt7H6q...","is_bearer":true} 
[2026-03-18 15:23:45] local.INFO: Extracted bearer token {"token_preview":"153|UI2xPf...","token_length":52} 
[2026-03-18 15:23:45] local.INFO: Found personal access token {"token_id":153,"user_id":64,"revoked":null} 
[2026-03-18 15:23:45] local.INFO: User authenticated via bearer token {"user_id":64,"user_email":"creator@example.com"} 
[2026-03-18 15:23:45] local.INFO: Returning campaigns for user {"user_id":64,"campaign_count":1,"statuses":["draft"]} 
[2026-03-18 15:24:45] local.INFO: ParseBearerToken middleware invoked {"path":"/api/v2/campaign","method":"GET","has_auth_header":true,"auth_header_preview":"Bearer 153|UI2xPfky6BRLFIt7H6q...","is_bearer":true} 
[2026-03-18 15:24:45] local.INFO: Extracted bearer token {"token_preview":"153|UI2xPf...","token_length":52} 
[2026-03-18 15:24:45] local.INFO: Found personal access token {"token_id":153,"user_id":64,"revoked":null} 
[2026-03-18 15:24:45] local.INFO: User authenticated via bearer token {"user_id":64,"user_email":"creator@example.com"} 
[2026-03-18 15:24:45] local.INFO: Returning campaigns for user {"user_id":64,"campaign_count":1,"statuses":["draft"]} 
[2026-03-18 15:25:10] local.INFO: ParseBearerToken middleware invoked {"path":"/api/v2/campaign","method":"GET","has_auth_header":true,"auth_header_preview":"Bearer 153|UI2xPfky6BRLFIt7H6q...","is_bearer":true} 
[2026-03-18 15:25:10] local.INFO: Extracted bearer token {"token_preview":"153|UI2xPf...","token_length":52} 
[2026-03-18 15:25:10] local.INFO: Found personal access token {"token_id":153,"user_id":64,"revoked":null} 
[2026-03-18 15:25:10] local.INFO: User authenticated via bearer token {"user_id":64,"user_email":"creator@example.com"} 
[2026-03-18 15:25:10] local.INFO: Returning campaigns for user {"user_id":64,"campaign_count":1,"statuses":["draft"]} 
[2026-03-18 15:25:15] local.INFO: ParseBearerToken middleware invoked {"path":"/api/v2/campaign","method":"GET","has_auth_header":true,"auth_header_preview":"Bearer 153|UI2xPfky6BRLFIt7H6q...","is_bearer":true} 
[2026-03-18 15:25:15] local.INFO: Extracted bearer token {"token_preview":"153|UI2xPf...","token_length":52} 
[2026-03-18 15:25:15] local.INFO: Found personal access token {"token_id":153,"user_id":64,"revoked":null} 
[2026-03-18 15:25:15] local.INFO: User authenticated via bearer token {"user_id":64,"user_email":"creator@example.com"} 
[2026-03-18 15:25:15] local.INFO: Returning campaigns for user {"user_id":64,"campaign_count":1,"statuses":["draft"]} 
[2026-03-18 15:25:16] local.INFO: ParseBearerToken middleware invoked {"path":"/api/v2/campaign","method":"GET","has_auth_header":true,"auth_header_preview":"Bearer 153|UI2xPfky6BRLFIt7H6q...","is_bearer":true} 
[2026-03-18 15:25:16] local.INFO: Extracted bearer token {"token_preview":"153|UI2xPf...","token_length":52} 
[2026-03-18 15:25:16] local.INFO: Found personal access token {"token_id":153,"user_id":64,"revoked":null} 
[2026-03-18 15:25:16] local.INFO: User authenticated via bearer token {"user_id":64,"user_email":"creator@example.com"} 
[2026-03-18 15:25:16] local.INFO: Returning campaigns for user {"user_id":64,"campaign_count":1,"statuses":["draft"]} 
[2026-03-18 15:25:21] local.INFO: ParseBearerToken middleware invoked {"path":"/api/v2/campaign","method":"GET","has_auth_header":true,"auth_header_preview":"Bearer 153|UI2xPfky6BRLFIt7H6q...","is_bearer":true} 
[2026-03-18 15:25:21] local.INFO: Extracted bearer token {"token_preview":"153|UI2xPf...","token_length":52} 
[2026-03-18 15:25:21] local.INFO: Found personal access token {"token_id":153,"user_id":64,"revoked":null} 
[2026-03-18 15:25:21] local.INFO: User authenticated via bearer token {"user_id":64,"user_email":"creator@example.com"} 
[2026-03-18 15:25:21] local.INFO: Returning campaigns for user {"user_id":64,"campaign_count":1,"statuses":["draft"]} 
[2026-03-18 15:25:22] local.INFO: ParseBearerToken middleware invoked {"path":"/api/v2/campaign","method":"GET","has_auth_header":true,"auth_header_preview":"Bearer 153|UI2xPfky6BRLFIt7H6q...","is_bearer":true} 
[2026-03-18 15:25:22] local.INFO: Extracted bearer token {"token_preview":"153|UI2xPf...","token_length":52} 
[2026-03-18 15:25:22] local.INFO: Found personal access token {"token_id":153,"user_id":64,"revoked":null} 
[2026-03-18 15:25:22] local.INFO: User authenticated via bearer token {"user_id":64,"user_email":"creator@example.com"} 
[2026-03-18 15:25:22] local.INFO: Returning campaigns for user {"user_id":64,"campaign_count":1,"statuses":["draft"]} 
[2026-03-18 15:25:25] local.INFO: ParseBearerToken middleware invoked {"path":"/api/v2/campaign/95/launch","method":"POST","has_auth_header":true,"auth_header_preview":"Bearer 153|UI2xPfky6BRLFIt7H6q...","is_bearer":true} 
[2026-03-18 15:25:25] local.INFO: Extracted bearer token {"token_preview":"153|UI2xPf...","token_length":52} 
[2026-03-18 15:25:25] local.INFO: Found personal access token {"token_id":153,"user_id":64,"revoked":null} 
[2026-03-18 15:25:25] local.INFO: User authenticated via bearer token {"user_id":64,"user_email":"creator@example.com"} 
[2026-03-18 15:25:25] local.INFO: Campaign launch attempt {"campaign_id":"95","current_status":"draft","user_id":64} 
[2026-03-18 15:25:25] local.INFO: Updating campaign status {"campaign_id":"95","from_status":"draft","to_status":"live"} 
[2026-03-18 15:25:25] local.INFO: Campaign launched successfully {"campaign_id":"95","status_after_update":"live","user_id":64} 
[2026-03-18 15:25:26] local.INFO: ParseBearerToken middleware invoked {"path":"/api/v2/campaign","method":"GET","has_auth_header":true,"auth_header_preview":"Bearer 153|UI2xPfky6BRLFIt7H6q...","is_bearer":true} 
[2026-03-18 15:25:26] local.INFO: Extracted bearer token {"token_preview":"153|UI2xPf...","token_length":52} 
[2026-03-18 15:25:26] local.INFO: Found personal access token {"token_id":153,"user_id":64,"revoked":null} 
[2026-03-18 15:25:26] local.INFO: User authenticated via bearer token {"user_id":64,"user_email":"creator@example.com"} 
[2026-03-18 15:25:26] local.INFO: Returning campaigns for user {"user_id":64,"campaign_count":1,"statuses":["live"]} 
[2026-03-18 15:25:51] local.INFO: ParseBearerToken middleware invoked {"path":"/api/v2/campaign","method":"GET","has_auth_header":true,"auth_header_preview":"Bearer 153|UI2xPfky6BRLFIt7H6q...","is_bearer":true} 
[2026-03-18 15:25:51] local.INFO: Extracted bearer token {"token_preview":"153|UI2xPf...","token_length":52} 
[2026-03-18 15:25:51] local.INFO: Found personal access token {"token_id":153,"user_id":64,"revoked":null} 
[2026-03-18 15:25:51] local.INFO: User authenticated via bearer token {"user_id":64,"user_email":"creator@example.com"} 
[2026-03-18 15:25:51] local.INFO: Returning campaigns for user {"user_id":64,"campaign_count":1,"statuses":["live"]} 
[2026-03-18 15:26:04] local.INFO: ParseBearerToken middleware invoked {"path":"/api/v2/campaign","method":"GET","has_auth_header":true,"auth_header_preview":"Bearer 153|UI2xPfky6BRLFIt7H6q...","is_bearer":true} 
[2026-03-18 15:26:04] local.INFO: Extracted bearer token {"token_preview":"153|UI2xPf...","token_length":52} 
[2026-03-18 15:26:04] local.INFO: Found personal access token {"token_id":153,"user_id":64,"revoked":null} 
[2026-03-18 15:26:04] local.INFO: User authenticated via bearer token {"user_id":64,"user_email":"creator@example.com"} 
[2026-03-18 15:26:04] local.INFO: Returning campaigns for user {"user_id":64,"campaign_count":1,"statuses":["live"]} 
[2026-03-18 15:26:05] local.INFO: ParseBearerToken middleware invoked {"path":"/api/v2/campaign","method":"GET","has_auth_header":true,"auth_header_preview":"Bearer 153|UI2xPfky6BRLFIt7H6q...","is_bearer":true} 
[2026-03-18 15:26:05] local.INFO: Extracted bearer token {"token_preview":"153|UI2xPf...","token_length":52} 
[2026-03-18 15:26:05] local.INFO: Found personal access token {"token_id":153,"user_id":64,"revoked":null} 
[2026-03-18 15:26:05] local.INFO: User authenticated via bearer token {"user_id":64,"user_email":"creator@example.com"} 
[2026-03-18 15:26:05] local.INFO: Returning campaigns for user {"user_id":64,"campaign_count":1,"statuses":["live"]} 
[2026-03-18 15:26:07] local.INFO: ParseBearerToken middleware invoked {"path":"/api/v2/campaign","method":"GET","has_auth_header":true,"auth_header_preview":"Bearer 153|UI2xPfky6BRLFIt7H6q...","is_bearer":true} 
[2026-03-18 15:26:07] local.INFO: Extracted bearer token {"token_preview":"153|UI2xPf...","token_length":52} 
[2026-03-18 15:26:07] local.INFO: Found personal access token {"token_id":153,"user_id":64,"revoked":null} 
[2026-03-18 15:26:07] local.INFO: User authenticated via bearer token {"user_id":64,"user_email":"creator@example.com"} 
[2026-03-18 15:26:07] local.INFO: Returning campaigns for user {"user_id":64,"campaign_count":1,"statuses":["live"]} 
