[2026-05-22 17:32:33] local.DEBUG: reCAPTCHA enabled: false  
[2026-05-22 17:32:45] local.DEBUG: reCAPTCHA enabled: false  
[2026-05-22 17:32:48] local.DEBUG: reCAPTCHA enabled: false  
[2026-05-22 17:32:51] local.DEBUG: reCAPTCHA enabled: false  
[2026-05-22 17:33:02] local.DEBUG: reCAPTCHA enabled: false  
[2026-05-22 17:33:03] local.DEBUG: reCAPTCHA enabled: false  
[2026-05-22 17:33:04] local.DEBUG: reCAPTCHA enabled: false  
[2026-05-22 17:33:05] local.DEBUG: reCAPTCHA enabled: false  
[2026-05-22 17:40:07] local.INFO: User created during signup {"user_id":72,"user_type":"backer","role":"backer"} 
[2026-05-22 17:40:07] local.INFO: User registered {"user_id":72,"user_type":"backer"} 
[2026-05-22 17:40:09] local.ERROR: Welcome email failed: View [emails.welcome] not found.  
[2026-05-22 17:40:14] local.INFO: ParseBearerToken middleware invoked {"path":"/api/v2/pledge/user","method":"GET","has_auth_header":true,"auth_header_preview":"Bearer 172|TSN91PWnswAZQGyx0lh...","is_bearer":true} 
[2026-05-22 17:40:14] local.INFO: Extracted bearer token {"token_preview":"172|TSN91P...","token_length":52} 
[2026-05-22 17:40:14] local.INFO: Found personal access token {"token_id":172,"user_id":72,"revoked":null} 
[2026-05-22 17:40:14] local.INFO: User authenticated via bearer token {"user_id":72,"user_email":"testuser@example.com"} 
[2026-05-22 17:40:15] local.INFO: ParseBearerToken middleware invoked {"path":"/api/v2/pledge/user","method":"GET","has_auth_header":true,"auth_header_preview":"Bearer 172|TSN91PWnswAZQGyx0lh...","is_bearer":true} 
[2026-05-22 17:40:15] local.INFO: Extracted bearer token {"token_preview":"172|TSN91P...","token_length":52} 
[2026-05-22 17:40:15] local.INFO: Found personal access token {"token_id":172,"user_id":72,"revoked":null} 
[2026-05-22 17:40:15] local.INFO: User authenticated via bearer token {"user_id":72,"user_email":"testuser@example.com"} 
[2026-05-22 17:52:16] local.INFO: User created for creator registration {"user_id":73,"email":"emma.pro@example.com"} 
[2026-05-22 17:52:16] local.INFO: Creator profile created {"user_id":73,"creator_id":18} 
[2026-05-22 17:52:16] local.INFO: Creator registered successfully {"user_id":73,"creator_id":18,"email":"emma.pro@example.com"} 
[2026-05-22 17:52:18] local.INFO: ParseBearerToken middleware invoked {"path":"/api/v2/campaign","method":"GET","has_auth_header":true,"auth_header_preview":"Bearer 173|a2XH6Mbx2B3K36azJzU...","is_bearer":true} 
[2026-05-22 17:52:18] local.INFO: Extracted bearer token {"token_preview":"173|a2XH6M...","token_length":52} 
[2026-05-22 17:52:18] local.INFO: Found personal access token {"token_id":173,"user_id":73,"revoked":null} 
[2026-05-22 17:52:18] local.INFO: User authenticated via bearer token {"user_id":73,"user_email":"emma.pro@example.com"} 
[2026-05-22 17:52:18] local.INFO: Returning campaigns for user {"user_id":73,"campaign_count":0,"statuses":[]} 
[2026-05-22 17:52:19] local.INFO: ParseBearerToken middleware invoked {"path":"/api/v2/campaign","method":"GET","has_auth_header":true,"auth_header_preview":"Bearer 173|a2XH6Mbx2B3K36azJzU...","is_bearer":true} 
[2026-05-22 17:52:19] local.INFO: Extracted bearer token {"token_preview":"173|a2XH6M...","token_length":52} 
[2026-05-22 17:52:19] local.INFO: Found personal access token {"token_id":173,"user_id":73,"revoked":null} 
[2026-05-22 17:52:19] local.INFO: User authenticated via bearer token {"user_id":73,"user_email":"emma.pro@example.com"} 
[2026-05-22 17:52:19] local.INFO: Returning campaigns for user {"user_id":73,"campaign_count":0,"statuses":[]} 
[2026-05-22 17:52:47] local.INFO: ParseBearerToken middleware invoked {"path":"/api/v2/campaign","method":"GET","has_auth_header":true,"auth_header_preview":"Bearer 173|a2XH6Mbx2B3K36azJzU...","is_bearer":true} 
[2026-05-22 17:52:47] local.INFO: Extracted bearer token {"token_preview":"173|a2XH6M...","token_length":52} 
[2026-05-22 17:52:47] local.INFO: Found personal access token {"token_id":173,"user_id":73,"revoked":null} 
[2026-05-22 17:52:47] local.INFO: User authenticated via bearer token {"user_id":73,"user_email":"emma.pro@example.com"} 
[2026-05-22 17:52:47] local.INFO: Returning campaigns for user {"user_id":73,"campaign_count":0,"statuses":[]} 
[2026-05-22 17:53:18] local.INFO: ParseBearerToken middleware invoked {"path":"/api/v2/campaign","method":"GET","has_auth_header":true,"auth_header_preview":"Bearer 173|a2XH6Mbx2B3K36azJzU...","is_bearer":true} 
[2026-05-22 17:53:18] local.INFO: Extracted bearer token {"token_preview":"173|a2XH6M...","token_length":52} 
[2026-05-22 17:53:18] local.INFO: Found personal access token {"token_id":173,"user_id":73,"revoked":null} 
[2026-05-22 17:53:18] local.INFO: User authenticated via bearer token {"user_id":73,"user_email":"emma.pro@example.com"} 
[2026-05-22 17:53:18] local.INFO: Returning campaigns for user {"user_id":73,"campaign_count":0,"statuses":[]} 
[2026-05-22 17:53:48] local.INFO: ParseBearerToken middleware invoked {"path":"/api/v2/campaign","method":"GET","has_auth_header":true,"auth_header_preview":"Bearer 173|a2XH6Mbx2B3K36azJzU...","is_bearer":true} 
[2026-05-22 17:53:48] local.INFO: Extracted bearer token {"token_preview":"173|a2XH6M...","token_length":52} 
[2026-05-22 17:53:48] local.INFO: Found personal access token {"token_id":173,"user_id":73,"revoked":null} 
[2026-05-22 17:53:48] local.INFO: User authenticated via bearer token {"user_id":73,"user_email":"emma.pro@example.com"} 
[2026-05-22 17:53:48] local.INFO: Returning campaigns for user {"user_id":73,"campaign_count":0,"statuses":[]} 
[2026-05-22 17:54:20] local.INFO: ParseBearerToken middleware invoked {"path":"/api/v2/campaign","method":"GET","has_auth_header":true,"auth_header_preview":"Bearer 173|a2XH6Mbx2B3K36azJzU...","is_bearer":true} 
[2026-05-22 17:54:20] local.INFO: Extracted bearer token {"token_preview":"173|a2XH6M...","token_length":52} 
[2026-05-22 17:54:20] local.INFO: Found personal access token {"token_id":173,"user_id":73,"revoked":null} 
[2026-05-22 17:54:20] local.INFO: User authenticated via bearer token {"user_id":73,"user_email":"emma.pro@example.com"} 
[2026-05-22 17:54:20] local.INFO: Returning campaigns for user {"user_id":73,"campaign_count":0,"statuses":[]} 
[2026-05-22 17:54:21] local.INFO: ParseBearerToken middleware invoked {"path":"/api/v2/campaign","method":"GET","has_auth_header":true,"auth_header_preview":"Bearer 173|a2XH6Mbx2B3K36azJzU...","is_bearer":true} 
[2026-05-22 17:54:21] local.INFO: Extracted bearer token {"token_preview":"173|a2XH6M...","token_length":52} 
[2026-05-22 17:54:21] local.INFO: Found personal access token {"token_id":173,"user_id":73,"revoked":null} 
[2026-05-22 17:54:21] local.INFO: User authenticated via bearer token {"user_id":73,"user_email":"emma.pro@example.com"} 
[2026-05-22 17:54:21] local.INFO: Returning campaigns for user {"user_id":73,"campaign_count":0,"statuses":[]} 
[2026-05-22 17:54:50] local.INFO: ParseBearerToken middleware invoked {"path":"/api/v2/campaign","method":"GET","has_auth_header":true,"auth_header_preview":"Bearer 173|a2XH6Mbx2B3K36azJzU...","is_bearer":true} 
[2026-05-22 17:54:50] local.INFO: Extracted bearer token {"token_preview":"173|a2XH6M...","token_length":52} 
[2026-05-22 17:54:50] local.INFO: Found personal access token {"token_id":173,"user_id":73,"revoked":null} 
[2026-05-22 17:54:50] local.INFO: User authenticated via bearer token {"user_id":73,"user_email":"emma.pro@example.com"} 
[2026-05-22 17:54:50] local.INFO: Returning campaigns for user {"user_id":73,"campaign_count":0,"statuses":[]} 
[2026-05-22 17:55:20] local.INFO: ParseBearerToken middleware invoked {"path":"/api/v2/campaign","method":"GET","has_auth_header":true,"auth_header_preview":"Bearer 173|a2XH6Mbx2B3K36azJzU...","is_bearer":true} 
[2026-05-22 17:55:20] local.INFO: Extracted bearer token {"token_preview":"173|a2XH6M...","token_length":52} 
[2026-05-22 17:55:20] local.INFO: Found personal access token {"token_id":173,"user_id":73,"revoked":null} 
[2026-05-22 17:55:20] local.INFO: User authenticated via bearer token {"user_id":73,"user_email":"emma.pro@example.com"} 
[2026-05-22 17:55:20] local.INFO: Returning campaigns for user {"user_id":73,"campaign_count":0,"statuses":[]} 
[2026-05-22 17:59:06] local.INFO: User created for creator registration {"user_id":74,"email":"alex.multi@example.com"} 
[2026-05-22 17:59:06] local.INFO: Creator profile created {"user_id":74,"creator_id":19} 
[2026-05-22 17:59:06] local.INFO: Creator registered successfully {"user_id":74,"creator_id":19,"email":"alex.multi@example.com"} 
[2026-05-22 17:59:08] local.INFO: ParseBearerToken middleware invoked {"path":"/api/v2/campaign","method":"GET","has_auth_header":true,"auth_header_preview":"Bearer 174|pZL6n7kLquOxkyvdeLg...","is_bearer":true} 
[2026-05-22 17:59:08] local.INFO: Extracted bearer token {"token_preview":"174|pZL6n7...","token_length":52} 
[2026-05-22 17:59:08] local.INFO: Found personal access token {"token_id":174,"user_id":74,"revoked":null} 
[2026-05-22 17:59:08] local.INFO: User authenticated via bearer token {"user_id":74,"user_email":"alex.multi@example.com"} 
[2026-05-22 17:59:08] local.INFO: Returning campaigns for user {"user_id":74,"campaign_count":0,"statuses":[]} 
[2026-05-22 17:59:09] local.INFO: ParseBearerToken middleware invoked {"path":"/api/v2/campaign","method":"GET","has_auth_header":true,"auth_header_preview":"Bearer 174|pZL6n7kLquOxkyvdeLg...","is_bearer":true} 
[2026-05-22 17:59:09] local.INFO: Extracted bearer token {"token_preview":"174|pZL6n7...","token_length":52} 
[2026-05-22 17:59:09] local.INFO: Found personal access token {"token_id":174,"user_id":74,"revoked":null} 
[2026-05-22 17:59:09] local.INFO: User authenticated via bearer token {"user_id":74,"user_email":"alex.multi@example.com"} 
[2026-05-22 17:59:09] local.INFO: Returning campaigns for user {"user_id":74,"campaign_count":0,"statuses":[]} 
[2026-05-22 17:59:11] local.INFO: ParseBearerToken middleware invoked {"path":"/api/v2/campaign","method":"GET","has_auth_header":true,"auth_header_preview":"Bearer 174|pZL6n7kLquOxkyvdeLg...","is_bearer":true} 
[2026-05-22 17:59:11] local.INFO: Extracted bearer token {"token_preview":"174|pZL6n7...","token_length":52} 
[2026-05-22 17:59:11] local.INFO: Found personal access token {"token_id":174,"user_id":74,"revoked":null} 
[2026-05-22 17:59:11] local.INFO: User authenticated via bearer token {"user_id":74,"user_email":"alex.multi@example.com"} 
[2026-05-22 17:59:11] local.INFO: Returning campaigns for user {"user_id":74,"campaign_count":0,"statuses":[]} 
[2026-05-22 17:59:12] local.INFO: ParseBearerToken middleware invoked {"path":"/api/v2/campaign","method":"GET","has_auth_header":true,"auth_header_preview":"Bearer 174|pZL6n7kLquOxkyvdeLg...","is_bearer":true} 
[2026-05-22 17:59:12] local.INFO: Extracted bearer token {"token_preview":"174|pZL6n7...","token_length":52} 
[2026-05-22 17:59:12] local.INFO: Found personal access token {"token_id":174,"user_id":74,"revoked":null} 
[2026-05-22 17:59:12] local.INFO: User authenticated via bearer token {"user_id":74,"user_email":"alex.multi@example.com"} 
[2026-05-22 17:59:12] local.INFO: Returning campaigns for user {"user_id":74,"campaign_count":0,"statuses":[]} 
[2026-05-22 17:59:14] local.INFO: ParseBearerToken middleware invoked {"path":"/api/v2/campaign","method":"GET","has_auth_header":true,"auth_header_preview":"Bearer 174|pZL6n7kLquOxkyvdeLg...","is_bearer":true} 
[2026-05-22 17:59:14] local.INFO: Extracted bearer token {"token_preview":"174|pZL6n7...","token_length":52} 
[2026-05-22 17:59:14] local.INFO: Found personal access token {"token_id":174,"user_id":74,"revoked":null} 
[2026-05-22 17:59:14] local.INFO: User authenticated via bearer token {"user_id":74,"user_email":"alex.multi@example.com"} 
[2026-05-22 17:59:14] local.INFO: Returning campaigns for user {"user_id":74,"campaign_count":0,"statuses":[]} 
[2026-05-22 17:59:21] local.INFO: ParseBearerToken middleware invoked {"path":"/api/v2/campaign","method":"GET","has_auth_header":true,"auth_header_preview":"Bearer 174|pZL6n7kLquOxkyvdeLg...","is_bearer":true} 
[2026-05-22 17:59:21] local.INFO: Extracted bearer token {"token_preview":"174|pZL6n7...","token_length":52} 
[2026-05-22 17:59:21] local.INFO: Found personal access token {"token_id":174,"user_id":74,"revoked":null} 
[2026-05-22 17:59:21] local.INFO: User authenticated via bearer token {"user_id":74,"user_email":"alex.multi@example.com"} 
[2026-05-22 17:59:21] local.INFO: Returning campaigns for user {"user_id":74,"campaign_count":0,"statuses":[]} 
[2026-05-22 17:59:22] local.INFO: ParseBearerToken middleware invoked {"path":"/api/v2/campaign","method":"GET","has_auth_header":true,"auth_header_preview":"Bearer 174|pZL6n7kLquOxkyvdeLg...","is_bearer":true} 
[2026-05-22 17:59:22] local.INFO: Extracted bearer token {"token_preview":"174|pZL6n7...","token_length":52} 
[2026-05-22 17:59:22] local.INFO: Found personal access token {"token_id":174,"user_id":74,"revoked":null} 
[2026-05-22 17:59:22] local.INFO: User authenticated via bearer token {"user_id":74,"user_email":"alex.multi@example.com"} 
[2026-05-22 17:59:22] local.INFO: Returning campaigns for user {"user_id":74,"campaign_count":0,"statuses":[]} 
[2026-05-22 17:59:49] local.INFO: ParseBearerToken middleware invoked {"path":"/api/v2/campaign","method":"GET","has_auth_header":true,"auth_header_preview":"Bearer 174|pZL6n7kLquOxkyvdeLg...","is_bearer":true} 
[2026-05-22 17:59:49] local.INFO: Extracted bearer token {"token_preview":"174|pZL6n7...","token_length":52} 
[2026-05-22 17:59:49] local.INFO: Found personal access token {"token_id":174,"user_id":74,"revoked":null} 
[2026-05-22 17:59:49] local.INFO: User authenticated via bearer token {"user_id":74,"user_email":"alex.multi@example.com"} 
[2026-05-22 17:59:49] local.INFO: Returning campaigns for user {"user_id":74,"campaign_count":0,"statuses":[]} 
[2026-05-22 17:59:51] local.INFO: ParseBearerToken middleware invoked {"path":"/api/v2/campaign","method":"GET","has_auth_header":true,"auth_header_preview":"Bearer 174|pZL6n7kLquOxkyvdeLg...","is_bearer":true} 
[2026-05-22 17:59:51] local.INFO: Extracted bearer token {"token_preview":"174|pZL6n7...","token_length":52} 
[2026-05-22 17:59:51] local.INFO: Found personal access token {"token_id":174,"user_id":74,"revoked":null} 
[2026-05-22 17:59:51] local.INFO: User authenticated via bearer token {"user_id":74,"user_email":"alex.multi@example.com"} 
[2026-05-22 17:59:51] local.INFO: Returning campaigns for user {"user_id":74,"campaign_count":0,"statuses":[]} 
[2026-05-22 18:00:06] local.INFO: ParseBearerToken middleware invoked {"path":"/api/v2/campaign","method":"GET","has_auth_header":true,"auth_header_preview":"Bearer 174|pZL6n7kLquOxkyvdeLg...","is_bearer":true} 
[2026-05-22 18:00:06] local.INFO: Extracted bearer token {"token_preview":"174|pZL6n7...","token_length":52} 
[2026-05-22 18:00:06] local.INFO: Found personal access token {"token_id":174,"user_id":74,"revoked":null} 
[2026-05-22 18:00:06] local.INFO: User authenticated via bearer token {"user_id":74,"user_email":"alex.multi@example.com"} 
[2026-05-22 18:00:06] local.INFO: Returning campaigns for user {"user_id":74,"campaign_count":0,"statuses":[]} 
[2026-05-22 18:00:07] local.INFO: ParseBearerToken middleware invoked {"path":"/api/v2/campaign","method":"GET","has_auth_header":true,"auth_header_preview":"Bearer 174|pZL6n7kLquOxkyvdeLg...","is_bearer":true} 
[2026-05-22 18:00:07] local.INFO: Extracted bearer token {"token_preview":"174|pZL6n7...","token_length":52} 
[2026-05-22 18:00:07] local.INFO: Found personal access token {"token_id":174,"user_id":74,"revoked":null} 
[2026-05-22 18:00:07] local.INFO: User authenticated via bearer token {"user_id":74,"user_email":"alex.multi@example.com"} 
[2026-05-22 18:00:07] local.INFO: Returning campaigns for user {"user_id":74,"campaign_count":0,"statuses":[]} 
[2026-05-22 18:00:35] local.INFO: ParseBearerToken middleware invoked {"path":"/api/v2/campaign","method":"GET","has_auth_header":true,"auth_header_preview":"Bearer 174|pZL6n7kLquOxkyvdeLg...","is_bearer":true} 
[2026-05-22 18:00:35] local.INFO: Extracted bearer token {"token_preview":"174|pZL6n7...","token_length":52} 
[2026-05-22 18:00:35] local.INFO: Found personal access token {"token_id":174,"user_id":74,"revoked":null} 
[2026-05-22 18:00:35] local.INFO: User authenticated via bearer token {"user_id":74,"user_email":"alex.multi@example.com"} 
[2026-05-22 18:00:35] local.INFO: Returning campaigns for user {"user_id":74,"campaign_count":0,"statuses":[]} 
[2026-05-22 18:01:05] local.INFO: ParseBearerToken middleware invoked {"path":"/api/v2/campaign","method":"GET","has_auth_header":true,"auth_header_preview":"Bearer 174|pZL6n7kLquOxkyvdeLg...","is_bearer":true} 
[2026-05-22 18:01:05] local.INFO: Extracted bearer token {"token_preview":"174|pZL6n7...","token_length":52} 
[2026-05-22 18:01:05] local.INFO: Found personal access token {"token_id":174,"user_id":74,"revoked":null} 
[2026-05-22 18:01:05] local.INFO: User authenticated via bearer token {"user_id":74,"user_email":"alex.multi@example.com"} 
[2026-05-22 18:01:05] local.INFO: Returning campaigns for user {"user_id":74,"campaign_count":0,"statuses":[]} 
[2026-05-22 18:01:35] local.INFO: ParseBearerToken middleware invoked {"path":"/api/v2/campaign","method":"GET","has_auth_header":true,"auth_header_preview":"Bearer 174|pZL6n7kLquOxkyvdeLg...","is_bearer":true} 
[2026-05-22 18:01:35] local.INFO: Extracted bearer token {"token_preview":"174|pZL6n7...","token_length":52} 
[2026-05-22 18:01:35] local.INFO: Found personal access token {"token_id":174,"user_id":74,"revoked":null} 
[2026-05-22 18:01:35] local.INFO: User authenticated via bearer token {"user_id":74,"user_email":"alex.multi@example.com"} 
[2026-05-22 18:01:35] local.INFO: Returning campaigns for user {"user_id":74,"campaign_count":0,"statuses":[]} 
[2026-05-22 18:02:05] local.INFO: ParseBearerToken middleware invoked {"path":"/api/v2/campaign","method":"GET","has_auth_header":true,"auth_header_preview":"Bearer 174|pZL6n7kLquOxkyvdeLg...","is_bearer":true} 
[2026-05-22 18:02:05] local.INFO: Extracted bearer token {"token_preview":"174|pZL6n7...","token_length":52} 
[2026-05-22 18:02:05] local.INFO: Found personal access token {"token_id":174,"user_id":74,"revoked":null} 
[2026-05-22 18:02:05] local.INFO: User authenticated via bearer token {"user_id":74,"user_email":"alex.multi@example.com"} 
[2026-05-22 18:02:05] local.INFO: Returning campaigns for user {"user_id":74,"campaign_count":0,"statuses":[]} 
[2026-05-22 18:02:25] local.INFO: ParseBearerToken middleware invoked {"path":"/api/v2/campaign","method":"GET","has_auth_header":true,"auth_header_preview":"Bearer 174|pZL6n7kLquOxkyvdeLg...","is_bearer":true} 
[2026-05-22 18:02:25] local.INFO: Extracted bearer token {"token_preview":"174|pZL6n7...","token_length":52} 
[2026-05-22 18:02:25] local.INFO: Found personal access token {"token_id":174,"user_id":74,"revoked":null} 
[2026-05-22 18:02:25] local.INFO: User authenticated via bearer token {"user_id":74,"user_email":"alex.multi@example.com"} 
[2026-05-22 18:02:25] local.INFO: Returning campaigns for user {"user_id":74,"campaign_count":0,"statuses":[]} 
[2026-05-22 18:02:25] local.INFO: ParseBearerToken middleware invoked {"path":"/api/v2/campaign","method":"GET","has_auth_header":true,"auth_header_preview":"Bearer 174|pZL6n7kLquOxkyvdeLg...","is_bearer":true} 
[2026-05-22 18:02:25] local.INFO: Extracted bearer token {"token_preview":"174|pZL6n7...","token_length":52} 
[2026-05-22 18:02:25] local.INFO: Found personal access token {"token_id":174,"user_id":74,"revoked":null} 
[2026-05-22 18:02:25] local.INFO: User authenticated via bearer token {"user_id":74,"user_email":"alex.multi@example.com"} 
[2026-05-22 18:02:25] local.INFO: Returning campaigns for user {"user_id":74,"campaign_count":0,"statuses":[]} 
[2026-05-22 18:02:27] local.INFO: ParseBearerToken middleware invoked {"path":"/api/v2/campaign","method":"GET","has_auth_header":true,"auth_header_preview":"Bearer 174|pZL6n7kLquOxkyvdeLg...","is_bearer":true} 
[2026-05-22 18:02:27] local.INFO: Extracted bearer token {"token_preview":"174|pZL6n7...","token_length":52} 
[2026-05-22 18:02:27] local.INFO: Found personal access token {"token_id":174,"user_id":74,"revoked":null} 
[2026-05-22 18:02:27] local.INFO: User authenticated via bearer token {"user_id":74,"user_email":"alex.multi@example.com"} 
[2026-05-22 18:02:27] local.INFO: Returning campaigns for user {"user_id":74,"campaign_count":0,"statuses":[]} 
[2026-05-22 18:02:27] local.INFO: ParseBearerToken middleware invoked {"path":"/api/v2/campaign","method":"GET","has_auth_header":true,"auth_header_preview":"Bearer 174|pZL6n7kLquOxkyvdeLg...","is_bearer":true} 
[2026-05-22 18:02:27] local.INFO: Extracted bearer token {"token_preview":"174|pZL6n7...","token_length":52} 
[2026-05-22 18:02:27] local.INFO: Found personal access token {"token_id":174,"user_id":74,"revoked":null} 
[2026-05-22 18:02:27] local.INFO: User authenticated via bearer token {"user_id":74,"user_email":"alex.multi@example.com"} 
[2026-05-22 18:02:27] local.INFO: Returning campaigns for user {"user_id":74,"campaign_count":0,"statuses":[]} 
[2026-05-22 18:03:00] local.INFO: User created for creator registration {"user_id":75,"email":"fdfrtg@gamil.com"} 
[2026-05-22 18:03:00] local.INFO: Creator profile created {"user_id":75,"creator_id":20} 
[2026-05-22 18:03:00] local.INFO: Creator registered successfully {"user_id":75,"creator_id":20,"email":"fdfrtg@gamil.com"} 
[2026-05-22 18:03:02] local.INFO: ParseBearerToken middleware invoked {"path":"/api/v2/campaign","method":"GET","has_auth_header":true,"auth_header_preview":"Bearer 175|dJce2usYtYaPjEXrTcQ...","is_bearer":true} 
[2026-05-22 18:03:02] local.INFO: Extracted bearer token {"token_preview":"175|dJce2u...","token_length":52} 
[2026-05-22 18:03:02] local.INFO: Found personal access token {"token_id":175,"user_id":75,"revoked":null} 
[2026-05-22 18:03:02] local.INFO: User authenticated via bearer token {"user_id":75,"user_email":"fdfrtg@gamil.com"} 
[2026-05-22 18:03:02] local.INFO: Returning campaigns for user {"user_id":75,"campaign_count":0,"statuses":[]} 
[2026-05-22 18:03:02] local.INFO: ParseBearerToken middleware invoked {"path":"/api/v2/campaign","method":"GET","has_auth_header":true,"auth_header_preview":"Bearer 175|dJce2usYtYaPjEXrTcQ...","is_bearer":true} 
[2026-05-22 18:03:02] local.INFO: Extracted bearer token {"token_preview":"175|dJce2u...","token_length":52} 
[2026-05-22 18:03:02] local.INFO: Found personal access token {"token_id":175,"user_id":75,"revoked":null} 
[2026-05-22 18:03:02] local.INFO: User authenticated via bearer token {"user_id":75,"user_email":"fdfrtg@gamil.com"} 
[2026-05-22 18:03:02] local.INFO: Returning campaigns for user {"user_id":75,"campaign_count":0,"statuses":[]} 
[2026-05-22 18:03:26] local.INFO: ParseBearerToken middleware invoked {"path":"/api/v2/campaign","method":"GET","has_auth_header":true,"auth_header_preview":"Bearer 175|dJce2usYtYaPjEXrTcQ...","is_bearer":true} 
[2026-05-22 18:03:26] local.INFO: Extracted bearer token {"token_preview":"175|dJce2u...","token_length":52} 
[2026-05-22 18:03:26] local.INFO: Found personal access token {"token_id":175,"user_id":75,"revoked":null} 
[2026-05-22 18:03:26] local.INFO: User authenticated via bearer token {"user_id":75,"user_email":"fdfrtg@gamil.com"} 
[2026-05-22 18:03:26] local.INFO: Returning campaigns for user {"user_id":75,"campaign_count":0,"statuses":[]} 
[2026-05-22 18:03:27] local.INFO: ParseBearerToken middleware invoked {"path":"/api/v2/campaign","method":"GET","has_auth_header":true,"auth_header_preview":"Bearer 175|dJce2usYtYaPjEXrTcQ...","is_bearer":true} 
[2026-05-22 18:03:27] local.INFO: Extracted bearer token {"token_preview":"175|dJce2u...","token_length":52} 
[2026-05-22 18:03:27] local.INFO: Found personal access token {"token_id":175,"user_id":75,"revoked":null} 
[2026-05-22 18:03:27] local.INFO: User authenticated via bearer token {"user_id":75,"user_email":"fdfrtg@gamil.com"} 
[2026-05-22 18:03:27] local.INFO: Returning campaigns for user {"user_id":75,"campaign_count":0,"statuses":[]} 
