[2026-04-11 05:05:14] local.DEBUG: reCAPTCHA enabled: false  
[2026-04-11 05:05:17] local.DEBUG: reCAPTCHA enabled: false  
[2026-04-11 05:05:20] local.INFO: ParseBearerToken middleware invoked {"path":"/api/v2/campaign","method":"GET","has_auth_header":true,"auth_header_preview":"Bearer 161|dyjQwCp6HZxFAwa5clT...","is_bearer":true} 
[2026-04-11 05:05:20] local.INFO: Extracted bearer token {"token_preview":"161|dyjQwC...","token_length":52} 
[2026-04-11 05:05:20] local.INFO: Found personal access token {"token_id":161,"user_id":68,"revoked":null} 
[2026-04-11 05:05:20] local.INFO: User authenticated via bearer token {"user_id":68,"user_email":"freelancerzahedcreator@gmail.com"} 
[2026-04-11 05:05:20] local.INFO: Returning campaigns for user {"user_id":68,"campaign_count":0,"statuses":[]} 
[2026-04-11 05:05:20] local.INFO: ParseBearerToken middleware invoked {"path":"/api/v2/campaign","method":"GET","has_auth_header":true,"auth_header_preview":"Bearer 161|dyjQwCp6HZxFAwa5clT...","is_bearer":true} 
[2026-04-11 05:05:20] local.INFO: Extracted bearer token {"token_preview":"161|dyjQwC...","token_length":52} 
[2026-04-11 05:05:20] local.INFO: Found personal access token {"token_id":161,"user_id":68,"revoked":null} 
[2026-04-11 05:05:20] local.INFO: User authenticated via bearer token {"user_id":68,"user_email":"freelancerzahedcreator@gmail.com"} 
[2026-04-11 05:05:20] local.INFO: Returning campaigns for user {"user_id":68,"campaign_count":0,"statuses":[]} 
[2026-04-11 05:05:31] local.INFO: ParseBearerToken middleware invoked {"path":"/api/v2/campaign","method":"GET","has_auth_header":true,"auth_header_preview":"Bearer 161|dyjQwCp6HZxFAwa5clT...","is_bearer":true} 
[2026-04-11 05:05:31] local.INFO: Extracted bearer token {"token_preview":"161|dyjQwC...","token_length":52} 
[2026-04-11 05:05:31] local.INFO: Found personal access token {"token_id":161,"user_id":68,"revoked":null} 
[2026-04-11 05:05:31] local.INFO: User authenticated via bearer token {"user_id":68,"user_email":"freelancerzahedcreator@gmail.com"} 
[2026-04-11 05:05:31] local.INFO: Returning campaigns for user {"user_id":68,"campaign_count":0,"statuses":[]} 
[2026-04-11 05:05:31] local.INFO: ParseBearerToken middleware invoked {"path":"/api/v2/campaign","method":"GET","has_auth_header":true,"auth_header_preview":"Bearer 161|dyjQwCp6HZxFAwa5clT...","is_bearer":true} 
[2026-04-11 05:05:31] local.INFO: Extracted bearer token {"token_preview":"161|dyjQwC...","token_length":52} 
[2026-04-11 05:05:31] local.INFO: Found personal access token {"token_id":161,"user_id":68,"revoked":null} 
[2026-04-11 05:05:31] local.INFO: User authenticated via bearer token {"user_id":68,"user_email":"freelancerzahedcreator@gmail.com"} 
[2026-04-11 05:05:31] local.INFO: Returning campaigns for user {"user_id":68,"campaign_count":0,"statuses":[]} 
[2026-04-11 05:05:33] local.INFO: ParseBearerToken middleware invoked {"path":"/api/v2/campaign","method":"GET","has_auth_header":true,"auth_header_preview":"Bearer 161|dyjQwCp6HZxFAwa5clT...","is_bearer":true} 
[2026-04-11 05:05:33] local.INFO: Extracted bearer token {"token_preview":"161|dyjQwC...","token_length":52} 
[2026-04-11 05:05:33] local.INFO: Found personal access token {"token_id":161,"user_id":68,"revoked":null} 
[2026-04-11 05:05:33] local.INFO: User authenticated via bearer token {"user_id":68,"user_email":"freelancerzahedcreator@gmail.com"} 
[2026-04-11 05:05:33] local.INFO: Returning campaigns for user {"user_id":68,"campaign_count":0,"statuses":[]} 
[2026-04-11 05:05:33] local.INFO: ParseBearerToken middleware invoked {"path":"/api/v2/campaign","method":"GET","has_auth_header":true,"auth_header_preview":"Bearer 161|dyjQwCp6HZxFAwa5clT...","is_bearer":true} 
[2026-04-11 05:05:33] local.INFO: Extracted bearer token {"token_preview":"161|dyjQwC...","token_length":52} 
[2026-04-11 05:05:33] local.INFO: Found personal access token {"token_id":161,"user_id":68,"revoked":null} 
[2026-04-11 05:05:33] local.INFO: User authenticated via bearer token {"user_id":68,"user_email":"freelancerzahedcreator@gmail.com"} 
[2026-04-11 05:05:33] local.INFO: Returning campaigns for user {"user_id":68,"campaign_count":0,"statuses":[]} 
[2026-04-11 05:07:07] local.INFO: ParseBearerToken middleware invoked {"path":"/api/v2/campaign","method":"POST","has_auth_header":true,"auth_header_preview":"Bearer 161|dyjQwCp6HZxFAwa5clT...","is_bearer":true} 
[2026-04-11 05:07:07] local.INFO: Extracted bearer token {"token_preview":"161|dyjQwC...","token_length":52} 
[2026-04-11 05:07:07] local.INFO: Found personal access token {"token_id":161,"user_id":68,"revoked":null} 
[2026-04-11 05:07:07] local.INFO: User authenticated via bearer token {"user_id":68,"user_email":"freelancerzahedcreator@gmail.com"} 
[2026-04-11 05:07:07] local.INFO: Campaign store() called - Raw Request Data {"content_type":"application/json","request_keys":["title","description","funding_goal","product_name","product_description","materials","colors","sizes","projectDuration"],"has_files":false,"file_keys":[]} 
[2026-04-11 05:07:07] local.INFO: Campaign store() called with details {"method":"POST","path":"api/v2/campaign","has_auth_header":true,"auth_header_preview":"Bearer 161|dyjQwCp6HZxFAwa5clT...","user_id":68,"user_email":"freelancerzahedcreator@gmail.com","is_authenticated":true} 
[2026-04-11 05:07:08] local.WARNING: Campaign creation failed: Validation error {"user_id":68,"errors":{"projectDuration":["The project duration must be at least 30."]}} 
[2026-04-11 05:07:24] local.INFO: ParseBearerToken middleware invoked {"path":"/api/v2/campaign","method":"POST","has_auth_header":true,"auth_header_preview":"Bearer 161|dyjQwCp6HZxFAwa5clT...","is_bearer":true} 
[2026-04-11 05:07:24] local.INFO: Extracted bearer token {"token_preview":"161|dyjQwC...","token_length":52} 
[2026-04-11 05:07:24] local.INFO: Found personal access token {"token_id":161,"user_id":68,"revoked":null} 
[2026-04-11 05:07:24] local.INFO: User authenticated via bearer token {"user_id":68,"user_email":"freelancerzahedcreator@gmail.com"} 
[2026-04-11 05:07:24] local.INFO: Campaign store() called - Raw Request Data {"content_type":"application/json","request_keys":["title","description","funding_goal","product_name","product_description","materials","colors","sizes","projectDuration"],"has_files":false,"file_keys":[]} 
[2026-04-11 05:07:24] local.INFO: Campaign store() called with details {"method":"POST","path":"api/v2/campaign","has_auth_header":true,"auth_header_preview":"Bearer 161|dyjQwCp6HZxFAwa5clT...","user_id":68,"user_email":"freelancerzahedcreator@gmail.com","is_authenticated":true} 
[2026-04-11 05:07:24] local.WARNING: Campaign creation failed: Validation error {"user_id":68,"errors":{"projectDuration":["The project duration must be at least 30."]}} 
[2026-04-11 05:07:41] local.INFO: ParseBearerToken middleware invoked {"path":"/api/v2/campaign","method":"POST","has_auth_header":true,"auth_header_preview":"Bearer 161|dyjQwCp6HZxFAwa5clT...","is_bearer":true} 
[2026-04-11 05:07:41] local.INFO: Extracted bearer token {"token_preview":"161|dyjQwC...","token_length":52} 
[2026-04-11 05:07:41] local.INFO: Found personal access token {"token_id":161,"user_id":68,"revoked":null} 
[2026-04-11 05:07:41] local.INFO: User authenticated via bearer token {"user_id":68,"user_email":"freelancerzahedcreator@gmail.com"} 
[2026-04-11 05:07:41] local.INFO: Campaign store() called - Raw Request Data {"content_type":"application/json","request_keys":["title","description","funding_goal","product_name","product_description","materials","colors","sizes","projectDuration"],"has_files":false,"file_keys":[]} 
[2026-04-11 05:07:41] local.INFO: Campaign store() called with details {"method":"POST","path":"api/v2/campaign","has_auth_header":true,"auth_header_preview":"Bearer 161|dyjQwCp6HZxFAwa5clT...","user_id":68,"user_email":"freelancerzahedcreator@gmail.com","is_authenticated":true} 
[2026-04-11 05:07:41] local.WARNING: Campaign creation failed: Validation error {"user_id":68,"errors":{"projectDuration":["The project duration must be at least 30."]}} 
[2026-04-11 05:07:57] local.INFO: ParseBearerToken middleware invoked {"path":"/api/v2/campaign","method":"GET","has_auth_header":true,"auth_header_preview":"Bearer 161|dyjQwCp6HZxFAwa5clT...","is_bearer":true} 
[2026-04-11 05:07:57] local.INFO: Extracted bearer token {"token_preview":"161|dyjQwC...","token_length":52} 
[2026-04-11 05:07:57] local.INFO: Found personal access token {"token_id":161,"user_id":68,"revoked":null} 
[2026-04-11 05:07:57] local.INFO: User authenticated via bearer token {"user_id":68,"user_email":"freelancerzahedcreator@gmail.com"} 
[2026-04-11 05:07:57] local.INFO: Returning campaigns for user {"user_id":68,"campaign_count":0,"statuses":[]} 
[2026-04-11 05:07:58] local.INFO: ParseBearerToken middleware invoked {"path":"/api/v2/campaign","method":"GET","has_auth_header":true,"auth_header_preview":"Bearer 161|dyjQwCp6HZxFAwa5clT...","is_bearer":true} 
[2026-04-11 05:07:58] local.INFO: Extracted bearer token {"token_preview":"161|dyjQwC...","token_length":52} 
[2026-04-11 05:07:58] local.INFO: Found personal access token {"token_id":161,"user_id":68,"revoked":null} 
[2026-04-11 05:07:58] local.INFO: User authenticated via bearer token {"user_id":68,"user_email":"freelancerzahedcreator@gmail.com"} 
[2026-04-11 05:07:58] local.INFO: Returning campaigns for user {"user_id":68,"campaign_count":0,"statuses":[]} 
[2026-04-11 05:08:08] local.INFO: ParseBearerToken middleware invoked {"path":"/api/v2/campaign","method":"GET","has_auth_header":true,"auth_header_preview":"Bearer 161|dyjQwCp6HZxFAwa5clT...","is_bearer":true} 
[2026-04-11 05:08:08] local.INFO: Extracted bearer token {"token_preview":"161|dyjQwC...","token_length":52} 
[2026-04-11 05:08:08] local.INFO: Found personal access token {"token_id":161,"user_id":68,"revoked":null} 
[2026-04-11 05:08:08] local.INFO: User authenticated via bearer token {"user_id":68,"user_email":"freelancerzahedcreator@gmail.com"} 
[2026-04-11 05:08:08] local.INFO: Returning campaigns for user {"user_id":68,"campaign_count":0,"statuses":[]} 
[2026-04-11 05:08:08] local.INFO: ParseBearerToken middleware invoked {"path":"/api/v2/campaign","method":"GET","has_auth_header":true,"auth_header_preview":"Bearer 161|dyjQwCp6HZxFAwa5clT...","is_bearer":true} 
[2026-04-11 05:08:08] local.INFO: Extracted bearer token {"token_preview":"161|dyjQwC...","token_length":52} 
[2026-04-11 05:08:08] local.INFO: Found personal access token {"token_id":161,"user_id":68,"revoked":null} 
[2026-04-11 05:08:08] local.INFO: User authenticated via bearer token {"user_id":68,"user_email":"freelancerzahedcreator@gmail.com"} 
[2026-04-11 05:08:08] local.INFO: Returning campaigns for user {"user_id":68,"campaign_count":0,"statuses":[]} 
[2026-04-11 05:48:23] local.INFO: ParseBearerToken middleware invoked {"path":"/api/v2/campaign","method":"GET","has_auth_header":true,"auth_header_preview":"Bearer 161|dyjQwCp6HZxFAwa5clT...","is_bearer":true} 
[2026-04-11 05:48:23] local.INFO: Extracted bearer token {"token_preview":"161|dyjQwC...","token_length":52} 
[2026-04-11 05:48:23] local.INFO: Found personal access token {"token_id":161,"user_id":68,"revoked":null} 
[2026-04-11 05:48:23] local.INFO: User authenticated via bearer token {"user_id":68,"user_email":"freelancerzahedcreator@gmail.com"} 
[2026-04-11 05:48:23] local.INFO: Returning campaigns for user {"user_id":68,"campaign_count":0,"statuses":[]} 
[2026-04-11 05:48:24] local.INFO: ParseBearerToken middleware invoked {"path":"/api/v2/campaign","method":"GET","has_auth_header":true,"auth_header_preview":"Bearer 161|dyjQwCp6HZxFAwa5clT...","is_bearer":true} 
[2026-04-11 05:48:24] local.INFO: Extracted bearer token {"token_preview":"161|dyjQwC...","token_length":52} 
[2026-04-11 05:48:24] local.INFO: Found personal access token {"token_id":161,"user_id":68,"revoked":null} 
[2026-04-11 05:48:24] local.INFO: User authenticated via bearer token {"user_id":68,"user_email":"freelancerzahedcreator@gmail.com"} 
[2026-04-11 05:48:24] local.INFO: Returning campaigns for user {"user_id":68,"campaign_count":0,"statuses":[]} 
[2026-04-11 05:48:30] local.INFO: ParseBearerToken middleware invoked {"path":"/api/v2/campaign","method":"GET","has_auth_header":true,"auth_header_preview":"Bearer 161|dyjQwCp6HZxFAwa5clT...","is_bearer":true} 
[2026-04-11 05:48:30] local.INFO: Extracted bearer token {"token_preview":"161|dyjQwC...","token_length":52} 
[2026-04-11 05:48:30] local.INFO: Found personal access token {"token_id":161,"user_id":68,"revoked":null} 
[2026-04-11 05:48:30] local.INFO: User authenticated via bearer token {"user_id":68,"user_email":"freelancerzahedcreator@gmail.com"} 
[2026-04-11 05:48:30] local.INFO: Returning campaigns for user {"user_id":68,"campaign_count":0,"statuses":[]} 
[2026-04-11 05:48:30] local.INFO: ParseBearerToken middleware invoked {"path":"/api/v2/campaign","method":"GET","has_auth_header":true,"auth_header_preview":"Bearer 161|dyjQwCp6HZxFAwa5clT...","is_bearer":true} 
[2026-04-11 05:48:30] local.INFO: Extracted bearer token {"token_preview":"161|dyjQwC...","token_length":52} 
[2026-04-11 05:48:30] local.INFO: Found personal access token {"token_id":161,"user_id":68,"revoked":null} 
[2026-04-11 05:48:30] local.INFO: User authenticated via bearer token {"user_id":68,"user_email":"freelancerzahedcreator@gmail.com"} 
[2026-04-11 05:48:30] local.INFO: Returning campaigns for user {"user_id":68,"campaign_count":0,"statuses":[]} 
[2026-04-11 05:50:14] local.DEBUG: reCAPTCHA enabled: false  
[2026-04-11 05:50:15] local.DEBUG: reCAPTCHA enabled: false  
[2026-04-11 05:50:16] local.INFO: ParseBearerToken middleware invoked {"path":"/api/v2/campaign","method":"GET","has_auth_header":true,"auth_header_preview":"Bearer 162|htku8Nbt0t7HbUxovVT...","is_bearer":true} 
[2026-04-11 05:50:16] local.INFO: Extracted bearer token {"token_preview":"162|htku8N...","token_length":52} 
[2026-04-11 05:50:16] local.INFO: Found personal access token {"token_id":162,"user_id":68,"revoked":null} 
[2026-04-11 05:50:16] local.INFO: User authenticated via bearer token {"user_id":68,"user_email":"freelancerzahedcreator@gmail.com"} 
[2026-04-11 05:50:16] local.INFO: Returning campaigns for user {"user_id":68,"campaign_count":0,"statuses":[]} 
[2026-04-11 05:50:17] local.INFO: ParseBearerToken middleware invoked {"path":"/api/v2/campaign","method":"GET","has_auth_header":true,"auth_header_preview":"Bearer 162|htku8Nbt0t7HbUxovVT...","is_bearer":true} 
[2026-04-11 05:50:17] local.INFO: Extracted bearer token {"token_preview":"162|htku8N...","token_length":52} 
[2026-04-11 05:50:17] local.INFO: Found personal access token {"token_id":162,"user_id":68,"revoked":null} 
[2026-04-11 05:50:17] local.INFO: User authenticated via bearer token {"user_id":68,"user_email":"freelancerzahedcreator@gmail.com"} 
[2026-04-11 05:50:17] local.INFO: Returning campaigns for user {"user_id":68,"campaign_count":0,"statuses":[]} 
[2026-04-11 06:03:10] local.INFO: ParseBearerToken middleware invoked {"path":"/api/v2/campaign","method":"POST","has_auth_header":true,"auth_header_preview":"Bearer 162|htku8Nbt0t7HbUxovVT...","is_bearer":true} 
[2026-04-11 06:03:10] local.INFO: Extracted bearer token {"token_preview":"162|htku8N...","token_length":52} 
[2026-04-11 06:03:10] local.INFO: Found personal access token {"token_id":162,"user_id":68,"revoked":null} 
[2026-04-11 06:03:10] local.INFO: User authenticated via bearer token {"user_id":68,"user_email":"freelancerzahedcreator@gmail.com"} 
[2026-04-11 06:03:10] local.INFO: Campaign store() called - Raw Request Data {"content_type":"application/json","request_keys":["title","description","funding_goal","product_name","product_description","materials","colors","sizes","projectDuration","upvote_goal","previous_sales","existing_inventory","manufacturer_restock","manufacturing_assistance","business_registration"],"has_files":false,"file_keys":[]} 
[2026-04-11 06:03:10] local.INFO: Campaign store() called with details {"method":"POST","path":"api/v2/campaign","has_auth_header":true,"auth_header_preview":"Bearer 162|htku8Nbt0t7HbUxovVT...","user_id":68,"user_email":"freelancerzahedcreator@gmail.com","is_authenticated":true} 
[2026-04-11 06:03:10] local.WARNING: Campaign creation failed: Validation error {"user_id":68,"errors":{"existing_inventory":["The existing inventory must be an array."],"manufacturer_restock":["The manufacturer restock must be an array."],"business_registration":["The business registration must be an array."]}} 
[2026-04-11 06:05:16] local.INFO: ParseBearerToken middleware invoked {"path":"/api/v2/campaign","method":"POST","has_auth_header":true,"auth_header_preview":"Bearer 162|htku8Nbt0t7HbUxovVT...","is_bearer":true} 
[2026-04-11 06:05:16] local.INFO: Extracted bearer token {"token_preview":"162|htku8N...","token_length":52} 
[2026-04-11 06:05:16] local.INFO: Found personal access token {"token_id":162,"user_id":68,"revoked":null} 
[2026-04-11 06:05:16] local.INFO: User authenticated via bearer token {"user_id":68,"user_email":"freelancerzahedcreator@gmail.com"} 
[2026-04-11 06:05:16] local.INFO: Campaign store() called - Raw Request Data {"content_type":"application/json","request_keys":["title","description","funding_goal","product_name","product_description","materials","colors","sizes","projectDuration","upvote_goal","previous_sales","existing_inventory","manufacturer_restock","manufacturing_assistance","business_registration"],"has_files":false,"file_keys":[]} 
[2026-04-11 06:05:16] local.INFO: Campaign store() called with details {"method":"POST","path":"api/v2/campaign","has_auth_header":true,"auth_header_preview":"Bearer 162|htku8Nbt0t7HbUxovVT...","user_id":68,"user_email":"freelancerzahedcreator@gmail.com","is_authenticated":true} 
[2026-04-11 06:05:16] local.WARNING: Campaign creation failed: Validation error {"user_id":68,"errors":{"existing_inventory":["The existing inventory must be an array."],"manufacturer_restock":["The manufacturer restock must be an array."],"business_registration":["The business registration must be an array."]}} 
[2026-04-11 06:09:18] local.INFO: ParseBearerToken middleware invoked {"path":"/api/v2/campaign","method":"POST","has_auth_header":true,"auth_header_preview":"Bearer 162|htku8Nbt0t7HbUxovVT...","is_bearer":true} 
[2026-04-11 06:09:18] local.INFO: Extracted bearer token {"token_preview":"162|htku8N...","token_length":52} 
[2026-04-11 06:09:18] local.INFO: Found personal access token {"token_id":162,"user_id":68,"revoked":null} 
[2026-04-11 06:09:18] local.INFO: User authenticated via bearer token {"user_id":68,"user_email":"freelancerzahedcreator@gmail.com"} 
[2026-04-11 06:09:18] local.INFO: Campaign store() called - Raw Request Data {"content_type":"application/json","request_keys":["title","description","funding_goal","product_name","product_description","materials","colors","sizes","projectDuration","upvote_goal","previous_sales","existing_inventory","manufacturer_restock","manufacturing_assistance","business_registration"],"has_files":false,"file_keys":[]} 
[2026-04-11 06:09:18] local.INFO: Campaign store() called with details {"method":"POST","path":"api/v2/campaign","has_auth_header":true,"auth_header_preview":"Bearer 162|htku8Nbt0t7HbUxovVT...","user_id":68,"user_email":"freelancerzahedcreator@gmail.com","is_authenticated":true} 
[2026-04-11 06:09:18] local.INFO: Campaign creation request received {"user_id":68,"request_keys":["title","description","funding_goal","product_name","product_description","materials","colors","sizes","projectDuration","upvote_goal","previous_sales","existing_inventory","manufacturer_restock","manufacturing_assistance","business_registration"],"title":"Describe the style, cut, and design. E.g","product_name":"Describe the style, cut, and design. E.g","description_length":116,"materials_count":1,"colors_count":1,"sizes_count":4,"projectDuration":14,"upvote_goal":5000} 
[2026-04-11 06:09:18] local.WARNING: Campaign creation failed: Validation error {"user_id":68,"errors":{"existing_inventory":["The existing inventory must be an array."],"business_registration":["The business registration must be an array."]}} 
[2026-04-11 06:13:37] local.INFO: ParseBearerToken middleware invoked {"path":"/api/v2/campaign","method":"POST","has_auth_header":true,"auth_header_preview":"Bearer 162|htku8Nbt0t7HbUxovVT...","is_bearer":true} 
[2026-04-11 06:13:37] local.INFO: Extracted bearer token {"token_preview":"162|htku8N...","token_length":52} 
[2026-04-11 06:13:37] local.INFO: Found personal access token {"token_id":162,"user_id":68,"revoked":null} 
[2026-04-11 06:13:37] local.INFO: User authenticated via bearer token {"user_id":68,"user_email":"freelancerzahedcreator@gmail.com"} 
[2026-04-11 06:13:37] local.INFO: Campaign store() called - Raw Request Data {"content_type":"application/json","request_keys":["title","description","funding_goal","product_name","product_description","materials","colors","sizes","projectDuration","upvote_goal","previous_sales","existing_inventory","manufacturer_restock","manufacturing_assistance","business_registration"],"has_files":false,"file_keys":[]} 
[2026-04-11 06:13:37] local.INFO: Campaign store() called with details {"method":"POST","path":"api/v2/campaign","has_auth_header":true,"auth_header_preview":"Bearer 162|htku8Nbt0t7HbUxovVT...","user_id":68,"user_email":"freelancerzahedcreator@gmail.com","is_authenticated":true} 
[2026-04-11 06:13:37] local.INFO: Campaign creation request received {"user_id":68,"request_keys":["title","description","funding_goal","product_name","product_description","materials","colors","sizes","projectDuration","upvote_goal","previous_sales","existing_inventory","manufacturer_restock","manufacturing_assistance","business_registration"],"title":"Describe the style, cut, and design. E.g","product_name":"Describe the style, cut, and design. E.g","description_length":116,"materials_count":1,"colors_count":1,"sizes_count":4,"projectDuration":14,"upvote_goal":5000} 
[2026-04-11 06:13:37] local.ERROR: Campaign creation failed {"error":"SQLSTATE[42S22]: Column not found: 1054 Unknown column 'upvote_goal' in 'field list' (Connection: mysql, SQL: insert into `campaigns` (`creator_id`, `user_id`, `status`, `title`, `description`, `funding_goal`, `product_name`, `product_description`, `materials`, `colors`, `sizes`, `days_active`, `upvote_goal`, `upvote_count`, `previous_sales`, `existing_inventory`, `manufacturer_restock`, `manufacturing_assistance`, `business_registration`, `updated_at`, `created_at`) values (17, 68, draft, Describe the style, cut, and design. E.g, Describe the style, cut, and design. E.g., \"Natural fit long sleeve henley women's top with an asymmetrical hemline\", 5000, Describe the style, cut, and design. E.g, Describe the style, cut, and design. E.g., \"Natural fit long sleeve henley women's top with an asymmetrical hemline\", [{\"name\":\"cotton\",\"percentage\":90}], [\"red\"], [{\"classification\":\"US 0 - 2 (Extra Small)\",\"measurement\":\"15\",\"sizeKey\":\"xs\"},{\"classification\":\"US 4 - 6 (Small)\",\"measurement\":\"23\",\"sizeKey\":\"s\"},{\"classification\":\"US 8 - 10 (Medium)\",\"measurement\":\"34\",\"sizeKey\":\"m\"},{\"classification\":\"US 12 (Large)\",\"measurement\":\"60\",\"sizeKey\":\"l\"}], 14, 5000, 0, [\"physical_store\"], [\"inventory_50_200\"], [\"restock_10\"], [], [\"business_yes\"], 2026-04-11 06:13:37, 2026-04-11 06:13:37))","file":"D:\\laragon\\www\\mirrormefashion\\vendor\\laravel\\framework\\src\\Illuminate\\Database\\Connection.php","line":829,"trace":"#0 D:\\laragon\\www\\mirrormefashion\\vendor\\laravel\\framework\\src\\Illuminate\\Database\\Connection.php(783): Illuminate\\Database\\Connection->runQueryCallback('insert into `ca...', Array, Object(Closure))
#1 D:\\laragon\\www\\mirrormefashion\\vendor\\laravel\\framework\\src\\Illuminate\\Database\\MySqlConnection.php(34): Illuminate\\Database\\Connection->run('insert into `ca...', Array, Object(Closure))
#2 D:\\laragon\\www\\mirrormefashion\\vendor\\laravel\\framework\\src\\Illuminate\\Database\\Query\\Processors\\MySqlProcessor.php(35): Illuminate\\Database\\MySqlConnection->insert('insert into `ca...', Array, 'id')
#3 D:\\laragon\\www\\mirrormefashion\\vendor\\laravel\\framework\\src\\Illuminate\\Database\\Query\\Builder.php(3549): Illuminate\\Database\\Query\\Processors\\MySqlProcessor->processInsertGetId(Object(Illuminate\\Database\\Query\\Builder), 'insert into `ca...', Array, 'id')
#4 D:\\laragon\\www\\mirrormefashion\\vendor\\laravel\\framework\\src\\Illuminate\\Database\\Eloquent\\Builder.php(1982): Illuminate\\Database\\Query\\Builder->insertGetId(Array, 'id')
#5 D:\\laragon\\www\\mirrormefashion\\vendor\\laravel\\framework\\src\\Illuminate\\Database\\Eloquent\\Model.php(1334): Illuminate\\Database\\Eloquent\\Builder->__call('insertGetId', Array)
#6 D:\\laragon\\www\\mirrormefashion\\vendor\\laravel\\framework\\src\\Illuminate\\Database\\Eloquent\\Model.php(1299): Illuminate\\Database\\Eloquent\\Model->insertAndSetId(Object(Illuminate\\Database\\Eloquent\\Builder), Array)
#7 D:\\laragon\\www\\mirrormefashion\\vendor\\laravel\\framework\\src\\Illuminate\\Database\\Eloquent\\Model.php(1138): Illuminate\\Database\\Eloquent\\Model->performInsert(Object(Illuminate\\Database\\Eloquent\\Builder))
#8 D:\\laragon\\www\\mirrormefashion\\vendor\\laravel\\framework\\src\\Illuminate\\Database\\Eloquent\\Builder.php(1025): Illuminate\\Database\\Eloquent\\Model->save()
#9 D:\\laragon\\www\\mirrormefashion\\vendor\\laravel\\framework\\src\\Illuminate\\Support\\helpers.php(307): Illuminate\\Database\\Eloquent\\Builder->Illuminate\\Database\\Eloquent\\{closure}(Object(App\\Models\\Campaign))
#10 D:\\laragon\\www\\mirrormefashion\\vendor\\laravel\\framework\\src\\Illuminate\\Database\\Eloquent\\Builder.php(1024): tap(Object(App\\Models\\Campaign), Object(Closure))
#11 D:\\laragon\\www\\mirrormefashion\\vendor\\laravel\\framework\\src\\Illuminate\\Support\\Traits\\ForwardsCalls.php(23): Illuminate\\Database\\Eloquent\\Builder->create(Array)
#12 D:\\laragon\\www\\mirrormefashion\\vendor\\laravel\\framework\\src\\Illuminate\\Database\\Eloquent\\Model.php(2335): Illuminate\\Database\\Eloquent\\Model->forwardCallTo(Object(Illuminate\\Database\\Eloquent\\Builder), 'create', Array)
#13 D:\\laragon\\www\\mirrormefashion\\vendor\\laravel\\framework\\src\\Illuminate\\Database\\Eloquent\\Model.php(2347): Illuminate\\Database\\Eloquent\\Model->__call('create', Array)
#14 D:\\laragon\\www\\mirrormefashion\\app\\Http\\Controllers\\Api\\V2\\CampaignController.php(114): Illuminate\\Database\\Eloquent\\Model::__callStatic('create', Array)
#15 D:\\laragon\\www\\mirrormefashion\\vendor\\laravel\\framework\\src\\Illuminate\\Routing\\Controller.php(54): App\\Http\\Controllers\\Api\\V2\\CampaignController->store(Object(Illuminate\\Http\\Request))
#16 D:\\laragon\\www\\mirrormefashion\\vendor\\laravel\\framework\\src\\Illuminate\\Routing\\ControllerDispatcher.php(43): Illuminate\\Routing\\Controller->callAction('store', Array)
#17 D:\\laragon\\www\\mirrormefashion\\vendor\\laravel\\framework\\src\\Illuminate\\Routing\\Route.php(259): Illuminate\\Routing\\ControllerDispatcher->dispatch(Object(Illuminate\\Routing\\Route), Object(App\\Http\\Controllers\\Api\\V2\\CampaignController), 'store')
#18 D:\\laragon\\www\\mirrormefashion\\vendor\\laravel\\framework\\src\\Illuminate\\Routing\\Route.php(205): Illuminate\\Routing\\Route->runController()
#19 D:\\laragon\\www\\mirrormefashion\\vendor\\laravel\\framework\\src\\Illuminate\\Routing\\Router.php(806): Illuminate\\Routing\\Route->run()
#20 D:\\laragon\\www\\mirrormefashion\\vendor\\laravel\\framework\\src\\Illuminate\\Pipeline\\Pipeline.php(144): Illuminate\\Routing\\Router->Illuminate\\Routing\\{closure}(Object(Illuminate\\Http\\Request))
#21 D:\\laragon\\www\\mirrormefashion\\app\\Http\\Middleware\\ParseBearerToken.php(98): Illuminate\\Pipeline\\Pipeline->Illuminate\\Pipeline\\{closure}(Object(Illuminate\\Http\\Request))
#22 D:\\laragon\\www\\mirrormefashion\\vendor\\laravel\\framework\\src\\Illuminate\\Pipeline\\Pipeline.php(183): App\\Http\\Middleware\\ParseBearerToken->handle(Object(Illuminate\\Http\\Request), Object(Closure))
#23 D:\\laragon\\www\\mirrormefashion\\app\\Http\\Middleware\\AppLanguage.php(35): Illuminate\\Pipeline\\Pipeline->Illuminate\\Pipeline\\{closure}(Object(Illuminate\\Http\\Request))
#24 D:\\laragon\\www\\mirrormefashion\\vendor\\laravel\\framework\\src\\Illuminate\\Pipeline\\Pipeline.php(183): App\\Http\\Middleware\\AppLanguage->handle(Object(Illuminate\\Http\\Request), Object(Closure))
#25 D:\\laragon\\www\\mirrormefashion\\app\\Http\\Middleware\\ApiJsonResponse.php(22): Illuminate\\Pipeline\\Pipeline->Illuminate\\Pipeline\\{closure}(Object(Illuminate\\Http\\Request))
#26 D:\\laragon\\www\\mirrormefashion\\vendor\\laravel\\framework\\src\\Illuminate\\Pipeline\\Pipeline.php(183): App\\Http\\Middleware\\ApiJsonResponse->handle(Object(Illuminate\\Http\\Request), Object(Closure))
#27 D:\\laragon\\www\\mirrormefashion\\app\\Http\\Middleware\\CheckForMaintenanceMode.php(64): Illuminate\\Pipeline\\Pipeline->Illuminate\\Pipeline\\{closure}(Object(Illuminate\\Http\\Request))
#28 D:\\laragon\\www\\mirrormefashion\\vendor\\laravel\\framework\\src\\Illuminate\\Pipeline\\Pipeline.php(183): App\\Http\\Middleware\\CheckForMaintenanceMode->handle(Object(Illuminate\\Http\\Request), Object(Closure))
#29 D:\\laragon\\www\\mirrormefashion\\vendor\\laravel\\framework\\src\\Illuminate\\Routing\\Middleware\\SubstituteBindings.php(50): Illuminate\\Pipeline\\Pipeline->Illuminate\\Pipeline\\{closure}(Object(Illuminate\\Http\\Request))
#30 D:\\laragon\\www\\mirrormefashion\\vendor\\laravel\\framework\\src\\Illuminate\\Pipeline\\Pipeline.php(183): Illuminate\\Routing\\Middleware\\SubstituteBindings->handle(Object(Illuminate\\Http\\Request), Object(Closure))
#31 D:\\laragon\\www\\mirrormefashion\\vendor\\laravel\\framework\\src\\Illuminate\\Auth\\Middleware\\Authenticate.php(57): Illuminate\\Pipeline\\Pipeline->Illuminate\\Pipeline\\{closure}(Object(Illuminate\\Http\\Request))
#32 D:\\laragon\\www\\mirrormefashion\\vendor\\laravel\\framework\\src\\Illuminate\\Pipeline\\Pipeline.php(183): Illuminate\\Auth\\Middleware\\Authenticate->handle(Object(Illuminate\\Http\\Request), Object(Closure), 'sanctum')
#33 D:\\laragon\\www\\mirrormefashion\\vendor\\laravel\\framework\\src\\Illuminate\\Routing\\Middleware\\ThrottleRequests.php(159): Illuminate\\Pipeline\\Pipeline->Illuminate\\Pipeline\\{closure}(Object(Illuminate\\Http\\Request))
#34 D:\\laragon\\www\\mirrormefashion\\vendor\\laravel\\framework\\src\\Illuminate\\Routing\\Middleware\\ThrottleRequests.php(125): Illuminate\\Routing\\Middleware\\ThrottleRequests->handleRequest(Object(Illuminate\\Http\\Request), Object(Closure), Array)
#35 D:\\laragon\\www\\mirrormefashion\\vendor\\laravel\\framework\\src\\Illuminate\\Routing\\Middleware\\ThrottleRequests.php(87): Illuminate\\Routing\\Middleware\\ThrottleRequests->handleRequestUsingNamedLimiter(Object(Illuminate\\Http\\Request), Object(Closure), 'api', Object(Closure))
#36 D:\\laragon\\www\\mirrormefashion\\vendor\\laravel\\framework\\src\\Illuminate\\Pipeline\\Pipeline.php(183): Illuminate\\Routing\\Middleware\\ThrottleRequests->handle(Object(Illuminate\\Http\\Request), Object(Closure), 'api')
#37 D:\\laragon\\www\\mirrormefashion\\vendor\\laravel\\sanctum\\src\\Http\\Middleware\\EnsureFrontendRequestsAreStateful.php(25): Illuminate\\Pipeline\\Pipeline->Illuminate\\Pipeline\\{closure}(Object(Illuminate\\Http\\Request))
#38 D:\\laragon\\www\\mirrormefashion\\vendor\\laravel\\framework\\src\\Illuminate\\Pipeline\\Pipeline.php(144): Laravel\\Sanctum\\Http\\Middleware\\EnsureFrontendRequestsAreStateful->Laravel\\Sanctum\\Http\\Middleware\\{closure}(Object(Illuminate\\Http\\Request))
#39 D:\\laragon\\www\\mirrormefashion\\vendor\\laravel\\framework\\src\\Illuminate\\Pipeline\\Pipeline.php(119): Illuminate\\Pipeline\\Pipeline->Illuminate\\Pipeline\\{closure}(Object(Illuminate\\Http\\Request))
#40 D:\\laragon\\www\\mirrormefashion\\vendor\\laravel\\sanctum\\src\\Http\\Middleware\\EnsureFrontendRequestsAreStateful.php(24): Illuminate\\Pipeline\\Pipeline->then(Object(Closure))
#41 D:\\laragon\\www\\mirrormefashion\\vendor\\laravel\\framework\\src\\Illuminate\\Pipeline\\Pipeline.php(183): Laravel\\Sanctum\\Http\\Middleware\\EnsureFrontendRequestsAreStateful->handle(Object(Illuminate\\Http\\Request), Object(Closure))
#42 D:\\laragon\\www\\mirrormefashion\\app\\Http\\Middleware\\CorsMiddleware.php(32): Illuminate\\Pipeline\\Pipeline->Illuminate\\Pipeline\\{closure}(Object(Illuminate\\Http\\Request))
#43 D:\\laragon\\www\\mirrormefashion\\vendor\\laravel\\framework\\src\\Illuminate\\Pipeline\\Pipeline.php(183): App\\Http\\Middleware\\CorsMiddleware->handle(Object(Illuminate\\Http\\Request), Object(Closure))
#44 D:\\laragon\\www\\mirrormefashion\\vendor\\laravel\\framework\\src\\Illuminate\\Pipeline\\Pipeline.php(119): Illuminate\\Pipeline\\Pipeline->Illuminate\\Pipeline\\{closure}(Object(Illuminate\\Http\\Request))
#45 D:\\laragon\\www\\mirrormefashion\\vendor\\laravel\\framework\\src\\Illuminate\\Routing\\Router.php(805): Illuminate\\Pipeline\\Pipeline->then(Object(Closure))
#46 D:\\laragon\\www\\mirrormefashion\\vendor\\laravel\\framework\\src\\Illuminate\\Routing\\Router.php(784): Illuminate\\Routing\\Router->runRouteWithinStack(Object(Illuminate\\Routing\\Route), Object(Illuminate\\Http\\Request))
#47 D:\\laragon\\www\\mirrormefashion\\vendor\\laravel\\framework\\src\\Illuminate\\Routing\\Router.php(748): Illuminate\\Routing\\Router->runRoute(Object(Illuminate\\Http\\Request), Object(Illuminate\\Routing\\Route))
#48 D:\\laragon\\www\\mirrormefashion\\vendor\\laravel\\framework\\src\\Illuminate\\Routing\\Router.php(737): Illuminate\\Routing\\Router->dispatchToRoute(Object(Illuminate\\Http\\Request))
#49 D:\\laragon\\www\\mirrormefashion\\vendor\\laravel\\framework\\src\\Illuminate\\Foundation\\Http\\Kernel.php(200): Illuminate\\Routing\\Router->dispatch(Object(Illuminate\\Http\\Request))
#50 D:\\laragon\\www\\mirrormefashion\\vendor\\laravel\\framework\\src\\Illuminate\\Pipeline\\Pipeline.php(144): Illuminate\\Foundation\\Http\\Kernel->Illuminate\\Foundation\\Http\\{closure}(Object(Illuminate\\Http\\Request))
#51 D:\\laragon\\www\\mirrormefashion\\vendor\\barryvdh\\laravel-debugbar\\src\\Middleware\\InjectDebugbar.php(66): Illuminate\\Pipeline\\Pipeline->Illuminate\\Pipeline\\{closure}(Object(Illuminate\\Http\\Request))
#52 D:\\laragon\\www\\mirrormefashion\\vendor\\laravel\\framework\\src\\Illuminate\\Pipeline\\Pipeline.php(183): Barryvdh\\Debugbar\\Middleware\\InjectDebugbar->handle(Object(Illuminate\\Http\\Request), Object(Closure))
#53 D:\\laragon\\www\\mirrormefashion\\vendor\\laravel\\framework\\src\\Illuminate\\View\\Middleware\\ShareErrorsFromSession.php(49): Illuminate\\Pipeline\\Pipeline->Illuminate\\Pipeline\\{closure}(Object(Illuminate\\Http\\Request))
#54 D:\\laragon\\www\\mirrormefashion\\vendor\\laravel\\framework\\src\\Illuminate\\Pipeline\\Pipeline.php(183): Illuminate\\View\\Middleware\\ShareErrorsFromSession->handle(Object(Illuminate\\Http\\Request), Object(Closure))
#55 D:\\laragon\\www\\mirrormefashion\\vendor\\laravel\\framework\\src\\Illuminate\\Session\\Middleware\\StartSession.php(121): Illuminate\\Pipeline\\Pipeline->Illuminate\\Pipeline\\{closure}(Object(Illuminate\\Http\\Request))
#56 D:\\laragon\\www\\mirrormefashion\\vendor\\laravel\\framework\\src\\Illuminate\\Session\\Middleware\\StartSession.php(64): Illuminate\\Session\\Middleware\\StartSession->handleStatefulRequest(Object(Illuminate\\Http\\Request), Object(Illuminate\\Session\\Store), Object(Closure))
#57 D:\\laragon\\www\\mirrormefashion\\vendor\\laravel\\framework\\src\\Illuminate\\Pipeline\\Pipeline.php(183): Illuminate\\Session\\Middleware\\StartSession->handle(Object(Illuminate\\Http\\Request), Object(Closure))
#58 D:\\laragon\\www\\mirrormefashion\\vendor\\laravel\\framework\\src\\Illuminate\\Http\\Middleware\\TrustProxies.php(39): Illuminate\\Pipeline\\Pipeline->Illuminate\\Pipeline\\{closure}(Object(Illuminate\\Http\\Request))
#59 D:\\laragon\\www\\mirrormefashion\\vendor\\laravel\\framework\\src\\Illuminate\\Pipeline\\Pipeline.php(183): Illuminate\\Http\\Middleware\\TrustProxies->handle(Object(Illuminate\\Http\\Request), Object(Closure))
#60 D:\\laragon\\www\\mirrormefashion\\vendor\\laravel\\framework\\src\\Illuminate\\Foundation\\Http\\Middleware\\TransformsRequest.php(21): Illuminate\\Pipeline\\Pipeline->Illuminate\\Pipeline\\{closure}(Object(Illuminate\\Http\\Request))
#61 D:\\laragon\\www\\mirrormefashion\\vendor\\laravel\\framework\\src\\Illuminate\\Foundation\\Http\\Middleware\\ConvertEmptyStringsToNull.php(31): Illuminate\\Foundation\\Http\\Middleware\\TransformsRequest->handle(Object(Illuminate\\Http\\Request), Object(Closure))
#62 D:\\laragon\\www\\mirrormefashion\\vendor\\laravel\\framework\\src\\Illuminate\\Pipeline\\Pipeline.php(183): Illuminate\\Foundation\\Http\\Middleware\\ConvertEmptyStringsToNull->handle(Object(Illuminate\\Http\\Request), Object(Closure))
#63 D:\\laragon\\www\\mirrormefashion\\vendor\\laravel\\framework\\src\\Illuminate\\Foundation\\Http\\Middleware\\TransformsRequest.php(21): Illuminate\\Pipeline\\Pipeline->Illuminate\\Pipeline\\{closure}(Object(Illuminate\\Http\\Request))
#64 D:\\laragon\\www\\mirrormefashion\\vendor\\laravel\\framework\\src\\Illuminate\\Foundation\\Http\\Middleware\\TrimStrings.php(40): Illuminate\\Foundation\\Http\\Middleware\\TransformsRequest->handle(Object(Illuminate\\Http\\Request), Object(Closure))
#65 D:\\laragon\\www\\mirrormefashion\\vendor\\laravel\\framework\\src\\Illuminate\\Pipeline\\Pipeline.php(183): Illuminate\\Foundation\\Http\\Middleware\\TrimStrings->handle(Object(Illuminate\\Http\\Request), Object(Closure))
#66 D:\\laragon\\www\\mirrormefashion\\vendor\\laravel\\framework\\src\\Illuminate\\Foundation\\Http\\Middleware\\ValidatePostSize.php(27): Illuminate\\Pipeline\\Pipeline->Illuminate\\Pipeline\\{closure}(Object(Illuminate\\Http\\Request))
#67 D:\\laragon\\www\\mirrormefashion\\vendor\\laravel\\framework\\src\\Illuminate\\Pipeline\\Pipeline.php(183): Illuminate\\Foundation\\Http\\Middleware\\ValidatePostSize->handle(Object(Illuminate\\Http\\Request), Object(Closure))
#68 D:\\laragon\\www\\mirrormefashion\\vendor\\laravel\\framework\\src\\Illuminate\\Pipeline\\Pipeline.php(119): Illuminate\\Pipeline\\Pipeline->Illuminate\\Pipeline\\{closure}(Object(Illuminate\\Http\\Request))
#69 D:\\laragon\\www\\mirrormefashion\\vendor\\laravel\\framework\\src\\Illuminate\\Foundation\\Http\\Kernel.php(175): Illuminate\\Pipeline\\Pipeline->then(Object(Closure))
#70 D:\\laragon\\www\\mirrormefashion\\vendor\\laravel\\framework\\src\\Illuminate\\Foundation\\Http\\Kernel.php(144): Illuminate\\Foundation\\Http\\Kernel->sendRequestThroughRouter(Object(Illuminate\\Http\\Request))
#71 D:\\laragon\\www\\mirrormefashion\\index.php(56): Illuminate\\Foundation\\Http\\Kernel->handle(Object(Illuminate\\Http\\Request))
#72 {main}"} 
[2026-04-11 06:18:50] local.INFO: ParseBearerToken middleware invoked {"path":"/api/v2/campaign","method":"POST","has_auth_header":true,"auth_header_preview":"Bearer 162|htku8Nbt0t7HbUxovVT...","is_bearer":true} 
[2026-04-11 06:18:50] local.INFO: Extracted bearer token {"token_preview":"162|htku8N...","token_length":52} 
[2026-04-11 06:18:50] local.INFO: Found personal access token {"token_id":162,"user_id":68,"revoked":null} 
[2026-04-11 06:18:50] local.INFO: User authenticated via bearer token {"user_id":68,"user_email":"freelancerzahedcreator@gmail.com"} 
[2026-04-11 06:18:50] local.INFO: Campaign store() called - Raw Request Data {"content_type":"application/json","request_keys":["title","description","funding_goal","product_name","product_description","materials","colors","sizes","projectDuration","upvote_goal","previous_sales","existing_inventory","manufacturer_restock","manufacturing_assistance","business_registration"],"has_files":false,"file_keys":[]} 
[2026-04-11 06:18:50] local.INFO: Campaign store() called with details {"method":"POST","path":"api/v2/campaign","has_auth_header":true,"auth_header_preview":"Bearer 162|htku8Nbt0t7HbUxovVT...","user_id":68,"user_email":"freelancerzahedcreator@gmail.com","is_authenticated":true} 
[2026-04-11 06:18:50] local.INFO: Campaign creation request received {"user_id":68,"request_keys":["title","description","funding_goal","product_name","product_description","materials","colors","sizes","projectDuration","upvote_goal","previous_sales","existing_inventory","manufacturer_restock","manufacturing_assistance","business_registration"],"title":"Describe the style, cut, and design. E.g","product_name":"Describe the style, cut, and design. E.g","description_length":116,"materials_count":1,"colors_count":1,"sizes_count":4,"projectDuration":14,"upvote_goal":5000} 
[2026-04-11 06:18:50] local.INFO: Campaign created successfully {"campaign_id":97,"creator_id":17,"user_id":68} 
[2026-04-11 06:18:53] local.INFO: ParseBearerToken middleware invoked {"path":"/api/v2/campaign/97/upload-files","method":"POST","has_auth_header":true,"auth_header_preview":"Bearer 162|htku8Nbt0t7HbUxovVT...","is_bearer":true} 
[2026-04-11 06:18:53] local.INFO: Extracted bearer token {"token_preview":"162|htku8N...","token_length":52} 
[2026-04-11 06:18:53] local.INFO: Found personal access token {"token_id":162,"user_id":68,"revoked":null} 
[2026-04-11 06:18:53] local.INFO: User authenticated via bearer token {"user_id":68,"user_email":"freelancerzahedcreator@gmail.com"} 
[2026-04-11 06:18:53] local.INFO: uploadFiles() method called {"campaign_id":"97","method":"POST","content_type":"multipart/form-data; boundary=----formdata-undici-030587022360"} 
[2026-04-11 06:18:53] local.INFO: File upload request received {"campaign_id":"97","has_product_images":true,"has_tech_pack":false,"request_keys":["product_images"],"product_images_type":"array","all_files_info":{"product_images":{"key":"product_images","count":2,"type":"array","first_item":"Illuminate\\Http\\UploadedFile"}}} 
[2026-04-11 06:18:53] local.INFO: Checking all input and files {"campaign_id":"97","input_keys":["image_metadata","product_images"],"file_keys":["product_images"],"all_files_count":1} 
[2026-04-11 06:18:53] local.INFO: Product images received {"campaign_id":"97","is_array":true,"count":2,"first_item_type":"Illuminate\\Http\\UploadedFile"} 
[2026-04-11 06:18:53] local.INFO: Parsed image metadata {"campaign_id":"97","metadata_count":2,"metadata":[{"fileIndex":0,"type":"front","name":"Dashboard-Karbar-11-03-2025_04_39_PM.png","size":286970},{"fileIndex":1,"type":"back","name":"473989200_635690472362963_7135301606100493880_n.jpg","size":333884}]} 
[2026-04-11 06:18:53] local.INFO: Found images using product_images notation {"campaign_id":"97","count":2} 
[2026-04-11 06:18:53] local.INFO: Processing product images {"campaign_id":"97","image_count":2,"metadata_count":2,"files_found_in_allfiles":true} 
[2026-04-11 06:18:53] local.INFO: Image found in array {"campaign_id":"97","index":0,"name":"Dashboard-Karbar-11-03-2025_04_39_PM.png","size":286970,"valid":true} 
[2026-04-11 06:18:53] local.INFO: Image found in array {"campaign_id":"97","index":1,"name":"473989200_635690472362963_7135301606100493880_n.jpg","size":333884,"valid":true} 
[2026-04-11 06:18:53] local.INFO: Processing image {"campaign_id":"97","file_index":0,"type":"front","name":"Dashboard-Karbar-11-03-2025_04_39_PM.png","original_name":"Dashboard-Karbar-11-03-2025_04_39_PM.png","size":286970,"mime":"image/png"} 
[2026-04-11 06:18:53] local.INFO: About to store image file {"campaign_id":"97","type":"front","filename":"campaign_97_front_1775888333_69d9e7cd9dc92.png","directory":"campaigns/products","original_name":"Dashboard-Karbar-11-03-2025_04_39_PM.png","size":286970,"mime":"image/png","extension":"png"} 
[2026-04-11 06:18:53] local.INFO: Starting file storage {"campaign_id":"97","original_name":"Dashboard-Karbar-11-03-2025_04_39_PM.png","size":286970,"mime":"image/png","temp_path":false} 
[2026-04-11 06:18:53] local.INFO: About to store file {"campaign_id":"97","destination":"D:\\laragon\\www\\mirrormefashion\\storage\\app\\public\\campaigns\\products\\campaign_97_front_1775888333_69d9e7cd9e904.png","file_size":286970} 
[2026-04-11 06:18:53] local.INFO: Temp file info {"temp_path":"C:\\Windows\\Temp\\php87EE.tmp","exists":true,"readable":true,"size":286970} 
[2026-04-11 06:18:53] local.INFO: File copied successfully {"campaign_id":"97","destination":"D:\\laragon\\www\\mirrormefashion\\storage\\app\\public\\campaigns\\products\\campaign_97_front_1775888333_69d9e7cd9e904.png"} 
[2026-04-11 06:18:53] local.INFO: File copied successfully {"campaign_id":"97","storage_path":"campaigns/products/campaign_97_front_1775888333_69d9e7cd9e904.png","full_path":"D:\\laragon\\www\\mirrormefashion\\storage\\app\\public\\campaigns\\products\\campaign_97_front_1775888333_69d9e7cd9e904.png","file_exists":true,"file_size":286970} 
[2026-04-11 06:18:54] local.INFO: Processing image {"campaign_id":"97","file_index":1,"type":"back","name":"473989200_635690472362963_7135301606100493880_n.jpg","original_name":"473989200_635690472362963_7135301606100493880_n.jpg","size":333884,"mime":"image/jpeg"} 
[2026-04-11 06:18:54] local.INFO: About to store image file {"campaign_id":"97","type":"back","filename":"campaign_97_back_1775888334_69d9e7cedc25c.jpg","directory":"campaigns/products","original_name":"473989200_635690472362963_7135301606100493880_n.jpg","size":333884,"mime":"image/jpeg","extension":"jpg"} 
[2026-04-11 06:18:54] local.INFO: Starting file storage {"campaign_id":"97","original_name":"473989200_635690472362963_7135301606100493880_n.jpg","size":333884,"mime":"image/jpeg","temp_path":false} 
[2026-04-11 06:18:54] local.INFO: About to store file {"campaign_id":"97","destination":"D:\\laragon\\www\\mirrormefashion\\storage\\app\\public\\campaigns\\products\\campaign_97_back_1775888334_69d9e7cedd32f.jpg","file_size":333884} 
[2026-04-11 06:18:54] local.INFO: Temp file info {"temp_path":"C:\\Windows\\Temp\\php87EF.tmp","exists":true,"readable":true,"size":333884} 
[2026-04-11 06:18:54] local.INFO: File copied successfully {"campaign_id":"97","destination":"D:\\laragon\\www\\mirrormefashion\\storage\\app\\public\\campaigns\\products\\campaign_97_back_1775888334_69d9e7cedd32f.jpg"} 
[2026-04-11 06:18:54] local.INFO: File copied successfully {"campaign_id":"97","storage_path":"campaigns/products/campaign_97_back_1775888334_69d9e7cedd32f.jpg","full_path":"D:\\laragon\\www\\mirrormefashion\\storage\\app\\public\\campaigns\\products\\campaign_97_back_1775888334_69d9e7cedd32f.jpg","file_exists":true,"file_size":333884} 
[2026-04-11 06:18:54] local.INFO: No tech pack in request {"campaign_id":"97"} 
[2026-04-11 06:18:54] local.INFO: Merged product images {"campaign_id":"97","existing_count":0,"new_count":2,"merged_count":2} 
[2026-04-11 06:20:40] local.INFO: ParseBearerToken middleware invoked {"path":"/api/v2/campaign","method":"POST","has_auth_header":true,"auth_header_preview":"Bearer 162|htku8Nbt0t7HbUxovVT...","is_bearer":true} 
[2026-04-11 06:20:40] local.INFO: Extracted bearer token {"token_preview":"162|htku8N...","token_length":52} 
[2026-04-11 06:20:40] local.INFO: Found personal access token {"token_id":162,"user_id":68,"revoked":null} 
[2026-04-11 06:20:40] local.INFO: User authenticated via bearer token {"user_id":68,"user_email":"freelancerzahedcreator@gmail.com"} 
[2026-04-11 06:20:40] local.INFO: Campaign store() called - Raw Request Data {"content_type":"application/json","request_keys":["title","description","funding_goal","product_name","product_description","materials","colors","sizes","projectDuration","upvote_goal","previous_sales","existing_inventory","manufacturer_restock","manufacturing_assistance","business_registration"],"has_files":false,"file_keys":[]} 
[2026-04-11 06:20:40] local.INFO: Campaign store() called with details {"method":"POST","path":"api/v2/campaign","has_auth_header":true,"auth_header_preview":"Bearer 162|htku8Nbt0t7HbUxovVT...","user_id":68,"user_email":"freelancerzahedcreator@gmail.com","is_authenticated":true} 
[2026-04-11 06:20:40] local.INFO: Campaign creation request received {"user_id":68,"request_keys":["title","description","funding_goal","product_name","product_description","materials","colors","sizes","projectDuration","upvote_goal","previous_sales","existing_inventory","manufacturer_restock","manufacturing_assistance","business_registration"],"title":"Describe the style, cut, and design. E.g","product_name":"Describe the style, cut, and design. E.g","description_length":232,"materials_count":1,"colors_count":1,"sizes_count":4,"projectDuration":14,"upvote_goal":5000} 
[2026-04-11 06:20:40] local.INFO: Campaign created successfully {"campaign_id":98,"creator_id":17,"user_id":68} 
[2026-04-11 06:20:41] local.INFO: ParseBearerToken middleware invoked {"path":"/api/v2/campaign/98/upload-files","method":"POST","has_auth_header":true,"auth_header_preview":"Bearer 162|htku8Nbt0t7HbUxovVT...","is_bearer":true} 
[2026-04-11 06:20:41] local.INFO: Extracted bearer token {"token_preview":"162|htku8N...","token_length":52} 
[2026-04-11 06:20:41] local.INFO: Found personal access token {"token_id":162,"user_id":68,"revoked":null} 
[2026-04-11 06:20:41] local.INFO: User authenticated via bearer token {"user_id":68,"user_email":"freelancerzahedcreator@gmail.com"} 
[2026-04-11 06:20:41] local.INFO: uploadFiles() method called {"campaign_id":"98","method":"POST","content_type":"multipart/form-data; boundary=----formdata-undici-044501519412"} 
[2026-04-11 06:20:41] local.INFO: File upload request received {"campaign_id":"98","has_product_images":true,"has_tech_pack":false,"request_keys":["product_images"],"product_images_type":"array","all_files_info":{"product_images":{"key":"product_images","count":2,"type":"array","first_item":"Illuminate\\Http\\UploadedFile"}}} 
[2026-04-11 06:20:41] local.INFO: Checking all input and files {"campaign_id":"98","input_keys":["image_metadata","product_images"],"file_keys":["product_images"],"all_files_count":1} 
[2026-04-11 06:20:41] local.INFO: Product images received {"campaign_id":"98","is_array":true,"count":2,"first_item_type":"Illuminate\\Http\\UploadedFile"} 
[2026-04-11 06:20:41] local.INFO: Parsed image metadata {"campaign_id":"98","metadata_count":2,"metadata":[{"fileIndex":0,"type":"front","name":"Dashboard-Karbar-11-03-2025_04_39_PM.png","size":286970},{"fileIndex":1,"type":"back","name":"473989200_635690472362963_7135301606100493880_n.jpg","size":333884}]} 
[2026-04-11 06:20:41] local.INFO: Found images using product_images notation {"campaign_id":"98","count":2} 
[2026-04-11 06:20:41] local.INFO: Processing product images {"campaign_id":"98","image_count":2,"metadata_count":2,"files_found_in_allfiles":true} 
[2026-04-11 06:20:41] local.INFO: Image found in array {"campaign_id":"98","index":0,"name":"Dashboard-Karbar-11-03-2025_04_39_PM.png","size":286970,"valid":true} 
[2026-04-11 06:20:41] local.INFO: Image found in array {"campaign_id":"98","index":1,"name":"473989200_635690472362963_7135301606100493880_n.jpg","size":333884,"valid":true} 
[2026-04-11 06:20:41] local.INFO: Processing image {"campaign_id":"98","file_index":0,"type":"front","name":"Dashboard-Karbar-11-03-2025_04_39_PM.png","original_name":"Dashboard-Karbar-11-03-2025_04_39_PM.png","size":286970,"mime":"image/png"} 
[2026-04-11 06:20:41] local.INFO: About to store image file {"campaign_id":"98","type":"front","filename":"campaign_98_front_1775888441_69d9e8397609f.png","directory":"campaigns/products","original_name":"Dashboard-Karbar-11-03-2025_04_39_PM.png","size":286970,"mime":"image/png","extension":"png"} 
[2026-04-11 06:20:41] local.INFO: Starting file storage {"campaign_id":"98","original_name":"Dashboard-Karbar-11-03-2025_04_39_PM.png","size":286970,"mime":"image/png","temp_path":false} 
[2026-04-11 06:20:41] local.INFO: About to store file {"campaign_id":"98","destination":"D:\\laragon\\www\\mirrormefashion\\storage\\app\\public\\campaigns\\products\\campaign_98_front_1775888441_69d9e83976abc.png","file_size":286970} 
[2026-04-11 06:20:41] local.INFO: Temp file info {"temp_path":"C:\\Windows\\Temp\\php2EEA.tmp","exists":true,"readable":true,"size":286970} 
[2026-04-11 06:20:41] local.INFO: File copied successfully {"campaign_id":"98","destination":"D:\\laragon\\www\\mirrormefashion\\storage\\app\\public\\campaigns\\products\\campaign_98_front_1775888441_69d9e83976abc.png"} 
[2026-04-11 06:20:41] local.INFO: File copied successfully {"campaign_id":"98","storage_path":"campaigns/products/campaign_98_front_1775888441_69d9e83976abc.png","full_path":"D:\\laragon\\www\\mirrormefashion\\storage\\app\\public\\campaigns\\products\\campaign_98_front_1775888441_69d9e83976abc.png","file_exists":true,"file_size":286970} 
[2026-04-11 06:20:41] local.INFO: Processing image {"campaign_id":"98","file_index":1,"type":"back","name":"473989200_635690472362963_7135301606100493880_n.jpg","original_name":"473989200_635690472362963_7135301606100493880_n.jpg","size":333884,"mime":"image/jpeg"} 
[2026-04-11 06:20:41] local.INFO: About to store image file {"campaign_id":"98","type":"back","filename":"campaign_98_back_1775888441_69d9e8397df79.jpg","directory":"campaigns/products","original_name":"473989200_635690472362963_7135301606100493880_n.jpg","size":333884,"mime":"image/jpeg","extension":"jpg"} 
[2026-04-11 06:20:41] local.INFO: Starting file storage {"campaign_id":"98","original_name":"473989200_635690472362963_7135301606100493880_n.jpg","size":333884,"mime":"image/jpeg","temp_path":false} 
[2026-04-11 06:20:41] local.INFO: About to store file {"campaign_id":"98","destination":"D:\\laragon\\www\\mirrormefashion\\storage\\app\\public\\campaigns\\products\\campaign_98_back_1775888441_69d9e8397f2d2.jpg","file_size":333884} 
[2026-04-11 06:20:41] local.INFO: Temp file info {"temp_path":"C:\\Windows\\Temp\\php2EEB.tmp","exists":true,"readable":true,"size":333884} 
[2026-04-11 06:20:41] local.INFO: File copied successfully {"campaign_id":"98","destination":"D:\\laragon\\www\\mirrormefashion\\storage\\app\\public\\campaigns\\products\\campaign_98_back_1775888441_69d9e8397f2d2.jpg"} 
[2026-04-11 06:20:41] local.INFO: File copied successfully {"campaign_id":"98","storage_path":"campaigns/products/campaign_98_back_1775888441_69d9e8397f2d2.jpg","full_path":"D:\\laragon\\www\\mirrormefashion\\storage\\app\\public\\campaigns\\products\\campaign_98_back_1775888441_69d9e8397f2d2.jpg","file_exists":true,"file_size":333884} 
[2026-04-11 06:20:41] local.INFO: No tech pack in request {"campaign_id":"98"} 
[2026-04-11 06:20:41] local.INFO: Merged product images {"campaign_id":"98","existing_count":0,"new_count":2,"merged_count":2} 
[2026-04-11 06:20:47] local.INFO: ParseBearerToken middleware invoked {"path":"/api/v2/campaign","method":"GET","has_auth_header":true,"auth_header_preview":"Bearer 162|htku8Nbt0t7HbUxovVT...","is_bearer":true} 
[2026-04-11 06:20:47] local.INFO: Extracted bearer token {"token_preview":"162|htku8N...","token_length":52} 
[2026-04-11 06:20:47] local.INFO: Found personal access token {"token_id":162,"user_id":68,"revoked":null} 
[2026-04-11 06:20:47] local.INFO: User authenticated via bearer token {"user_id":68,"user_email":"freelancerzahedcreator@gmail.com"} 
[2026-04-11 06:20:47] local.INFO: Returning campaigns for user {"user_id":68,"campaign_count":2,"statuses":["draft","draft"]} 
[2026-04-11 06:20:48] local.INFO: ParseBearerToken middleware invoked {"path":"/api/v2/campaign","method":"GET","has_auth_header":true,"auth_header_preview":"Bearer 162|htku8Nbt0t7HbUxovVT...","is_bearer":true} 
[2026-04-11 06:20:48] local.INFO: Extracted bearer token {"token_preview":"162|htku8N...","token_length":52} 
[2026-04-11 06:20:48] local.INFO: Found personal access token {"token_id":162,"user_id":68,"revoked":null} 
[2026-04-11 06:20:48] local.INFO: User authenticated via bearer token {"user_id":68,"user_email":"freelancerzahedcreator@gmail.com"} 
[2026-04-11 06:20:48] local.INFO: Returning campaigns for user {"user_id":68,"campaign_count":2,"statuses":["draft","draft"]} 
[2026-04-11 06:45:58] local.INFO: ParseBearerToken middleware invoked {"path":"/api/v2/campaign","method":"GET","has_auth_header":true,"auth_header_preview":"Bearer 162|htku8Nbt0t7HbUxovVT...","is_bearer":true} 
[2026-04-11 06:45:58] local.INFO: Extracted bearer token {"token_preview":"162|htku8N...","token_length":52} 
[2026-04-11 06:45:58] local.INFO: Found personal access token {"token_id":162,"user_id":68,"revoked":null} 
[2026-04-11 06:45:58] local.INFO: User authenticated via bearer token {"user_id":68,"user_email":"freelancerzahedcreator@gmail.com"} 
[2026-04-11 06:45:58] local.INFO: Returning campaigns for user {"user_id":68,"campaign_count":2,"statuses":["draft","draft"]} 
[2026-04-11 06:46:26] local.INFO: ParseBearerToken middleware invoked {"path":"/api/v2/campaign","method":"GET","has_auth_header":true,"auth_header_preview":"Bearer 162|htku8Nbt0t7HbUxovVT...","is_bearer":true} 
[2026-04-11 06:46:26] local.INFO: Extracted bearer token {"token_preview":"162|htku8N...","token_length":52} 
[2026-04-11 06:46:26] local.INFO: Found personal access token {"token_id":162,"user_id":68,"revoked":null} 
[2026-04-11 06:46:26] local.INFO: User authenticated via bearer token {"user_id":68,"user_email":"freelancerzahedcreator@gmail.com"} 
[2026-04-11 06:46:26] local.INFO: Returning campaigns for user {"user_id":68,"campaign_count":2,"statuses":["draft","draft"]} 
[2026-04-11 06:46:56] local.INFO: ParseBearerToken middleware invoked {"path":"/api/v2/campaign","method":"GET","has_auth_header":true,"auth_header_preview":"Bearer 162|htku8Nbt0t7HbUxovVT...","is_bearer":true} 
[2026-04-11 06:46:56] local.INFO: Extracted bearer token {"token_preview":"162|htku8N...","token_length":52} 
[2026-04-11 06:46:56] local.INFO: Found personal access token {"token_id":162,"user_id":68,"revoked":null} 
[2026-04-11 06:46:56] local.INFO: User authenticated via bearer token {"user_id":68,"user_email":"freelancerzahedcreator@gmail.com"} 
[2026-04-11 06:46:56] local.INFO: Returning campaigns for user {"user_id":68,"campaign_count":2,"statuses":["draft","draft"]} 
[2026-04-11 06:48:36] local.INFO: ParseBearerToken middleware invoked {"path":"/api/v2/campaign","method":"GET","has_auth_header":true,"auth_header_preview":"Bearer 160|kJdpaDrHOZ9nSgkeOYj...","is_bearer":true} 
[2026-04-11 06:48:36] local.INFO: Extracted bearer token {"token_preview":"160|kJdpaD...","token_length":52} 
[2026-04-11 06:48:36] local.INFO: Found personal access token {"token_id":160,"user_id":68,"revoked":null} 
[2026-04-11 06:48:36] local.INFO: User authenticated via bearer token {"user_id":68,"user_email":"freelancerzahedcreator@gmail.com"} 
[2026-04-11 06:48:36] local.INFO: Returning campaigns for user {"user_id":68,"campaign_count":2,"statuses":["draft","draft"]} 
[2026-04-11 06:48:37] local.INFO: ParseBearerToken middleware invoked {"path":"/api/v2/campaign","method":"GET","has_auth_header":true,"auth_header_preview":"Bearer 160|kJdpaDrHOZ9nSgkeOYj...","is_bearer":true} 
[2026-04-11 06:48:37] local.INFO: Extracted bearer token {"token_preview":"160|kJdpaD...","token_length":52} 
[2026-04-11 06:48:37] local.INFO: Found personal access token {"token_id":160,"user_id":68,"revoked":null} 
[2026-04-11 06:48:37] local.INFO: User authenticated via bearer token {"user_id":68,"user_email":"freelancerzahedcreator@gmail.com"} 
[2026-04-11 06:48:37] local.INFO: Returning campaigns for user {"user_id":68,"campaign_count":2,"statuses":["draft","draft"]} 
[2026-04-11 06:49:06] local.INFO: ParseBearerToken middleware invoked {"path":"/api/v2/campaign","method":"GET","has_auth_header":true,"auth_header_preview":"Bearer 160|kJdpaDrHOZ9nSgkeOYj...","is_bearer":true} 
[2026-04-11 06:49:06] local.INFO: Extracted bearer token {"token_preview":"160|kJdpaD...","token_length":52} 
[2026-04-11 06:49:06] local.INFO: Found personal access token {"token_id":160,"user_id":68,"revoked":null} 
[2026-04-11 06:49:06] local.INFO: User authenticated via bearer token {"user_id":68,"user_email":"freelancerzahedcreator@gmail.com"} 
[2026-04-11 06:49:06] local.INFO: Returning campaigns for user {"user_id":68,"campaign_count":2,"statuses":["draft","draft"]} 
[2026-04-11 06:49:07] local.INFO: ParseBearerToken middleware invoked {"path":"/api/v2/campaign","method":"GET","has_auth_header":true,"auth_header_preview":"Bearer 160|kJdpaDrHOZ9nSgkeOYj...","is_bearer":true} 
[2026-04-11 06:49:07] local.INFO: Extracted bearer token {"token_preview":"160|kJdpaD...","token_length":52} 
[2026-04-11 06:49:07] local.INFO: Found personal access token {"token_id":160,"user_id":68,"revoked":null} 
[2026-04-11 06:49:07] local.INFO: User authenticated via bearer token {"user_id":68,"user_email":"freelancerzahedcreator@gmail.com"} 
[2026-04-11 06:49:07] local.INFO: Returning campaigns for user {"user_id":68,"campaign_count":2,"statuses":["draft","draft"]} 
[2026-04-11 06:49:29] local.INFO: ParseBearerToken middleware invoked {"path":"/api/v2/campaign","method":"GET","has_auth_header":true,"auth_header_preview":"Bearer 160|kJdpaDrHOZ9nSgkeOYj...","is_bearer":true} 
[2026-04-11 06:49:29] local.INFO: Extracted bearer token {"token_preview":"160|kJdpaD...","token_length":52} 
[2026-04-11 06:49:29] local.INFO: Found personal access token {"token_id":160,"user_id":68,"revoked":null} 
[2026-04-11 06:49:29] local.INFO: User authenticated via bearer token {"user_id":68,"user_email":"freelancerzahedcreator@gmail.com"} 
[2026-04-11 06:49:29] local.INFO: Returning campaigns for user {"user_id":68,"campaign_count":2,"statuses":["draft","draft"]} 
[2026-04-11 06:49:59] local.INFO: ParseBearerToken middleware invoked {"path":"/api/v2/campaign","method":"GET","has_auth_header":true,"auth_header_preview":"Bearer 160|kJdpaDrHOZ9nSgkeOYj...","is_bearer":true} 
[2026-04-11 06:49:59] local.INFO: Extracted bearer token {"token_preview":"160|kJdpaD...","token_length":52} 
[2026-04-11 06:49:59] local.INFO: Found personal access token {"token_id":160,"user_id":68,"revoked":null} 
[2026-04-11 06:49:59] local.INFO: User authenticated via bearer token {"user_id":68,"user_email":"freelancerzahedcreator@gmail.com"} 
[2026-04-11 06:49:59] local.INFO: Returning campaigns for user {"user_id":68,"campaign_count":2,"statuses":["draft","draft"]} 
[2026-04-11 06:50:20] local.INFO: ParseBearerToken middleware invoked {"path":"/api/v2/campaign","method":"GET","has_auth_header":true,"auth_header_preview":"Bearer 160|kJdpaDrHOZ9nSgkeOYj...","is_bearer":true} 
[2026-04-11 06:50:20] local.INFO: Extracted bearer token {"token_preview":"160|kJdpaD...","token_length":52} 
[2026-04-11 06:50:20] local.INFO: Found personal access token {"token_id":160,"user_id":68,"revoked":null} 
[2026-04-11 06:50:20] local.INFO: User authenticated via bearer token {"user_id":68,"user_email":"freelancerzahedcreator@gmail.com"} 
[2026-04-11 06:50:20] local.INFO: Returning campaigns for user {"user_id":68,"campaign_count":2,"statuses":["draft","draft"]} 
[2026-04-11 06:50:21] local.INFO: ParseBearerToken middleware invoked {"path":"/api/v2/campaign","method":"GET","has_auth_header":true,"auth_header_preview":"Bearer 160|kJdpaDrHOZ9nSgkeOYj...","is_bearer":true} 
[2026-04-11 06:50:21] local.INFO: Extracted bearer token {"token_preview":"160|kJdpaD...","token_length":52} 
[2026-04-11 06:50:21] local.INFO: Found personal access token {"token_id":160,"user_id":68,"revoked":null} 
[2026-04-11 06:50:21] local.INFO: User authenticated via bearer token {"user_id":68,"user_email":"freelancerzahedcreator@gmail.com"} 
[2026-04-11 06:50:21] local.INFO: Returning campaigns for user {"user_id":68,"campaign_count":2,"statuses":["draft","draft"]} 
[2026-04-11 06:50:45] local.INFO: ParseBearerToken middleware invoked {"path":"/api/v2/campaign","method":"GET","has_auth_header":true,"auth_header_preview":"Bearer 162|htku8Nbt0t7HbUxovVT...","is_bearer":true} 
[2026-04-11 06:50:45] local.INFO: Extracted bearer token {"token_preview":"162|htku8N...","token_length":52} 
[2026-04-11 06:50:45] local.INFO: Found personal access token {"token_id":162,"user_id":68,"revoked":null} 
[2026-04-11 06:50:45] local.INFO: User authenticated via bearer token {"user_id":68,"user_email":"freelancerzahedcreator@gmail.com"} 
[2026-04-11 06:50:45] local.INFO: Returning campaigns for user {"user_id":68,"campaign_count":2,"statuses":["draft","draft"]} 
[2026-04-11 06:50:45] local.INFO: ParseBearerToken middleware invoked {"path":"/api/v2/campaign","method":"GET","has_auth_header":true,"auth_header_preview":"Bearer 162|htku8Nbt0t7HbUxovVT...","is_bearer":true} 
[2026-04-11 06:50:45] local.INFO: Extracted bearer token {"token_preview":"162|htku8N...","token_length":52} 
[2026-04-11 06:50:45] local.INFO: Found personal access token {"token_id":162,"user_id":68,"revoked":null} 
[2026-04-11 06:50:45] local.INFO: User authenticated via bearer token {"user_id":68,"user_email":"freelancerzahedcreator@gmail.com"} 
[2026-04-11 06:50:45] local.INFO: Returning campaigns for user {"user_id":68,"campaign_count":2,"statuses":["draft","draft"]} 
[2026-04-11 06:50:48] local.INFO: ParseBearerToken middleware invoked {"path":"/api/v2/campaign","method":"GET","has_auth_header":true,"auth_header_preview":"Bearer 162|htku8Nbt0t7HbUxovVT...","is_bearer":true} 
[2026-04-11 06:50:48] local.INFO: Extracted bearer token {"token_preview":"162|htku8N...","token_length":52} 
[2026-04-11 06:50:48] local.INFO: Found personal access token {"token_id":162,"user_id":68,"revoked":null} 
[2026-04-11 06:50:48] local.INFO: User authenticated via bearer token {"user_id":68,"user_email":"freelancerzahedcreator@gmail.com"} 
[2026-04-11 06:50:48] local.INFO: Returning campaigns for user {"user_id":68,"campaign_count":2,"statuses":["draft","draft"]} 
[2026-04-11 06:50:48] local.INFO: ParseBearerToken middleware invoked {"path":"/api/v2/campaign","method":"GET","has_auth_header":true,"auth_header_preview":"Bearer 162|htku8Nbt0t7HbUxovVT...","is_bearer":true} 
[2026-04-11 06:50:48] local.INFO: Extracted bearer token {"token_preview":"162|htku8N...","token_length":52} 
[2026-04-11 06:50:48] local.INFO: Found personal access token {"token_id":162,"user_id":68,"revoked":null} 
[2026-04-11 06:50:48] local.INFO: User authenticated via bearer token {"user_id":68,"user_email":"freelancerzahedcreator@gmail.com"} 
[2026-04-11 06:50:48] local.INFO: Returning campaigns for user {"user_id":68,"campaign_count":2,"statuses":["draft","draft"]} 
[2026-04-11 06:50:50] local.INFO: ParseBearerToken middleware invoked {"path":"/api/v2/campaign","method":"GET","has_auth_header":true,"auth_header_preview":"Bearer 160|kJdpaDrHOZ9nSgkeOYj...","is_bearer":true} 
[2026-04-11 06:50:50] local.INFO: Extracted bearer token {"token_preview":"160|kJdpaD...","token_length":52} 
[2026-04-11 06:50:50] local.INFO: Found personal access token {"token_id":160,"user_id":68,"revoked":null} 
[2026-04-11 06:50:50] local.INFO: User authenticated via bearer token {"user_id":68,"user_email":"freelancerzahedcreator@gmail.com"} 
[2026-04-11 06:50:50] local.INFO: Returning campaigns for user {"user_id":68,"campaign_count":2,"statuses":["draft","draft"]} 
[2026-04-11 06:51:17] local.INFO: ParseBearerToken middleware invoked {"path":"/api/v2/campaign","method":"GET","has_auth_header":true,"auth_header_preview":"Bearer 160|kJdpaDrHOZ9nSgkeOYj...","is_bearer":true} 
[2026-04-11 06:51:17] local.INFO: Extracted bearer token {"token_preview":"160|kJdpaD...","token_length":52} 
[2026-04-11 06:51:17] local.INFO: Found personal access token {"token_id":160,"user_id":68,"revoked":null} 
[2026-04-11 06:51:17] local.INFO: User authenticated via bearer token {"user_id":68,"user_email":"freelancerzahedcreator@gmail.com"} 
[2026-04-11 06:51:17] local.INFO: Returning campaigns for user {"user_id":68,"campaign_count":2,"statuses":["draft","draft"]} 
[2026-04-11 06:51:17] local.INFO: ParseBearerToken middleware invoked {"path":"/api/v2/campaign","method":"GET","has_auth_header":true,"auth_header_preview":"Bearer 162|htku8Nbt0t7HbUxovVT...","is_bearer":true} 
[2026-04-11 06:51:17] local.INFO: Extracted bearer token {"token_preview":"162|htku8N...","token_length":52} 
[2026-04-11 06:51:17] local.INFO: Found personal access token {"token_id":162,"user_id":68,"revoked":null} 
[2026-04-11 06:51:17] local.INFO: User authenticated via bearer token {"user_id":68,"user_email":"freelancerzahedcreator@gmail.com"} 
[2026-04-11 06:51:17] local.INFO: Returning campaigns for user {"user_id":68,"campaign_count":2,"statuses":["draft","draft"]} 
[2026-04-11 06:51:25] local.INFO: ParseBearerToken middleware invoked {"path":"/api/v2/campaign","method":"GET","has_auth_header":true,"auth_header_preview":"Bearer 160|kJdpaDrHOZ9nSgkeOYj...","is_bearer":true} 
[2026-04-11 06:51:25] local.INFO: Extracted bearer token {"token_preview":"160|kJdpaD...","token_length":52} 
[2026-04-11 06:51:25] local.INFO: Found personal access token {"token_id":160,"user_id":68,"revoked":null} 
[2026-04-11 06:51:25] local.INFO: User authenticated via bearer token {"user_id":68,"user_email":"freelancerzahedcreator@gmail.com"} 
[2026-04-11 06:51:25] local.INFO: Returning campaigns for user {"user_id":68,"campaign_count":2,"statuses":["draft","draft"]} 
[2026-04-11 06:51:25] local.INFO: ParseBearerToken middleware invoked {"path":"/api/v2/campaign","method":"GET","has_auth_header":true,"auth_header_preview":"Bearer 162|htku8Nbt0t7HbUxovVT...","is_bearer":true} 
[2026-04-11 06:51:25] local.INFO: Extracted bearer token {"token_preview":"162|htku8N...","token_length":52} 
[2026-04-11 06:51:25] local.INFO: Found personal access token {"token_id":162,"user_id":68,"revoked":null} 
[2026-04-11 06:51:25] local.INFO: User authenticated via bearer token {"user_id":68,"user_email":"freelancerzahedcreator@gmail.com"} 
[2026-04-11 06:51:25] local.INFO: Returning campaigns for user {"user_id":68,"campaign_count":2,"statuses":["draft","draft"]} 
[2026-04-11 06:52:04] local.INFO: ParseBearerToken middleware invoked {"path":"/api/v2/campaign","method":"GET","has_auth_header":true,"auth_header_preview":"Bearer 162|htku8Nbt0t7HbUxovVT...","is_bearer":true} 
[2026-04-11 06:52:04] local.INFO: Extracted bearer token {"token_preview":"162|htku8N...","token_length":52} 
[2026-04-11 06:52:04] local.INFO: Found personal access token {"token_id":162,"user_id":68,"revoked":null} 
[2026-04-11 06:52:04] local.INFO: User authenticated via bearer token {"user_id":68,"user_email":"freelancerzahedcreator@gmail.com"} 
[2026-04-11 06:52:04] local.INFO: Returning campaigns for user {"user_id":68,"campaign_count":2,"statuses":["draft","draft"]} 
[2026-04-11 06:52:05] local.INFO: ParseBearerToken middleware invoked {"path":"/api/v2/campaign","method":"GET","has_auth_header":true,"auth_header_preview":"Bearer 162|htku8Nbt0t7HbUxovVT...","is_bearer":true} 
[2026-04-11 06:52:05] local.INFO: Extracted bearer token {"token_preview":"162|htku8N...","token_length":52} 
[2026-04-11 06:52:05] local.INFO: Found personal access token {"token_id":162,"user_id":68,"revoked":null} 
[2026-04-11 06:52:05] local.INFO: User authenticated via bearer token {"user_id":68,"user_email":"freelancerzahedcreator@gmail.com"} 
[2026-04-11 06:52:05] local.INFO: Returning campaigns for user {"user_id":68,"campaign_count":2,"statuses":["draft","draft"]} 
[2026-04-11 06:52:10] local.INFO: ParseBearerToken middleware invoked {"path":"/api/v2/campaign","method":"GET","has_auth_header":true,"auth_header_preview":"Bearer 162|htku8Nbt0t7HbUxovVT...","is_bearer":true} 
[2026-04-11 06:52:10] local.INFO: Extracted bearer token {"token_preview":"162|htku8N...","token_length":52} 
[2026-04-11 06:52:10] local.INFO: Found personal access token {"token_id":162,"user_id":68,"revoked":null} 
[2026-04-11 06:52:10] local.INFO: User authenticated via bearer token {"user_id":68,"user_email":"freelancerzahedcreator@gmail.com"} 
[2026-04-11 06:52:10] local.INFO: Returning campaigns for user {"user_id":68,"campaign_count":2,"statuses":["draft","draft"]} 
[2026-04-11 06:52:11] local.INFO: ParseBearerToken middleware invoked {"path":"/api/v2/campaign","method":"GET","has_auth_header":true,"auth_header_preview":"Bearer 162|htku8Nbt0t7HbUxovVT...","is_bearer":true} 
[2026-04-11 06:52:11] local.INFO: Extracted bearer token {"token_preview":"162|htku8N...","token_length":52} 
[2026-04-11 06:52:11] local.INFO: Found personal access token {"token_id":162,"user_id":68,"revoked":null} 
[2026-04-11 06:52:11] local.INFO: User authenticated via bearer token {"user_id":68,"user_email":"freelancerzahedcreator@gmail.com"} 
[2026-04-11 06:52:11] local.INFO: Returning campaigns for user {"user_id":68,"campaign_count":2,"statuses":["draft","draft"]} 
[2026-04-11 06:52:17] local.INFO: ParseBearerToken middleware invoked {"path":"/api/v2/campaign","method":"GET","has_auth_header":true,"auth_header_preview":"Bearer 162|htku8Nbt0t7HbUxovVT...","is_bearer":true} 
[2026-04-11 06:52:17] local.INFO: Extracted bearer token {"token_preview":"162|htku8N...","token_length":52} 
[2026-04-11 06:52:17] local.INFO: Found personal access token {"token_id":162,"user_id":68,"revoked":null} 
[2026-04-11 06:52:17] local.INFO: User authenticated via bearer token {"user_id":68,"user_email":"freelancerzahedcreator@gmail.com"} 
[2026-04-11 06:52:17] local.INFO: Returning campaigns for user {"user_id":68,"campaign_count":2,"statuses":["draft","draft"]} 
[2026-04-11 06:52:17] local.INFO: ParseBearerToken middleware invoked {"path":"/api/v2/campaign","method":"GET","has_auth_header":true,"auth_header_preview":"Bearer 162|htku8Nbt0t7HbUxovVT...","is_bearer":true} 
[2026-04-11 06:52:17] local.INFO: Extracted bearer token {"token_preview":"162|htku8N...","token_length":52} 
[2026-04-11 06:52:17] local.INFO: Found personal access token {"token_id":162,"user_id":68,"revoked":null} 
[2026-04-11 06:52:17] local.INFO: User authenticated via bearer token {"user_id":68,"user_email":"freelancerzahedcreator@gmail.com"} 
[2026-04-11 06:52:17] local.INFO: Returning campaigns for user {"user_id":68,"campaign_count":2,"statuses":["draft","draft"]} 
[2026-04-11 06:55:11] local.INFO: ParseBearerToken middleware invoked {"path":"/api/v2/campaign","method":"GET","has_auth_header":true,"auth_header_preview":"Bearer 162|htku8Nbt0t7HbUxovVT...","is_bearer":true} 
[2026-04-11 06:55:11] local.INFO: Extracted bearer token {"token_preview":"162|htku8N...","token_length":52} 
[2026-04-11 06:55:11] local.INFO: Found personal access token {"token_id":162,"user_id":68,"revoked":null} 
[2026-04-11 06:55:11] local.INFO: User authenticated via bearer token {"user_id":68,"user_email":"freelancerzahedcreator@gmail.com"} 
[2026-04-11 06:55:11] local.INFO: Returning campaigns for user {"user_id":68,"campaign_count":2,"statuses":["draft","draft"]} 
[2026-04-11 06:55:12] local.INFO: ParseBearerToken middleware invoked {"path":"/api/v2/campaign","method":"GET","has_auth_header":true,"auth_header_preview":"Bearer 162|htku8Nbt0t7HbUxovVT...","is_bearer":true} 
[2026-04-11 06:55:12] local.INFO: Extracted bearer token {"token_preview":"162|htku8N...","token_length":52} 
[2026-04-11 06:55:12] local.INFO: Found personal access token {"token_id":162,"user_id":68,"revoked":null} 
[2026-04-11 06:55:12] local.INFO: User authenticated via bearer token {"user_id":68,"user_email":"freelancerzahedcreator@gmail.com"} 
[2026-04-11 06:55:12] local.INFO: Returning campaigns for user {"user_id":68,"campaign_count":2,"statuses":["draft","draft"]} 
[2026-04-11 06:55:14] local.INFO: ParseBearerToken middleware invoked {"path":"/api/v2/campaign","method":"GET","has_auth_header":true,"auth_header_preview":"Bearer 162|htku8Nbt0t7HbUxovVT...","is_bearer":true} 
[2026-04-11 06:55:14] local.INFO: Extracted bearer token {"token_preview":"162|htku8N...","token_length":52} 
[2026-04-11 06:55:14] local.INFO: Found personal access token {"token_id":162,"user_id":68,"revoked":null} 
[2026-04-11 06:55:14] local.INFO: User authenticated via bearer token {"user_id":68,"user_email":"freelancerzahedcreator@gmail.com"} 
[2026-04-11 06:55:14] local.INFO: Returning campaigns for user {"user_id":68,"campaign_count":2,"statuses":["draft","draft"]} 
[2026-04-11 06:55:14] local.INFO: ParseBearerToken middleware invoked {"path":"/api/v2/campaign","method":"GET","has_auth_header":true,"auth_header_preview":"Bearer 162|htku8Nbt0t7HbUxovVT...","is_bearer":true} 
[2026-04-11 06:55:14] local.INFO: Extracted bearer token {"token_preview":"162|htku8N...","token_length":52} 
[2026-04-11 06:55:14] local.INFO: Found personal access token {"token_id":162,"user_id":68,"revoked":null} 
[2026-04-11 06:55:14] local.INFO: User authenticated via bearer token {"user_id":68,"user_email":"freelancerzahedcreator@gmail.com"} 
[2026-04-11 06:55:14] local.INFO: Returning campaigns for user {"user_id":68,"campaign_count":2,"statuses":["draft","draft"]} 
[2026-04-11 07:01:41] local.INFO: ParseBearerToken middleware invoked {"path":"/api/v2/campaign","method":"GET","has_auth_header":true,"auth_header_preview":"Bearer 160|kJdpaDrHOZ9nSgkeOYj...","is_bearer":true} 
[2026-04-11 07:01:41] local.INFO: Extracted bearer token {"token_preview":"160|kJdpaD...","token_length":52} 
[2026-04-11 07:01:41] local.INFO: Found personal access token {"token_id":160,"user_id":68,"revoked":null} 
[2026-04-11 07:01:41] local.INFO: User authenticated via bearer token {"user_id":68,"user_email":"freelancerzahedcreator@gmail.com"} 
[2026-04-11 07:01:41] local.INFO: Returning campaigns for user {"user_id":68,"campaign_count":2,"statuses":["draft","draft"]} 
[2026-04-11 07:01:42] local.INFO: ParseBearerToken middleware invoked {"path":"/api/v2/campaign","method":"GET","has_auth_header":true,"auth_header_preview":"Bearer 160|kJdpaDrHOZ9nSgkeOYj...","is_bearer":true} 
[2026-04-11 07:01:42] local.INFO: Extracted bearer token {"token_preview":"160|kJdpaD...","token_length":52} 
[2026-04-11 07:01:42] local.INFO: Found personal access token {"token_id":160,"user_id":68,"revoked":null} 
[2026-04-11 07:01:42] local.INFO: User authenticated via bearer token {"user_id":68,"user_email":"freelancerzahedcreator@gmail.com"} 
[2026-04-11 07:01:42] local.INFO: Returning campaigns for user {"user_id":68,"campaign_count":2,"statuses":["draft","draft"]} 
[2026-04-11 07:01:50] local.INFO: ParseBearerToken middleware invoked {"path":"/api/v2/campaign","method":"GET","has_auth_header":true,"auth_header_preview":"Bearer 160|kJdpaDrHOZ9nSgkeOYj...","is_bearer":true} 
[2026-04-11 07:01:50] local.INFO: Extracted bearer token {"token_preview":"160|kJdpaD...","token_length":52} 
[2026-04-11 07:01:50] local.INFO: Found personal access token {"token_id":160,"user_id":68,"revoked":null} 
[2026-04-11 07:01:50] local.INFO: User authenticated via bearer token {"user_id":68,"user_email":"freelancerzahedcreator@gmail.com"} 
[2026-04-11 07:01:50] local.INFO: Returning campaigns for user {"user_id":68,"campaign_count":2,"statuses":["draft","draft"]} 
[2026-04-11 07:01:51] local.INFO: ParseBearerToken middleware invoked {"path":"/api/v2/campaign","method":"GET","has_auth_header":true,"auth_header_preview":"Bearer 160|kJdpaDrHOZ9nSgkeOYj...","is_bearer":true} 
[2026-04-11 07:01:51] local.INFO: Extracted bearer token {"token_preview":"160|kJdpaD...","token_length":52} 
[2026-04-11 07:01:51] local.INFO: Found personal access token {"token_id":160,"user_id":68,"revoked":null} 
[2026-04-11 07:01:51] local.INFO: User authenticated via bearer token {"user_id":68,"user_email":"freelancerzahedcreator@gmail.com"} 
[2026-04-11 07:01:51] local.INFO: Returning campaigns for user {"user_id":68,"campaign_count":2,"statuses":["draft","draft"]} 
[2026-04-11 07:06:17] local.INFO: ParseBearerToken middleware invoked {"path":"/api/v2/campaign","method":"GET","has_auth_header":true,"auth_header_preview":"Bearer 162|htku8Nbt0t7HbUxovVT...","is_bearer":true} 
[2026-04-11 07:06:17] local.INFO: Extracted bearer token {"token_preview":"162|htku8N...","token_length":52} 
[2026-04-11 07:06:17] local.INFO: Found personal access token {"token_id":162,"user_id":68,"revoked":null} 
[2026-04-11 07:06:17] local.INFO: User authenticated via bearer token {"user_id":68,"user_email":"freelancerzahedcreator@gmail.com"} 
[2026-04-11 07:06:17] local.INFO: Returning campaigns for user {"user_id":68,"campaign_count":2,"statuses":["draft","draft"]} 
[2026-04-11 07:06:17] local.INFO: ParseBearerToken middleware invoked {"path":"/api/v2/campaign","method":"GET","has_auth_header":true,"auth_header_preview":"Bearer 162|htku8Nbt0t7HbUxovVT...","is_bearer":true} 
[2026-04-11 07:06:17] local.INFO: Extracted bearer token {"token_preview":"162|htku8N...","token_length":52} 
[2026-04-11 07:06:17] local.INFO: Found personal access token {"token_id":162,"user_id":68,"revoked":null} 
[2026-04-11 07:06:17] local.INFO: User authenticated via bearer token {"user_id":68,"user_email":"freelancerzahedcreator@gmail.com"} 
[2026-04-11 07:06:17] local.INFO: Returning campaigns for user {"user_id":68,"campaign_count":2,"statuses":["draft","draft"]} 
[2026-04-11 09:03:31] local.INFO: ParseBearerToken middleware invoked {"path":"/api/v2/campaign","method":"GET","has_auth_header":true,"auth_header_preview":"Bearer 162|htku8Nbt0t7HbUxovVT...","is_bearer":true} 
[2026-04-11 09:03:31] local.INFO: Extracted bearer token {"token_preview":"162|htku8N...","token_length":52} 
[2026-04-11 09:03:31] local.INFO: Found personal access token {"token_id":162,"user_id":68,"revoked":null} 
[2026-04-11 09:03:31] local.INFO: User authenticated via bearer token {"user_id":68,"user_email":"freelancerzahedcreator@gmail.com"} 
[2026-04-11 09:03:31] local.INFO: Returning campaigns for user {"user_id":68,"campaign_count":2,"statuses":["draft","draft"]} 
[2026-04-11 09:03:31] local.INFO: ParseBearerToken middleware invoked {"path":"/api/v2/campaign","method":"GET","has_auth_header":true,"auth_header_preview":"Bearer 162|htku8Nbt0t7HbUxovVT...","is_bearer":true} 
[2026-04-11 09:03:31] local.INFO: Extracted bearer token {"token_preview":"162|htku8N...","token_length":52} 
[2026-04-11 09:03:31] local.INFO: Found personal access token {"token_id":162,"user_id":68,"revoked":null} 
[2026-04-11 09:03:31] local.INFO: User authenticated via bearer token {"user_id":68,"user_email":"freelancerzahedcreator@gmail.com"} 
[2026-04-11 09:03:31] local.INFO: Returning campaigns for user {"user_id":68,"campaign_count":2,"statuses":["draft","draft"]} 
[2026-04-11 09:03:34] local.INFO: ParseBearerToken middleware invoked {"path":"/api/v2/campaign","method":"GET","has_auth_header":true,"auth_header_preview":"Bearer 162|htku8Nbt0t7HbUxovVT...","is_bearer":true} 
[2026-04-11 09:03:34] local.INFO: Extracted bearer token {"token_preview":"162|htku8N...","token_length":52} 
[2026-04-11 09:03:34] local.INFO: Found personal access token {"token_id":162,"user_id":68,"revoked":null} 
[2026-04-11 09:03:34] local.INFO: User authenticated via bearer token {"user_id":68,"user_email":"freelancerzahedcreator@gmail.com"} 
[2026-04-11 09:03:34] local.INFO: Returning campaigns for user {"user_id":68,"campaign_count":2,"statuses":["draft","draft"]} 
[2026-04-11 09:03:34] local.INFO: ParseBearerToken middleware invoked {"path":"/api/v2/campaign","method":"GET","has_auth_header":true,"auth_header_preview":"Bearer 162|htku8Nbt0t7HbUxovVT...","is_bearer":true} 
[2026-04-11 09:03:34] local.INFO: Extracted bearer token {"token_preview":"162|htku8N...","token_length":52} 
[2026-04-11 09:03:34] local.INFO: Found personal access token {"token_id":162,"user_id":68,"revoked":null} 
[2026-04-11 09:03:34] local.INFO: User authenticated via bearer token {"user_id":68,"user_email":"freelancerzahedcreator@gmail.com"} 
[2026-04-11 09:03:34] local.INFO: Returning campaigns for user {"user_id":68,"campaign_count":2,"statuses":["draft","draft"]} 
[2026-04-11 09:03:38] local.INFO: ParseBearerToken middleware invoked {"path":"/api/v2/campaign","method":"GET","has_auth_header":true,"auth_header_preview":"Bearer 162|htku8Nbt0t7HbUxovVT...","is_bearer":true} 
[2026-04-11 09:03:38] local.INFO: Extracted bearer token {"token_preview":"162|htku8N...","token_length":52} 
[2026-04-11 09:03:38] local.INFO: Found personal access token {"token_id":162,"user_id":68,"revoked":null} 
[2026-04-11 09:03:38] local.INFO: User authenticated via bearer token {"user_id":68,"user_email":"freelancerzahedcreator@gmail.com"} 
[2026-04-11 09:03:38] local.INFO: Returning campaigns for user {"user_id":68,"campaign_count":2,"statuses":["draft","draft"]} 
[2026-04-11 09:03:39] local.INFO: ParseBearerToken middleware invoked {"path":"/api/v2/campaign","method":"GET","has_auth_header":true,"auth_header_preview":"Bearer 162|htku8Nbt0t7HbUxovVT...","is_bearer":true} 
[2026-04-11 09:03:39] local.INFO: Extracted bearer token {"token_preview":"162|htku8N...","token_length":52} 
[2026-04-11 09:03:39] local.INFO: Found personal access token {"token_id":162,"user_id":68,"revoked":null} 
[2026-04-11 09:03:39] local.INFO: User authenticated via bearer token {"user_id":68,"user_email":"freelancerzahedcreator@gmail.com"} 
[2026-04-11 09:03:39] local.INFO: Returning campaigns for user {"user_id":68,"campaign_count":2,"statuses":["draft","draft"]} 
[2026-04-11 09:04:09] local.INFO: ParseBearerToken middleware invoked {"path":"/api/v2/campaign","method":"GET","has_auth_header":true,"auth_header_preview":"Bearer 162|htku8Nbt0t7HbUxovVT...","is_bearer":true} 
[2026-04-11 09:04:09] local.INFO: Extracted bearer token {"token_preview":"162|htku8N...","token_length":52} 
[2026-04-11 09:04:09] local.INFO: Found personal access token {"token_id":162,"user_id":68,"revoked":null} 
[2026-04-11 09:04:09] local.INFO: User authenticated via bearer token {"user_id":68,"user_email":"freelancerzahedcreator@gmail.com"} 
[2026-04-11 09:04:09] local.INFO: Returning campaigns for user {"user_id":68,"campaign_count":2,"statuses":["draft","draft"]} 
[2026-04-11 09:04:39] local.INFO: ParseBearerToken middleware invoked {"path":"/api/v2/campaign","method":"GET","has_auth_header":true,"auth_header_preview":"Bearer 162|htku8Nbt0t7HbUxovVT...","is_bearer":true} 
[2026-04-11 09:04:39] local.INFO: Extracted bearer token {"token_preview":"162|htku8N...","token_length":52} 
[2026-04-11 09:04:39] local.INFO: Found personal access token {"token_id":162,"user_id":68,"revoked":null} 
[2026-04-11 09:04:39] local.INFO: User authenticated via bearer token {"user_id":68,"user_email":"freelancerzahedcreator@gmail.com"} 
[2026-04-11 09:04:39] local.INFO: Returning campaigns for user {"user_id":68,"campaign_count":2,"statuses":["draft","draft"]} 
[2026-04-11 09:05:09] local.INFO: ParseBearerToken middleware invoked {"path":"/api/v2/campaign","method":"GET","has_auth_header":true,"auth_header_preview":"Bearer 162|htku8Nbt0t7HbUxovVT...","is_bearer":true} 
[2026-04-11 09:05:09] local.INFO: Extracted bearer token {"token_preview":"162|htku8N...","token_length":52} 
[2026-04-11 09:05:09] local.INFO: Found personal access token {"token_id":162,"user_id":68,"revoked":null} 
[2026-04-11 09:05:09] local.INFO: User authenticated via bearer token {"user_id":68,"user_email":"freelancerzahedcreator@gmail.com"} 
[2026-04-11 09:05:09] local.INFO: Returning campaigns for user {"user_id":68,"campaign_count":2,"statuses":["draft","draft"]} 
